Archive member included to satisfy reference by file (symbol)

C:/mingw64/bin/../lib/gcc/x86_64-w64-mingw32/8.1.0/../../../../x86_64-w64-mingw32/lib/../lib/libws2_32.a(dozfs00195.o)
                              Common__SendCtrlCmd.cpp.obj (__imp_socket)
C:/mingw64/bin/../lib/gcc/x86_64-w64-mingw32/8.1.0/../../../../x86_64-w64-mingw32/lib/../lib/libws2_32.a(dozfs00193.o)
                              Common__SendCtrlCmd.cpp.obj (__imp_setsockopt)
C:/mingw64/bin/../lib/gcc/x86_64-w64-mingw32/8.1.0/../../../../x86_64-w64-mingw32/lib/../lib/libws2_32.a(dozfs00191.o)
                              Common__SendCtrlCmd.cpp.obj (__imp_send)
C:/mingw64/bin/../lib/gcc/x86_64-w64-mingw32/8.1.0/../../../../x86_64-w64-mingw32/lib/../lib/libws2_32.a(dozfs00190.o)
                              Common__SendCtrlCmd.cpp.obj (__imp_select)
C:/mingw64/bin/../lib/gcc/x86_64-w64-mingw32/8.1.0/../../../../x86_64-w64-mingw32/lib/../lib/libws2_32.a(dozfs00188.o)
                              Common__SendCtrlCmd.cpp.obj (__imp_recv)
C:/mingw64/bin/../lib/gcc/x86_64-w64-mingw32/8.1.0/../../../../x86_64-w64-mingw32/lib/../lib/libws2_32.a(dozfs00184.o)
                              Common__SendCtrlCmd.cpp.obj (__imp_ioctlsocket)
C:/mingw64/bin/../lib/gcc/x86_64-w64-mingw32/8.1.0/../../../../x86_64-w64-mingw32/lib/../lib/libws2_32.a(dozfs00166.o)
                              Common__SendCtrlCmd.cpp.obj (__imp_getaddrinfo)
C:/mingw64/bin/../lib/gcc/x86_64-w64-mingw32/8.1.0/../../../../x86_64-w64-mingw32/lib/../lib/libws2_32.a(dozfs00165.o)
                              Common__SendCtrlCmd.cpp.obj (__imp_freeaddrinfo)
C:/mingw64/bin/../lib/gcc/x86_64-w64-mingw32/8.1.0/../../../../x86_64-w64-mingw32/lib/../lib/libws2_32.a(dozfs00164.o)
                              Common__SendCtrlCmd.cpp.obj (__imp_connect)
C:/mingw64/bin/../lib/gcc/x86_64-w64-mingw32/8.1.0/../../../../x86_64-w64-mingw32/lib/../lib/libws2_32.a(dozfs00163.o)
                              Common__SendCtrlCmd.cpp.obj (__imp_closesocket)
C:/mingw64/bin/../lib/gcc/x86_64-w64-mingw32/8.1.0/../../../../x86_64-w64-mingw32/lib/../lib/libws2_32.a(dozfs00088.o)
                              Common__SendCtrlCmd.cpp.obj (__imp_WSAStartup)
C:/mingw64/bin/../lib/gcc/x86_64-w64-mingw32/8.1.0/../../../../x86_64-w64-mingw32/lib/../lib/libws2_32.a(dozfs00047.o)
                              Common__SendCtrlCmd.cpp.obj (__imp_WSAGetLastError)
C:/mingw64/bin/../lib/gcc/x86_64-w64-mingw32/8.1.0/../../../../x86_64-w64-mingw32/lib/../lib/libws2_32.a(dozfs00030.o)
                              Common__SendCtrlCmd.cpp.obj (__imp_WSACleanup)
C:/mingw64/bin/../lib/gcc/x86_64-w64-mingw32/8.1.0/../../../../x86_64-w64-mingw32/lib/../lib/libws2_32.a(dozfh.o)
                              C:/mingw64/bin/../lib/gcc/x86_64-w64-mingw32/8.1.0/../../../../x86_64-w64-mingw32/lib/../lib/libws2_32.a(dozfs00195.o) (_head_lib64_libws2_32_a)
C:/mingw64/bin/../lib/gcc/x86_64-w64-mingw32/8.1.0/../../../../x86_64-w64-mingw32/lib/../lib/libws2_32.a(dozft.o)
                              C:/mingw64/bin/../lib/gcc/x86_64-w64-mingw32/8.1.0/../../../../x86_64-w64-mingw32/lib/../lib/libws2_32.a(dozfh.o) (__lib64_libws2_32_a_iname)
C:/mingw64/bin/../lib/gcc/x86_64-w64-mingw32/8.1.0\libstdc++.a(class_type_info.o)
                              Common__CtrlCmdUtil.cpp.obj (vtable for __cxxabiv1::__class_type_info)
C:/mingw64/bin/../lib/gcc/x86_64-w64-mingw32/8.1.0\libstdc++.a(del_op.o)
                              Common__CtrlCmdUtil.cpp.obj (operator delete(void*))
C:/mingw64/bin/../lib/gcc/x86_64-w64-mingw32/8.1.0\libstdc++.a(del_ops.o)
                              Common__PipeServer.cpp.obj (operator delete(void*, unsigned long long))
C:/mingw64/bin/../lib/gcc/x86_64-w64-mingw32/8.1.0\libstdc++.a(eh_alloc.o)
                              Common__CtrlCmdUtil.cpp.obj (__cxa_free_exception)
C:/mingw64/bin/../lib/gcc/x86_64-w64-mingw32/8.1.0\libstdc++.a(eh_catch.o)
                              Common__CtrlCmdUtil.cpp.obj (__cxa_begin_catch)
C:/mingw64/bin/../lib/gcc/x86_64-w64-mingw32/8.1.0\libstdc++.a(eh_exception.o)
                              C:/mingw64/bin/../lib/gcc/x86_64-w64-mingw32/8.1.0\libstdc++.a(eh_alloc.o) (std::exception::~exception())
C:/mingw64/bin/../lib/gcc/x86_64-w64-mingw32/8.1.0\libstdc++.a(eh_globals.o)
                              C:/mingw64/bin/../lib/gcc/x86_64-w64-mingw32/8.1.0\libstdc++.a(eh_catch.o) (__cxa_get_globals)
C:/mingw64/bin/../lib/gcc/x86_64-w64-mingw32/8.1.0\libstdc++.a(eh_personality.o)
                              C:/mingw64/bin/../lib/gcc/x86_64-w64-mingw32/8.1.0\libstdc++.a(eh_alloc.o) (__cxa_call_unexpected)
C:/mingw64/bin/../lib/gcc/x86_64-w64-mingw32/8.1.0\libstdc++.a(eh_terminate.o)
                              C:/mingw64/bin/../lib/gcc/x86_64-w64-mingw32/8.1.0\libstdc++.a(eh_personality.o) (__cxxabiv1::__terminate(void (*)()))
C:/mingw64/bin/../lib/gcc/x86_64-w64-mingw32/8.1.0\libstdc++.a(eh_term_handler.o)
[...]
Memory Configuration

Name             Origin             Length             Attributes
*default*        0x0000000000000000 0xffffffffffffffff

Linker script and memory map

                0x0000000068f40000                __image_base__ = 0x68f40000
                0x0000000000000000                __dll__ = 0x0
                0x0000000068f40000                __ImageBase = 0x68f40000
                0x0000000000001000                __section_alignment__ = 0x1000
                0x0000000000000200                __file_alignment__ = 0x200
                0x0000000000000004                __major_os_version__ = 0x4
                0x0000000000000000                __minor_os_version__ = 0x0
                0x0000000000000000                __major_image_version__ = 0x0
                0x0000000000000000                __minor_image_version__ = 0x0
                0x0000000000000005                __major_subsystem_version__ = 0x5
                0x0000000000000002                __minor_subsystem_version__ = 0x2
                0x0000000000000003                __subsystem__ = 0x3
                0x0000000000200000                __size_of_stack_reserve__ = 0x200000
                0x0000000000001000                __size_of_stack_commit__ = 0x1000
                0x0000000000100000                __size_of_heap_reserve__ = 0x100000
                0x0000000000001000                __size_of_heap_commit__ = 0x1000
                0x0000000000000000                __loader_flags__ = 0x0
                0x0000000000000140                __dll_characteristics__ = 0x140
LOAD C:/mingw64/bin/../lib/gcc/x86_64-w64-mingw32/8.1.0/../../../../x86_64-w64-mingw32/lib/../lib/dllcrt2.o
LOAD C:/mingw64/bin/../lib/gcc/x86_64-w64-mingw32/8.1.0/crtbegin.o
LOAD Common__CtrlCmdUtil.cpp.obj
LOAD Common__PathUtil.cpp.obj
LOAD Common__PipeServer.cpp.obj
LOAD Common__SendCtrlCmd.cpp.obj
LOAD Common__StringUtil.cpp.obj
LOAD EpgTimerPlugIn.cpp.obj
LOAD stdafx.cpp.obj
LOAD StreamCtrlDlg.cpp.obj
LOAD EpgTimerPlugIn.rc.obj
LOAD C:/mingw64/bin/../lib/gcc/x86_64-w64-mingw32/8.1.0/../../../../x86_64-w64-mingw32/lib/../lib/libws2_32.a
LOAD C:/mingw64/bin/../lib/gcc/x86_64-w64-mingw32/8.1.0\libstdc++.a
LOAD C:/mingw64/bin/../lib/gcc/x86_64-w64-mingw32/8.1.0/../../../../x86_64-w64-mingw32/lib/../lib/libmingw32.a
LOAD C:/mingw64/bin/../lib/gcc/x86_64-w64-mingw32/8.1.0/libgcc.a
LOAD C:/mingw64/bin/../lib/gcc/x86_64-w64-mingw32/8.1.0/libgcc_eh.a
LOAD C:/mingw64/bin/../lib/gcc/x86_64-w64-mingw32/8.1.0/../../../../x86_64-w64-mingw32/lib/../lib/libmoldname.a
LOAD C:/mingw64/bin/../lib/gcc/x86_64-w64-mingw32/8.1.0/../../../../x86_64-w64-mingw32/lib/../lib/libmingwex.a
LOAD C:/mingw64/bin/../lib/gcc/x86_64-w64-mingw32/8.1.0/../../../../x86_64-w64-mingw32/lib/../lib/libmsvcrt.a
LOAD C:/mingw64/bin/../lib/gcc/x86_64-w64-mingw32/8.1.0/../../../../x86_64-w64-mingw32/lib/../lib/libadvapi32.a
LOAD C:/mingw64/bin/../lib/gcc/x86_64-w64-mingw32/8.1.0/../../../../x86_64-w64-mingw32/lib/../lib/libshell32.a
LOAD C:/mingw64/bin/../lib/gcc/x86_64-w64-mingw32/8.1.0/../../../../x86_64-w64-mingw32/lib/../lib/libuser32.a
LOAD C:/mingw64/bin/../lib/gcc/x86_64-w64-mingw32/8.1.0/../../../../x86_64-w64-mingw32/lib/../lib/libkernel32.a
LOAD C:/mingw64/bin/../lib/gcc/x86_64-w64-mingw32/8.1.0/../../../../x86_64-w64-mingw32/lib/../lib/libiconv.a
LOAD C:/mingw64/bin/../lib/gcc/x86_64-w64-mingw32/8.1.0/../../../../x86_64-w64-mingw32/lib/../lib/libmingw32.a
LOAD C:/mingw64/bin/../lib/gcc/x86_64-w64-mingw32/8.1.0/libgcc.a
LOAD C:/mingw64/bin/../lib/gcc/x86_64-w64-mingw32/8.1.0/libgcc_eh.a
LOAD C:/mingw64/bin/../lib/gcc/x86_64-w64-mingw32/8.1.0/../../../../x86_64-w64-mingw32/lib/../lib/libmoldname.a
LOAD C:/mingw64/bin/../lib/gcc/x86_64-w64-mingw32/8.1.0/../../../../x86_64-w64-mingw32/lib/../lib/libmingwex.a
LOAD C:/mingw64/bin/../lib/gcc/x86_64-w64-mingw32/8.1.0/../../../../x86_64-w64-mingw32/lib/../lib/libmsvcrt.a
LOAD C:/mingw64/bin/../lib/gcc/x86_64-w64-mingw32/8.1.0/crtend.o
                0x0000000000000368                . = SIZEOF_HEADERS
                0x0000000000001000                . = ALIGN (__section_alignment__)

.text           0x0000000068f41000    0x24000
 *(.init)
 *(.text)
 .text          0x0000000068f41000      0x390 C:/mingw64/bin/../lib/gcc/x86_64-w64-mingw32/8.1.0/../../../../x86_64-w64-mingw32/lib/../lib/dllcrt2.o
                0x0000000068f41010                _CRT_INIT
                0x0000000068f41330                DllMainCRTStartup
                0x0000000068f41380                atexit
 .text          0x0000000068f41390       0x20 C:/mingw64/bin/../lib/gcc/x86_64-w64-mingw32/8.1.0/crtbegin.o
                0x0000000068f41390                __gcc_register_frame
                0x0000000068f413a0                __gcc_deregister_frame
 .text          0x0000000068f413b0     0x5050 Common__CtrlCmdUtil.cpp.obj
                0x0000000068f41503                CtrlCmdUtilImpl_::ReadStructIntro(unsigned char const**, unsigned char const**)
                0x0000000068f4155f                CtrlCmdUtilImpl_::ReadVectorIntro(unsigned char const**, unsigned char const**, unsigned long*)
                0x0000000068f415cf                CtrlCmdUtilImpl_::WriteVALUE(unsigned short, unsigned char*, unsigned long, std::__cxx11::basic_string<wchar_t, std::char_traits<wchar_t>, std::allocator<wchar_t> > const&, bool)
                0x0000000068f41611                CtrlCmdUtilImpl_::WriteVALUE(unsigned short, unsigned char*, unsigned long, FILE_DATA const&)
                0x0000000068f41696                CtrlCmdUtilImpl_::WriteVALUE(unsigned short, unsigned char*, unsigned long, EPGDB_SERVICE_INFO const&)
                0x0000000068f41760                CtrlCmdUtilImpl_::WriteVALUE(unsigned short, unsigned char*, unsigned long, EPGDB_SHORT_EVENT_INFO const&)
                0x0000000068f417ad                CtrlCmdUtilImpl_::WriteVALUE(unsigned short, unsigned char*, unsigned long, EPGDB_EXTENDED_EVENT_INFO const&)
                0x0000000068f417dc                CtrlCmdUtilImpl_::WriteVALUE(unsigned short, unsigned char*, unsigned long, EPG_CONTENT const&)
                0x0000000068f4181d                CtrlCmdUtilImpl_::ReadVALUE(unsigned short, unsigned char const**, unsigned char const*, EPG_CONTENT*)
                0x0000000068f4188c                CtrlCmdUtilImpl_::WriteVALUE(unsigned short, unsigned char*, unsigned long, EPGDB_COMPONENT_INFO const&)
                0x0000000068f418e4                CtrlCmdUtilImpl_::WriteVALUE(unsigned short, unsigned char*, unsigned long, EPGDB_AUDIO_COMPONENT_INFO_DATA const&)
                0x0000000068f4197e                CtrlCmdUtilImpl_::WriteVALUE(unsigned short, unsigned char*, unsigned long, EPGDB_AUDIO_COMPONENT_INFO const&)
                0x0000000068f41a29                CtrlCmdUtilImpl_::WriteVALUE(unsigned short, unsigned char*, unsigned long, EPG_EVENT_DATA const&)
                0x0000000068f41a72                CtrlCmdUtilImpl_::ReadVALUE(unsigned short, unsigned char const**, unsigned char const*, EPG_EVENT_DATA*)
                0x0000000068f41aeb                CtrlCmdUtilImpl_::WriteVALUE(unsigned short, unsigned char*, unsigned long, EPGDB_EVENTGROUP_INFO const&, unsigned char)
                0x0000000068f41b80                CtrlCmdUtilImpl_::WriteVALUE(unsigned short, unsigned char*, unsigned long, EPGDB_SEARCH_DATE_INFO const&)
                0x0000000068f41bdf                CtrlCmdUtilImpl_::ReadVALUE(unsigned short, unsigned char const**, unsigned char const*, EPGDB_SEARCH_DATE_INFO*)
                0x0000000068f41c84                CtrlCmdUtilImpl_::WriteVALUE(unsigned short, unsigned char*, unsigned long, SET_CH_INFO const&)
                0x0000000068f41cea                CtrlCmdUtilImpl_::ReadVALUE(unsigned short, unsigned char const**, unsigned char const*, SET_CH_INFO*)
                0x0000000068f41d9c                CtrlCmdUtilImpl_::WriteVALUE(unsigned short, unsigned char*, unsigned long, SET_CTRL_MODE const&)
                0x0000000068f41de9                CtrlCmdUtilImpl_::ReadVALUE(unsigned short, unsigned char const**, unsigned char const*, SET_CTRL_MODE*)
                0x0000000068f41e82                CtrlCmdUtilImpl_::WriteVALUE(unsigned short, unsigned char*, unsigned long, REC_FILE_SET_INFO const&)
                0x0000000068f41efb                CtrlCmdUtilImpl_::WriteVALUE(unsigned short, unsigned char*, unsigned long, SET_CTRL_REC_STOP_PARAM const&)
                0x0000000068f41f26                CtrlCmdUtilImpl_::ReadVALUE(unsigned short, unsigned char const**, unsigned char const*, SET_CTRL_REC_STOP_PARAM*)
                0x0000000068f41f7b                CtrlCmdUtilImpl_::WriteVALUE(unsigned short, unsigned char*, unsigned long, SET_CTRL_REC_STOP_RES_PARAM const&)
                0x0000000068f41fdb                CtrlCmdUtilImpl_::WriteVALUE(unsigned short, unsigned char*, unsigned long, SEARCH_EPG_INFO_PARAM const&)
                0x0000000068f4202f                CtrlCmdUtilImpl_::ReadVALUE(unsigned short, unsigned char const**, unsigned char const*, SEARCH_EPG_INFO_PARAM*)
                0x0000000068f420bd                CtrlCmdUtilImpl_::WriteVALUE(unsigned short, unsigned char*, unsigned long, GET_EPG_PF_INFO_PARAM const&)
                0x0000000068f42104                CtrlCmdUtilImpl_::ReadVALUE(unsigned short, unsigned char const**, unsigned char const*, GET_EPG_PF_INFO_PARAM*)
                0x0000000068f42180                CtrlCmdUtilImpl_::WriteVALUE(unsigned short, unsigned char*, unsigned long, TUNER_RESERVE_INFO const&)
                0x0000000068f42222                CtrlCmdUtilImpl_::WriteVALUE(unsigned short, unsigned char*, unsigned long, TVTEST_CH_CHG_INFO const&)
                0x0000000068f42274                CtrlCmdUtilImpl_::WriteVALUE(unsigned short, unsigned char*, unsigned long, NWPLAY_PLAY_INFO const&)
                0x0000000068f422cb                CtrlCmdUtilImpl_::ReadVALUE(unsigned short, unsigned char const**, unsigned char const*, NWPLAY_PLAY_INFO*)
                0x0000000068f42373                CtrlCmdUtilImpl_::WriteVALUE(unsigned short, unsigned char*, unsigned long, NWPLAY_POS_CMD const&)
                0x0000000068f423ab                CtrlCmdUtilImpl_::ReadVALUE(unsigned short, unsigned char const**, unsigned char const*, NWPLAY_POS_CMD*)
                0x0000000068f42426                CtrlCmdUtilImpl_::WriteVALUE(unsigned short, unsigned char*, unsigned long, NWPLAY_TIMESHIFT_INFO const&)
                0x0000000068f42468                CtrlCmdUtilImpl_::WriteVALUE(unsigned short, unsigned char*, unsigned long, NOTIFY_SRV_INFO const&)
                0x0000000068f42504                CCmdStream::SetParam(unsigned long)
                0x0000000068f4252a                CCmdStream::Resize(unsigned long)
                0x0000000068f4267a                CtrlCmdUtilImpl_::WriteVALUE(unsigned short, unsigned char*, unsigned long, EPGDB_CONTEN_INFO const&)
                0x0000000068f426a4                CtrlCmdUtilImpl_::WriteVALUE(unsigned short, unsigned char*, unsigned long, EPGDB_EVENT_INFO const&)
                0x0000000068f428cc                CtrlCmdUtilImpl_::WriteVALUE(unsigned short, unsigned char*, unsigned long, EPGDB_SERVICE_EVENT_INFO const&)
                0x0000000068f4299c                CtrlCmdUtilImpl_::WriteVALUE(unsigned short, unsigned char*, unsigned long, EPGDB_SERVICE_EVENT_INFO_PTR const&)
                0x0000000068f42a8d                CtrlCmdUtilImpl_::WriteVALUE(unsigned short, unsigned char*, unsigned long, EPGDB_SEARCH_KEY_INFO const&)
                0x0000000068f42c8c                CtrlCmdUtilImpl_::ReadVALUE(unsigned short, unsigned char const**, unsigned char const*, EPGDB_EVENTGROUP_INFO*, unsigned char*)
                0x0000000068f42cee                CtrlCmdUtilImpl_::WriteVALUE(unsigned short, unsigned char*, unsigned long, REC_SETTING_DATA const&)
                0x0000000068f42df6                CtrlCmdUtilImpl_::WriteVALUE(unsigned short, unsigned char*, unsigned long, EPG_AUTO_ADD_DATA const&)
                0x0000000068f42e7f                CtrlCmdUtilImpl_::WriteVALUE(unsigned short, unsigned char*, unsigned long, MANUAL_AUTO_ADD_DATA const&)
                0x0000000068f42f3f                CtrlCmdUtilImpl_::WriteVALUE(unsigned short, unsigned char*, unsigned long, SET_CTRL_REC_PARAM const&)
                0x0000000068f4302c                CtrlCmdUtilImpl_::WriteVALUE(unsigned short, unsigned char*, unsigned long, RESERVE_DATA const&)
                0x0000000068f43279                CtrlCmdUtilImpl_::WriteVALUE(unsigned short, unsigned char*, unsigned long, REC_FILE_INFO const&)
                0x0000000068f43569                DeprecatedNewWriteVALUE(RESERVE_DATA const&, CCmdStream&, unsigned char*)
                0x0000000068f437a3                DeprecatedNewWriteVALUE(EPGDB_EVENT_INFO const&, CCmdStream&, unsigned char*)
                0x0000000068f43c26                CtrlCmdUtilImpl_::ReadVALUE(unsigned short, unsigned char const**, unsigned char const*, std::__cxx11::basic_string<wchar_t, std::char_traits<wchar_t>, std::allocator<wchar_t> >*, bool)
                0x0000000068f43dd1                CtrlCmdUtilImpl_::ReadVALUE(unsigned short, unsigned char const**, unsigned char const*, EPGDB_SERVICE_INFO*)
                0x0000000068f43f18                CtrlCmdUtilImpl_::ReadVALUE(unsigned short, unsigned char const**, unsigned char const*, EPGDB_SHORT_EVENT_INFO*)
                0x0000000068f43f8d                CtrlCmdUtilImpl_::ReadVALUE(unsigned short, unsigned char const**, unsigned char const*, EPGDB_EXTENDED_EVENT_INFO*)
                0x0000000068f43fdf                CtrlCmdUtilImpl_::ReadVALUE(unsigned short, unsigned char const**, unsigned char const*, EPGDB_COMPONENT_INFO*)
                0x0000000068f44071                CtrlCmdUtilImpl_::ReadVALUE(unsigned short, unsigned char const**, unsigned char const*, EPGDB_AUDIO_COMPONENT_INFO_DATA*)
                0x0000000068f44190                CtrlCmdUtilImpl_::ReadVALUE(unsigned short, unsigned char const**, unsigned char const*, REC_FILE_SET_INFO*)
                0x0000000068f44243                CtrlCmdUtilImpl_::ReadVALUE(unsigned short, unsigned char const**, unsigned char const*, SET_CTRL_REC_STOP_RES_PARAM*)
                0x0000000068f442e4                CtrlCmdUtilImpl_::ReadVALUE(unsigned short, unsigned char const**, unsigned char const*, REC_FILE_INFO*)
                0x0000000068f445d6                CtrlCmdUtilImpl_::ReadVALUE(unsigned short, unsigned char const**, unsigned char const*, TVTEST_STREAMING_INFO*)
                0x0000000068f446b9                CtrlCmdUtilImpl_::ReadVALUE(unsigned short, unsigned char const**, unsigned char const*, NOTIFY_SRV_INFO*)
                0x0000000068f44849                DeprecatedReadVALUE(RESERVE_DATA*, unsigned char const*, unsigned long)
                0x0000000068f44cae                CtrlCmdUtilImpl_::ReadVALUE(unsigned short, unsigned char const**, unsigned char const*, EPGDB_AUDIO_COMPONENT_INFO*)
                0x0000000068f44cf8                CtrlCmdUtilImpl_::ReadVALUE(unsigned short, unsigned char const**, unsigned char const*, REC_SETTING_DATA*)
                0x0000000068f44ed9                CtrlCmdUtilImpl_::ReadVALUE(unsigned short, unsigned char const**, unsigned char const*, MANUAL_AUTO_ADD_DATA*)
                0x0000000068f45004                CtrlCmdUtilImpl_::ReadVALUE(unsigned short, unsigned char const**, unsigned char const*, RESERVE_DATA*)
                0x0000000068f452ad                CtrlCmdUtilImpl_::ReadVALUE(unsigned short, unsigned char const**, unsigned char const*, SET_CTRL_REC_PARAM*)
                0x0000000068f453dd                CtrlCmdUtilImpl_::ReadVALUE(unsigned short, unsigned char const**, unsigned char const*, EPGDB_CONTEN_INFO*)
                0x0000000068f45427                CtrlCmdUtilImpl_::ReadVALUE(unsigned short, unsigned char const**, unsigned char const*, EPGDB_EVENT_INFO*)
                0x0000000068f45834                CtrlCmdUtilImpl_::ReadVALUE(unsigned short, unsigned char const**, unsigned char const*, EPGDB_SERVICE_EVENT_INFO*)
                0x0000000068f4589c                CtrlCmdUtilImpl_::ReadVALUE(unsigned short, unsigned char const**, unsigned char const*, EPGDB_SEARCH_KEY_INFO*)
                0x0000000068f45c22                CtrlCmdUtilImpl_::ReadVALUE(unsigned short, unsigned char const**, unsigned char const*, EPG_AUTO_ADD_DATA*)
                0x0000000068f45cbf                CtrlCmdUtilImpl_::ReadVALUE(unsigned short, unsigned char const**, unsigned char const*, SEARCH_PG_PARAM*)
                0x0000000068f45d41                DeprecatedReadVALUE(EPG_AUTO_ADD_DATA*, unsigned char const*, unsigned long)
 .text          0x0000000068f46400     0x1a00 Common__PathUtil.cpp.obj
                0x0000000068f46452                filesystem_::path::first_element(std::__cxx11::basic_string<wchar_t, std::char_traits<wchar_t>, std::allocator<wchar_t> > const&, unsigned long long&, unsigned long long&)
                0x0000000068f46539                UtilOpenFile(std::__cxx11::basic_string<wchar_t, std::char_traits<wchar_t>, std::allocator<wchar_t> > const&, int)
                0x0000000068f4668a                UtilComparePath(wchar_t const*, wchar_t const*)
                0x0000000068f4668f                UtilPathEndsWith(wchar_t const*, wchar_t const*)
                0x0000000068f466d4                TouchFileAsUnicode(filesystem_::path const&)
                0x0000000068f46722                UtilFileExists(filesystem_::path const&, bool*)
                0x0000000068f46768                UtilCreateDirectory(filesystem_::path const&)
                0x0000000068f46782                filesystem_::path::filename_pos(std::__cxx11::basic_string<wchar_t, std::char_traits<wchar_t>, std::allocator<wchar_t> > const&)
                0x0000000068f46898                filesystem_::path::is_root_separator(std::__cxx11::basic_string<wchar_t, std::char_traits<wchar_t>, std::allocator<wchar_t> > const&, unsigned long long)
                0x0000000068f4693c                filesystem_::path::root_directory_start(std::__cxx11::basic_string<wchar_t, std::char_traits<wchar_t>, std::allocator<wchar_t> > const&, unsigned long long)
                0x0000000068f46a7c                filesystem_::path::m_parent_path_end() const
                0x0000000068f46b0a                WritePrivateProfileInt(wchar_t const*, wchar_t const*, int, wchar_t const*)
                0x0000000068f46b52                filesystem_::path::m_erase_redundant_separator(unsigned long long)
                0x0000000068f46b82                filesystem_::path::remove_filename()
                0x0000000068f46bad                CheckFileName(std::__cxx11::basic_string<wchar_t, std::char_traits<wchar_t>, std::allocator<wchar_t> >&, bool)
                0x0000000068f46d2a                filesystem_::path::filename() const
                0x0000000068f46d94                filesystem_::path::stem() const
                0x0000000068f46e0a                filesystem_::path::root_name() const
                0x0000000068f46ef0                filesystem_::path::root_directory() const
                0x0000000068f46f84                GetModulePath(HINSTANCE__*)
                0x0000000068f4706e                filesystem_::path::parent_path() const
                0x0000000068f47101                UtilCreateDirectories(filesystem_::path const&)
                0x0000000068f471b5                UtilGetStorageID[abi:cxx11](filesystem_::path const&)
                0x0000000068f47227                UtilGetStorageFreeBytes(filesystem_::path const&)
                0x0000000068f47287                GetPrivateProfileToString[abi:cxx11](wchar_t const*, wchar_t const*, wchar_t const*, wchar_t const*)
                0x0000000068f47532                filesystem_::path::m_append_separator_if_needed()
                0x0000000068f47580                filesystem_::path::append(wchar_t const*)
                0x0000000068f475be                filesystem_::path::replace_extension(filesystem_::path const&)
                0x0000000068f476ac                GetModuleIniPath(HINSTANCE__*)
                0x0000000068f47776                filesystem_::path::append(std::__cxx11::basic_string<wchar_t, std::char_traits<wchar_t>, std::allocator<wchar_t> > const&)
                0x0000000068f477b7                GetCommonIniPath()
                0x0000000068f4783e                GetDefSettingPath()
                0x0000000068f478c3                GetSettingPath()
                0x0000000068f47990                GetRecFolderPath(int)
                0x0000000068f47cd5                EnumFindFile(filesystem_::path const&, std::function<bool (UTIL_FIND_DATA&)> const&)
 .text          0x0000000068f47e00      0xc70 Common__PipeServer.cpp.obj
                0x0000000068f47e24                CPipeServer::ServerThread(CPipeServer*)
                0x0000000068f4825a                CPipeServer::CPipeServer()
                0x0000000068f4825a                CPipeServer::CPipeServer()
                0x0000000068f48314                CPipeServer::StopServer(bool)
                0x0000000068f48422                CPipeServer::~CPipeServer()
                0x0000000068f48422                CPipeServer::~CPipeServer()
                0x0000000068f48454                CPipeServer::GrantAccessToKernelObject(void*, wchar_t*, bool, unsigned long)
                0x0000000068f48560                CPipeServer::GrantServerAccessToKernelObject(void*, unsigned long)
                0x0000000068f48596                CPipeServer::StartServer(std::__cxx11::basic_string<wchar_t, std::char_traits<wchar_t>, std::allocator<wchar_t> > const&, std::function<void (CCmdStream&, CCmdStream&)> const&, bool, bool)
 .text          0x0000000068f48a70      0x950 Common__SendCtrlCmd.cpp.obj
                0x0000000068f48aec                CSendCtrlCmd::SetSendMode(int)
                0x0000000068f48b22                CSendCtrlCmd::SetPipeSetting(wchar_t const*, unsigned long)
                0x0000000068f48b38                CSendCtrlCmd::SetConnectTimeOut(unsigned long)
                0x0000000068f48e7e                CSendCtrlCmd::~CSendCtrlCmd()
                0x0000000068f48e7e                CSendCtrlCmd::~CSendCtrlCmd()
                0x0000000068f48ea4                CSendCtrlCmd::SetNWSetting(std::__cxx11::basic_string<wchar_t, std::char_traits<wchar_t>, std::allocator<wchar_t> > const&, unsigned long)
                0x0000000068f48f38                CSendCtrlCmd::SetPipeSetting(wchar_t const*)
                0x0000000068f48f42                CSendCtrlCmd::CSendCtrlCmd()
                0x0000000068f48f42                CSendCtrlCmd::CSendCtrlCmd()
                0x0000000068f48fd6                CSendCtrlCmd::PipeExists()
                0x0000000068f49088                CSendCtrlCmd::SendCmdStream(CCmdStream const&, CCmdStream*)
 .text          0x0000000068f493c0      0x9d0 Common__StringUtil.cpp.obj
                0x0000000068f49420                CompareNoCase(char const*, char const*)
                0x0000000068f4946a                CompareNoCase(wchar_t const*, wchar_t const*)
                0x0000000068f494b8                AtoW(char const*, unsigned long long, std::vector<wchar_t, std::allocator<wchar_t> >&, UTIL_CONV_CODE)
                0x0000000068f49775                WtoA(wchar_t const*, unsigned long long, std::vector<char, std::allocator<char> >&, UTIL_CONV_CODE)
                0x0000000068f499b7                Format(std::__cxx11::basic_string<wchar_t, std::char_traits<wchar_t>, std::allocator<wchar_t> >&, wchar_t const*, ...)
                0x0000000068f49abe                AtoW(std::__cxx11::basic_string<char, std::char_traits<char>, std::allocator<char> > const&, std::__cxx11::basic_string<wchar_t, std::char_traits<wchar_t>, std::allocator<wchar_t> >&, UTIL_CONV_CODE)
                0x0000000068f49b41                Separate(std::__cxx11::basic_string<wchar_t, std::char_traits<wchar_t>, std::allocator<wchar_t> > const&, wchar_t const*, std::__cxx11::basic_string<wchar_t, std::char_traits<wchar_t>, std::allocator<wchar_t> >&, std::__cxx11::basic_string<wchar_t, std::char_traits<wchar_t>, std::allocator<wchar_t> >&)
                0x0000000068f49c3c                Replace(std::__cxx11::basic_string<wchar_t, std::char_traits<wchar_t>, std::allocator<wchar_t> >&, std::__cxx11::basic_string<wchar_t, std::char_traits<wchar_t>, std::allocator<wchar_t> > const&, std::__cxx11::basic_string<wchar_t, std::char_traits<wchar_t>, std::allocator<wchar_t> > const&)
                0x0000000068f49d0d                WtoA(std::__cxx11::basic_string<wchar_t, std::char_traits<wchar_t>, std::allocator<wchar_t> > const&, std::__cxx11::basic_string<char, std::char_traits<char>, std::allocator<char> >&, UTIL_CONV_CODE)
 .text          0x0000000068f49d90     0x11a0 EpgTimerPlugIn.cpp.obj
                0x0000000068f49d90                CEpgTimerPlugIn::GetPluginInfo(TVTest::PluginInfo*)
                0x0000000068f49de6                CEpgTimerPlugIn::Initialize()
                0x0000000068f49f2a                TVTGetVersion
                0x0000000068f49f38                TVTGetPluginInfo
                0x0000000068f49f54                TVTInitialize
                0x0000000068f49f9b                TVTFinalize
                0x0000000068f49fd6                CEpgTimerPlugIn::ResetStreamingCtrlView()
                0x0000000068f4a1b6                CEpgTimerPlugIn::WindowMsgeCallback(HWND__*, unsigned int, unsigned long long, long long, long long*, void*)
                0x0000000068f4a2ba                CEpgTimerPlugIn::EnablePlugin(int)
                0x0000000068f4a492                CEpgTimerPlugIn::Finalize()
                0x0000000068f4a514                CEpgTimerPlugIn::EventCallback(unsigned int, long long, long long, void*)
                0x0000000068f4a59e                CEpgTimerPlugIn::CEpgTimerPlugIn()
                0x0000000068f4a59e                CEpgTimerPlugIn::CEpgTimerPlugIn()
                0x0000000068f4a6e6                CreatePluginClass()
                0x0000000068f4a724                DllMain
                0x0000000068f4a780                CEpgTimerPlugIn::CtrlCmdCallbackInvoked()
                0x0000000068f4acd6                CEpgTimerPlugIn::StreamCtrlDlgCallback(HWND__*, unsigned int, unsigned long long, long long, void*)
 .text          0x0000000068f4af30        0x0 stdafx.cpp.obj
 .text          0x0000000068f4af30      0xd90 StreamCtrlDlg.cpp.obj
                0x0000000068f4af3e                CStreamCtrlDlg::CStreamCtrlDlg()
                0x0000000068f4af3e                CStreamCtrlDlg::CStreamCtrlDlg()
                0x0000000068f4af7e                CStreamCtrlDlg::~CStreamCtrlDlg()
                0x0000000068f4af7e                CStreamCtrlDlg::~CStreamCtrlDlg()
                0x0000000068f4af88                CStreamCtrlDlg::SetMessageCallback(long long (*)(HWND__*, unsigned int, unsigned long long, long long, void*), void*)
                0x0000000068f4af92                CStreamCtrlDlg::CreateStreamCtrlDialog(HINSTANCE__*, HWND__*)
                0x0000000068f4afd4                CStreamCtrlDlg::CloseStreamCtrlDialog()
                0x0000000068f4b01a                CStreamCtrlDlg::StopTimer()
                0x0000000068f4b054                CStreamCtrlDlg::ShowCtrlDlg(unsigned long)
                0x0000000068f4b066                CStreamCtrlDlg::StartFullScreenMouseChk()
                0x0000000068f4b084                CStreamCtrlDlg::StopFullScreenMouseChk()
                0x0000000068f4b09a                CStreamCtrlDlg::SetNWModeSend()
                0x0000000068f4b30e                CStreamCtrlDlg::SetCtrl(TVTEST_STREAMING_INFO const&)
                0x0000000068f4b4e0                CStreamCtrlDlg::DlgProc(HWND__*, unsigned int, unsigned long long, long long)
 .text          0x0000000068f4bcc0        0x8 C:/mingw64/bin/../lib/gcc/x86_64-w64-mingw32/8.1.0/../../../../x86_64-w64-mingw32/lib/../lib/libws2_32.a(dozfs00195.o)
                0x0000000068f4bcc0                socket
 .text          0x0000000068f4bcc8        0x8 C:/mingw64/bin/../lib/gcc/x86_64-w64-mingw32/8.1.0/../../../../x86_64-w64-mingw32/lib/../lib/libws2_32.a(dozfs00193.o)
                0x0000000068f4bcc8                setsockopt
 .text          0x0000000068f4bcd0        0x8 C:/mingw64/bin/../lib/gcc/x86_64-w64-mingw32/8.1.0/../../../../x86_64-w64-mingw32/lib/../lib/libws2_32.a(dozfs00191.o)
                0x0000000068f4bcd0                send
 .text          0x0000000068f4bcd8        0x8 C:/mingw64/bin/../lib/gcc/x86_64-w64-mingw32/8.1.0/../../../../x86_64-w64-mingw32/lib/../lib/libws2_32.a(dozfs00190.o)
                0x0000000068f4bcd8                select
 .text          0x0000000068f4bce0        0x8 C:/mingw64/bin/../lib/gcc/x86_64-w64-mingw32/8.1.0/../../../../x86_64-w64-mingw32/lib/../lib/libws2_32.a(dozfs00188.o)
                0x0000000068f4bce0                recv
 .text          0x0000000068f4bce8        0x8 C:/mingw64/bin/../lib/gcc/x86_64-w64-mingw32/8.1.0/../../../../x86_64-w64-mingw32/lib/../lib/libws2_32.a(dozfs00184.o)
                0x0000000068f4bce8                ioctlsocket
 .text          0x0000000068f4bcf0        0x8 C:/mingw64/bin/../lib/gcc/x86_64-w64-mingw32/8.1.0/../../../../x86_64-w64-mingw32/lib/../lib/libws2_32.a(dozfs00166.o)
                0x0000000068f4bcf0                getaddrinfo
 .text          0x0000000068f4bcf8        0x8 C:/mingw64/bin/../lib/gcc/x86_64-w64-mingw32/8.1.0/../../../../x86_64-w64-mingw32/lib/../lib/libws2_32.a(dozfs00165.o)
                0x0000000068f4bcf8                freeaddrinfo
 .text          0x0000000068f4bd00        0x8 C:/mingw64/bin/../lib/gcc/x86_64-w64-mingw32/8.1.0/../../../../x86_64-w64-mingw32/lib/../lib/libws2_32.a(dozfs00164.o)
                0x0000000068f4bd00                connect
 .text          0x0000000068f4bd08        0x8 C:/mingw64/bin/../lib/gcc/x86_64-w64-mingw32/8.1.0/../../../../x86_64-w64-mingw32/lib/../lib/libws2_32.a(dozfs00163.o)
                0x0000000068f4bd08                closesocket
 .text          0x0000000068f4bd10        0x8 C:/mingw64/bin/../lib/gcc/x86_64-w64-mingw32/8.1.0/../../../../x86_64-w64-mingw32/lib/../lib/libws2_32.a(dozfs00088.o)
                0x0000000068f4bd10                WSAStartup
 .text          0x0000000068f4bd18        0x8 C:/mingw64/bin/../lib/gcc/x86_64-w64-mingw32/8.1.0/../../../../x86_64-w64-mingw32/lib/../lib/libws2_32.a(dozfs00047.o)
                0x0000000068f4bd18                WSAGetLastError
 .text          0x0000000068f4bd20        0x8 C:/mingw64/bin/../lib/gcc/x86_64-w64-mingw32/8.1.0/../../../../x86_64-w64-mingw32/lib/../lib/libws2_32.a(dozfs00030.o)
                0x0000000068f4bd20                WSACleanup
 *fill*         0x0000000068f4bd28        0x8 
 .text          0x0000000068f4bd30        0x0 C:/mingw64/bin/../lib/gcc/x86_64-w64-mingw32/8.1.0/../../../../x86_64-w64-mingw32/lib/../lib/libws2_32.a(dozfh.o)
 .text          0x0000000068f4bd30        0x0 C:/mingw64/bin/../lib/gcc/x86_64-w64-mingw32/8.1.0/../../../../x86_64-w64-mingw32/lib/../lib/libws2_32.a(dozft.o)
 .text          0x0000000068f4bd30        0x0 C:/mingw64/bin/../lib/gcc/x86_64-w64-mingw32/8.1.0\libstdc++.a(class_type_info.o)
 .text          0x0000000068f4bd30        0x0 C:/mingw64/bin/../lib/gcc/x86_64-w64-mingw32/8.1.0\libstdc++.a(del_op.o)
 .text          0x0000000068f4bd30        0x0 C:/mingw64/bin/../lib/gcc/x86_64-w64-mingw32/8.1.0\libstdc++.a(del_ops.o)
 .text          0x0000000068f4bd30        0x0 C:/mingw64/bin/../lib/gcc/x86_64-w64-mingw32/8.1.0\libstdc++.a(eh_alloc.o)
 .text          0x0000000068f4bd30        0x0 C:/mingw64/bin/../lib/gcc/x86_64-w64-mingw32/8.1.0\libstdc++.a(eh_catch.o)
 .text          0x0000000068f4bd30        0x0 C:/mingw64/bin/../lib/gcc/x86_64-w64-mingw32/8.1.0\libstdc++.a(eh_exception.o)
 .text          0x0000000068f4bd30        0x0 C:/mingw64/bin/../lib/gcc/x86_64-w64-mingw32/8.1.0\libstdc++.a(eh_globals.o)
 .text          0x0000000068f4bd30        0x0 C:/mingw64/bin/../lib/gcc/x86_64-w64-mingw32/8.1.0\libstdc++.a(eh_personality.o)
 .text          0x0000000068f4bd30        0x0 C:/mingw64/bin/../lib/gcc/x86_64-w64-mingw32/8.1.0\libstdc++.a(eh_terminate.o)
 .text          0x0000000068f4bd30        0x0 C:/mingw64/bin/../lib/gcc/x86_64-w64-mingw32/8.1.0\libstdc++.a(eh_term_handler.o)
 .text          0x0000000068f4bd30        0x0 C:/mingw64/bin/../lib/gcc/x86_64-w64-mingw32/8.1.0\libstdc++.a(eh_throw.o)
 .text          0x0000000068f4bd30        0x0 C:/mingw64/bin/../lib/gcc/x86_64-w64-mingw32/8.1.0\libstdc++.a(eh_unex_handler.o)
 .text          0x0000000068f4bd30        0x0 C:/mingw64/bin/../lib/gcc/x86_64-w64-mingw32/8.1.0\libstdc++.a(new_op.o)
 .text          0x0000000068f4bd30        0x0 C:/mingw64/bin/../lib/gcc/x86_64-w64-mingw32/8.1.0\libstdc++.a(pure.o)
 .text          0x0000000068f4bd30        0x0 C:/mingw64/bin/../lib/gcc/x86_64-w64-mingw32/8.1.0\libstdc++.a(si_class_type_info.o)
 .text          0x0000000068f4bd30        0x0 C:/mingw64/bin/../lib/gcc/x86_64-w64-mingw32/8.1.0\libstdc++.a(tinfo.o)
 .text          0x0000000068f4bd30        0x0 C:/mingw64/bin/../lib/gcc/x86_64-w64-mingw32/8.1.0\libstdc++.a(vterminate.o)
 .text          0x0000000068f4bd30        0x0 C:/mingw64/bin/../lib/gcc/x86_64-w64-mingw32/8.1.0\libstdc++.a(stdexcept.o)
 .text          0x0000000068f4bd30        0x0 C:/mingw64/bin/../lib/gcc/x86_64-w64-mingw32/8.1.0\libstdc++.a(cow-stdexcept.o)
 .text          0x0000000068f4bd30        0x0 C:/mingw64/bin/../lib/gcc/x86_64-w64-mingw32/8.1.0\libstdc++.a(cow-string-inst.o)
 .text          0x0000000068f4bd30        0x0 C:/mingw64/bin/../lib/gcc/x86_64-w64-mingw32/8.1.0\libstdc++.a(functexcept.o)
 .text          0x0000000068f4bd30        0x0 C:/mingw64/bin/../lib/gcc/x86_64-w64-mingw32/8.1.0\libstdc++.a(functional.o)
 .text          0x0000000068f4bd30        0x0 C:/mingw64/bin/../lib/gcc/x86_64-w64-mingw32/8.1.0\libstdc++.a(snprintf_lite.o)
 .text          0x0000000068f4bd30        0x0 C:/mingw64/bin/../lib/gcc/x86_64-w64-mingw32/8.1.0\libstdc++.a(sso_string.o)
 .text          0x0000000068f4bd30        0x0 C:/mingw64/bin/../lib/gcc/x86_64-w64-mingw32/8.1.0\libstdc++.a(string-inst.o)
 .text          0x0000000068f4bd30        0x0 C:/mingw64/bin/../lib/gcc/x86_64-w64-mingw32/8.1.0\libstdc++.a(bad_alloc.o)
 .text          0x0000000068f4bd30        0x0 C:/mingw64/bin/../lib/gcc/x86_64-w64-mingw32/8.1.0\libstdc++.a(bad_cast.o)
 .text          0x0000000068f4bd30        0x0 C:/mingw64/bin/../lib/gcc/x86_64-w64-mingw32/8.1.0\libstdc++.a(bad_typeid.o)
 .text          0x0000000068f4bd30     0x96f0 C:/mingw64/bin/../lib/gcc/x86_64-w64-mingw32/8.1.0\libstdc++.a(cp-demangle.o)
                0x0000000068f55290                __cxa_demangle
                0x0000000068f553f0                __gcclibcxx_demangle_callback
 .text          0x0000000068f55420        0x0 C:/mingw64/bin/../lib/gcc/x86_64-w64-mingw32/8.1.0\libstdc++.a(eh_call.o)
 .text          0x0000000068f55420        0x0 C:/mingw64/bin/../lib/gcc/x86_64-w64-mingw32/8.1.0\libstdc++.a(eh_type.o)
 .text          0x0000000068f55420        0x0 C:/mingw64/bin/../lib/gcc/x86_64-w64-mingw32/8.1.0\libstdc++.a(new_handler.o)
 .text          0x0000000068f55420       0xd0 C:/mingw64/bin/../lib/gcc/x86_64-w64-mingw32/8.1.0/../../../../x86_64-w64-mingw32/lib/../lib/libmingw32.a(lib64_libmingw32_a-gccmain.o)
                0x0000000068f55420                __do_global_dtors
                0x0000000068f55460                __do_global_ctors
                0x0000000068f554d0                __main
 .text          0x0000000068f554f0        0x0 C:/mingw64/bin/../lib/gcc/x86_64-w64-mingw32/8.1.0/../../../../x86_64-w64-mingw32/lib/../lib/libmingw32.a(lib64_libmingw32_a-natstart.o)
 .text          0x0000000068f554f0      0x1e0 C:/mingw64/bin/../lib/gcc/x86_64-w64-mingw32/8.1.0/../../../../x86_64-w64-mingw32/lib/../lib/libmingw32.a(lib64_libmingw32_a-gs_support.o)
                0x0000000068f554f0                __security_init_cookie
                0x0000000068f555d0                __report_gsfailure
 .text          0x0000000068f556d0       0xc0 C:/mingw64/bin/../lib/gcc/x86_64-w64-mingw32/8.1.0/../../../../x86_64-w64-mingw32/lib/../lib/libmingw32.a(lib64_libmingw32_a-tlssup.o)
                0x0000000068f55700                __dyn_tls_init
                0x0000000068f55780                __tlregdtor
 .text          0x0000000068f55790        0x0 C:/mingw64/bin/../lib/gcc/x86_64-w64-mingw32/8.1.0/../../../../x86_64-w64-mingw32/lib/../lib/libmingw32.a(lib64_libmingw32_a-cinitexe.o)
 .text          0x0000000068f55790       0x20 C:/mingw64/bin/../lib/gcc/x86_64-w64-mingw32/8.1.0/../../../../x86_64-w64-mingw32/lib/../lib/libmingw32.a(lib64_libmingw32_a-mingw_helpers.o)
                0x0000000068f55790                _decode_pointer
                0x0000000068f557a0                _encode_pointer
 .text          0x0000000068f557b0      0x490 C:/mingw64/bin/../lib/gcc/x86_64-w64-mingw32/8.1.0/../../../../x86_64-w64-mingw32/lib/../lib/libmingw32.a(lib64_libmingw32_a-pseudo-reloc.o)
                0x0000000068f55980                _pei386_runtime_relocator
 .text          0x0000000068f55c40      0x480 C:/mingw64/bin/../lib/gcc/x86_64-w64-mingw32/8.1.0/../../../../x86_64-w64-mingw32/lib/../lib/libmingw32.a(lib64_libmingw32_a-crt_handler.o)
                0x0000000068f55c40                __mingw_SEH_error_handler
                0x0000000068f55de0                __mingw_init_ehandler
                0x0000000068f55ed0                _gnu_exception_handler
 .text          0x0000000068f560c0      0x270 C:/mingw64/bin/../lib/gcc/x86_64-w64-mingw32/8.1.0/../../../../x86_64-w64-mingw32/lib/../lib/libmingw32.a(lib64_libmingw32_a-tlsthrd.o)
                0x0000000068f56130                ___w64_mingwthr_add_key_dtor
                0x0000000068f561b0                ___w64_mingwthr_remove_key_dtor
                0x0000000068f56250                __mingw_TLScallback
 .text          0x0000000068f56330        0x0 C:/mingw64/bin/../lib/gcc/x86_64-w64-mingw32/8.1.0/../../../../x86_64-w64-mingw32/lib/../lib/libmingw32.a(lib64_libmingw32_a-tlsmcrt.o)
 .text          0x0000000068f56330        0x0 C:/mingw64/bin/../lib/gcc/x86_64-w64-mingw32/8.1.0/../../../../x86_64-w64-mingw32/lib/../lib/libmingw32.a(lib64_libmingw32_a-pseudo-reloc-list.o)
 .text          0x0000000068f56330      0x3e0 C:/mingw64/bin/../lib/gcc/x86_64-w64-mingw32/8.1.0/../../../../x86_64-w64-mingw32/lib/../lib/libmingw32.a(lib64_libmingw32_a-pesect.o)
                0x0000000068f56350                _ValidateImageBase
                0x0000000068f56370                _FindPESection
                0x0000000068f563c0                _FindPESectionByName
                0x0000000068f56450                __mingw_GetSectionForAddress
                0x0000000068f564d0                __mingw_GetSectionCount
                0x0000000068f56510                _FindPESectionExec
                0x0000000068f56580                _GetPEImageBase
                0x0000000068f565c0                _IsNonwritableInCurrentImage
                0x0000000068f56660                __mingw_enum_import_library_names
 .text          0x0000000068f56710       0x10 C:/mingw64/bin/../lib/gcc/x86_64-w64-mingw32/8.1.0/../../../../x86_64-w64-mingw32/lib/../lib/libmingw32.a(lib64_libmingw32_a-CRT_fp10.o)
                0x0000000068f56710                fpreset
                0x0000000068f56710                _fpreset
 .text          0x0000000068f56720       0x40 C:/mingw64/bin/../lib/gcc/x86_64-w64-mingw32/8.1.0/libgcc.a(_chkstk_ms.o)
                0x0000000068f56720                ___chkstk_ms
 .text          0x0000000068f56760        0x0 C:/mingw64/bin/../lib/gcc/x86_64-w64-mingw32/8.1.0/libgcc.a(_ctors.o)
 .text          0x0000000068f56760      0x3b0 C:/mingw64/bin/../lib/gcc/x86_64-w64-mingw32/8.1.0/libgcc.a(gthr-win32.o)
                0x0000000068f56760                __gthr_win32_once
                0x0000000068f567e0                __gthr_win32_key_create
                0x0000000068f56820                __gthr_win32_key_delete
                0x0000000068f56840                __gthr_win32_getspecific
                0x0000000068f56870                __gthr_win32_setspecific
                0x0000000068f56890                __gthr_win32_mutex_init_function
                0x0000000068f568c0                __gthr_win32_mutex_destroy
                0x0000000068f568d0                __gthr_win32_mutex_lock
                0x0000000068f56920                __gthr_win32_mutex_trylock
                0x0000000068f56940                __gthr_win32_mutex_unlock
                0x0000000068f56980                __gthr_win32_recursive_mutex_init_function
                0x0000000068f569c0                __gthr_win32_recursive_mutex_lock
                0x0000000068f56a40                __gthr_win32_recursive_mutex_trylock
                0x0000000068f56a90                __gthr_win32_recursive_mutex_unlock
                0x0000000068f56af0                __gthr_win32_recursive_mutex_destroy
 .text          0x0000000068f56b10      0x630 C:/mingw64/bin/../lib/gcc/x86_64-w64-mingw32/8.1.0/libgcc_eh.a(unwind-seh.o)
                0x0000000068f56b70                _Unwind_GetGR
                0x0000000068f56b90                _Unwind_SetGR
                0x0000000068f56bb0                _Unwind_GetCFA
                0x0000000068f56bc0                _Unwind_GetIP
                0x0000000068f56bd0                _Unwind_GetIPInfo
                0x0000000068f56be0                _Unwind_SetIP
                0x0000000068f56bf0                _Unwind_GetLanguageSpecificData
                0x0000000068f56c00                _Unwind_GetRegionStart
                0x0000000068f56c10                _Unwind_FindEnclosingFunction
                0x0000000068f56c40                _Unwind_GetDataRelBase
                0x0000000068f56c50                _Unwind_GetTextRelBase
                0x0000000068f56c60                _GCC_specific_handler
                0x0000000068f56e70                _Unwind_RaiseException
                0x0000000068f56ec0                _Unwind_Resume
                0x0000000068f56f70                _Unwind_Resume_or_Rethrow
                0x0000000068f56f90                _Unwind_ForcedUnwind
                0x0000000068f56fc0                _Unwind_DeleteException
                0x0000000068f56fe0                _Unwind_Backtrace
 .text          0x0000000068f57140      0x3b0 C:/mingw64/bin/../lib/gcc/x86_64-w64-mingw32/8.1.0/libgcc_eh.a(emutls.o)
                0x0000000068f57280                __emutls_get_address
                0x0000000068f574c0                __emutls_register_common
 .text          0x0000000068f574f0       0x10 C:/mingw64/bin/../lib/gcc/x86_64-w64-mingw32/8.1.0/../../../../x86_64-w64-mingw32/lib/../lib/libmingwex.a(lib64_libmingwex_a-dllentry.o)
                0x0000000068f574f0                DllEntryPoint
 .text          0x0000000068f57500        0x8 C:/mingw64/bin/../lib/gcc/x86_64-w64-mingw32/8.1.0/../../../../x86_64-w64-mingw32/lib/../lib/libmsvcrt.a(duags01264.o)
                0x0000000068f57500                wcslen
 .text          0x0000000068f57508        0x8 C:/mingw64/bin/../lib/gcc/x86_64-w64-mingw32/8.1.0/../../../../x86_64-w64-mingw32/lib/../lib/libmsvcrt.a(duags01257.o)
                0x0000000068f57508                wcschr
 .text          0x0000000068f57510        0x8 C:/mingw64/bin/../lib/gcc/x86_64-w64-mingw32/8.1.0/../../../../x86_64-w64-mingw32/lib/../lib/libmsvcrt.a(duags01251.o)
                0x0000000068f57510                vswprintf_s
 .text          0x0000000068f57518        0x8 C:/mingw64/bin/../lib/gcc/x86_64-w64-mingw32/8.1.0/../../../../x86_64-w64-mingw32/lib/../lib/libmsvcrt.a(duags01243.o)
                0x0000000068f57518                vfprintf
 .text          0x0000000068f57520        0x8 C:/mingw64/bin/../lib/gcc/x86_64-w64-mingw32/8.1.0/../../../../x86_64-w64-mingw32/lib/../lib/libmsvcrt.a(duags01223.o)
                0x0000000068f57520                strtoul
 .text          0x0000000068f57528        0x8 C:/mingw64/bin/../lib/gcc/x86_64-w64-mingw32/8.1.0/../../../../x86_64-w64-mingw32/lib/../lib/libmsvcrt.a(duags01211.o)
                0x0000000068f57528                strncmp
 .text          0x0000000068f57530        0x8 C:/mingw64/bin/../lib/gcc/x86_64-w64-mingw32/8.1.0/../../../../x86_64-w64-mingw32/lib/../lib/libmsvcrt.a(duags01208.o)
                0x0000000068f57530                strlen
 .text          0x0000000068f57538        0x8 C:/mingw64/bin/../lib/gcc/x86_64-w64-mingw32/8.1.0/../../../../x86_64-w64-mingw32/lib/../lib/libmsvcrt.a(duags01201.o)
                0x0000000068f57538                strcmp
 .text          0x0000000068f57540        0x8 C:/mingw64/bin/../lib/gcc/x86_64-w64-mingw32/8.1.0/../../../../x86_64-w64-mingw32/lib/../lib/libmsvcrt.a(duags01192.o)
                0x0000000068f57540                sprintf
 .text          0x0000000068f57548        0x8 C:/mingw64/bin/../lib/gcc/x86_64-w64-mingw32/8.1.0/../../../../x86_64-w64-mingw32/lib/../lib/libmsvcrt.a(duags01187.o)
                0x0000000068f57548                signal
 .text          0x0000000068f57550        0x8 C:/mingw64/bin/../lib/gcc/x86_64-w64-mingw32/8.1.0/../../../../x86_64-w64-mingw32/lib/../lib/libmsvcrt.a(duags01186.o)
                0x0000000068f57550                setvbuf
 .text          0x0000000068f57558        0x8 C:/mingw64/bin/../lib/gcc/x86_64-w64-mingw32/8.1.0/../../../../x86_64-w64-mingw32/lib/../lib/libmsvcrt.a(duags01177.o)
                0x0000000068f57558                realloc
 .text          0x0000000068f57560        0x8 C:/mingw64/bin/../lib/gcc/x86_64-w64-mingw32/8.1.0/../../../../x86_64-w64-mingw32/lib/../lib/libmsvcrt.a(duags01159.o)
                0x0000000068f57560                memset
 .text          0x0000000068f57568        0x8 C:/mingw64/bin/../lib/gcc/x86_64-w64-mingw32/8.1.0/../../../../x86_64-w64-mingw32/lib/../lib/libmsvcrt.a(duags01158.o)
                0x0000000068f57568                memmove
 .text          0x0000000068f57570        0x8 C:/mingw64/bin/../lib/gcc/x86_64-w64-mingw32/8.1.0/../../../../x86_64-w64-mingw32/lib/../lib/libmsvcrt.a(duags01157.o)
                0x0000000068f57570                memcpy
 .text          0x0000000068f57578        0x8 C:/mingw64/bin/../lib/gcc/x86_64-w64-mingw32/8.1.0/../../../../x86_64-w64-mingw32/lib/../lib/libmsvcrt.a(duags01156.o)
                0x0000000068f57578                memcmp
 .text          0x0000000068f57580        0x8 C:/mingw64/bin/../lib/gcc/x86_64-w64-mingw32/8.1.0/../../../../x86_64-w64-mingw32/lib/../lib/libmsvcrt.a(duags01155.o)
                0x0000000068f57580                memchr
 .text          0x0000000068f57588        0x8 C:/mingw64/bin/../lib/gcc/x86_64-w64-mingw32/8.1.0/../../../../x86_64-w64-mingw32/lib/../lib/libmsvcrt.a(duags01149.o)
                0x0000000068f57588                malloc
 .text          0x0000000068f57590        0x8 C:/mingw64/bin/../lib/gcc/x86_64-w64-mingw32/8.1.0/../../../../x86_64-w64-mingw32/lib/../lib/libmsvcrt.a(duags01101.o)
                0x0000000068f57590                fwrite
 .text          0x0000000068f57598        0x8 C:/mingw64/bin/../lib/gcc/x86_64-w64-mingw32/8.1.0/../../../../x86_64-w64-mingw32/lib/../lib/libmsvcrt.a(duags01089.o)
                0x0000000068f57598                free
 .text          0x0000000068f575a0        0x8 C:/mingw64/bin/../lib/gcc/x86_64-w64-mingw32/8.1.0/../../../../x86_64-w64-mingw32/lib/../lib/libmsvcrt.a(duags01086.o)
                0x0000000068f575a0                fputwc
 .text          0x0000000068f575a8        0x8 C:/mingw64/bin/../lib/gcc/x86_64-w64-mingw32/8.1.0/../../../../x86_64-w64-mingw32/lib/../lib/libmsvcrt.a(duags01085.o)
                0x0000000068f575a8                fputs
 .text          0x0000000068f575b0        0x8 C:/mingw64/bin/../lib/gcc/x86_64-w64-mingw32/8.1.0/../../../../x86_64-w64-mingw32/lib/../lib/libmsvcrt.a(duags01084.o)
                0x0000000068f575b0                fputc
 .text          0x0000000068f575b8        0x8 C:/mingw64/bin/../lib/gcc/x86_64-w64-mingw32/8.1.0/../../../../x86_64-w64-mingw32/lib/../lib/libmsvcrt.a(duags01080.o)
                0x0000000068f575b8                fopen
 .text          0x0000000068f575c0        0x8 C:/mingw64/bin/../lib/gcc/x86_64-w64-mingw32/8.1.0/../../../../x86_64-w64-mingw32/lib/../lib/libmsvcrt.a(duags01067.o)
                0x0000000068f575c0                fclose
 .text          0x0000000068f575c8        0x8 C:/mingw64/bin/../lib/gcc/x86_64-w64-mingw32/8.1.0/../../../../x86_64-w64-mingw32/lib/../lib/libmsvcrt.a(duags01050.o)
                0x0000000068f575c8                calloc
 .text          0x0000000068f575d0        0x8 C:/mingw64/bin/../lib/gcc/x86_64-w64-mingw32/8.1.0/../../../../x86_64-w64-mingw32/lib/../lib/libmsvcrt.a(duags01032.o)
                0x0000000068f575d0                abort
 .text          0x0000000068f575d8        0x8 C:/mingw64/bin/../lib/gcc/x86_64-w64-mingw32/8.1.0/../../../../x86_64-w64-mingw32/lib/../lib/libmsvcrt.a(duags00986.o)
                0x0000000068f575d8                write
 .text          0x0000000068f575e0        0x8 C:/mingw64/bin/../lib/gcc/x86_64-w64-mingw32/8.1.0/../../../../x86_64-w64-mingw32/lib/../lib/libmsvcrt.a(duags00945.o)
                0x0000000068f575e0                _wfdopen
 .text          0x0000000068f575e8        0x8 C:/mingw64/bin/../lib/gcc/x86_64-w64-mingw32/8.1.0/../../../../x86_64-w64-mingw32/lib/../lib/libmsvcrt.a(duags00861.o)
                0x0000000068f575e8                _vsnwprintf_s
 .text          0x0000000068f575f0        0x8 C:/mingw64/bin/../lib/gcc/x86_64-w64-mingw32/8.1.0/../../../../x86_64-w64-mingw32/lib/../lib/libmsvcrt.a(duags00617.o)
                0x0000000068f575f0                _open_osfhandle
 .text          0x0000000068f575f8        0x8 C:/mingw64/bin/../lib/gcc/x86_64-w64-mingw32/8.1.0/../../../../x86_64-w64-mingw32/lib/../lib/libmsvcrt.a(duags00332.o)
                0x0000000068f575f8                _initterm
 .text          0x0000000068f57600        0x8 C:/mingw64/bin/../lib/gcc/x86_64-w64-mingw32/8.1.0/../../../../x86_64-w64-mingw32/lib/../lib/libmsvcrt.a(duags00155.o)
                0x0000000068f57600                _close
 .text          0x0000000068f57608        0x8 C:/mingw64/bin/../lib/gcc/x86_64-w64-mingw32/8.1.0/../../../../x86_64-w64-mingw32/lib/../lib/libmsvcrt.a(duags00137.o)
                0x0000000068f57608                _beginthreadex
 .text          0x0000000068f57610        0x8 C:/mingw64/bin/../lib/gcc/x86_64-w64-mingw32/8.1.0/../../../../x86_64-w64-mingw32/lib/../lib/libmsvcrt.a(duags00122.o)
                0x0000000068f57610                _amsg_exit
 *fill*         0x0000000068f57618        0x8 
 .text          0x0000000068f57620      0x170 C:/mingw64/bin/../lib/gcc/x86_64-w64-mingw32/8.1.0/../../../../x86_64-w64-mingw32/lib/../lib/libmsvcrt.a(lib64_libmsvcrt_os_a-onexit_table.o)
                0x0000000068f57620                _initialize_onexit_table
                0x0000000068f57650                _register_onexit_function
                0x0000000068f57720                _execute_onexit_table
 .text          0x0000000068f57790       0x20 C:/mingw64/bin/../lib/gcc/x86_64-w64-mingw32/8.1.0/../../../../x86_64-w64-mingw32/lib/../lib/libmsvcrt.a(lib64_libmsvcrt_os_a-acrt_iob_func.o)
                0x0000000068f57790                __acrt_iob_func
 .text          0x0000000068f577b0       0xb0 C:/mingw64/bin/../lib/gcc/x86_64-w64-mingw32/8.1.0/../../../../x86_64-w64-mingw32/lib/../lib/libmsvcrt.a(lib64_libmsvcrt_os_a-vsprintf_s.o)
                0x0000000068f57850                vsprintf_s
 .text          0x0000000068f57860        0x0 C:/mingw64/bin/../lib/gcc/x86_64-w64-mingw32/8.1.0/../../../../x86_64-w64-mingw32/lib/../lib/libmsvcrt.a(duagh.o)
 .text          0x0000000068f57860        0x8 C:/mingw64/bin/../lib/gcc/x86_64-w64-mingw32/8.1.0/../../../../x86_64-w64-mingw32/lib/../lib/libmsvcrt.a(duags00821.o)
                0x0000000068f57860                _unlock
 .text          0x0000000068f57868        0x8 C:/mingw64/bin/../lib/gcc/x86_64-w64-mingw32/8.1.0/../../../../x86_64-w64-mingw32/lib/../lib/libmsvcrt.a(duags00441.o)
                0x0000000068f57868                _lock
 .text          0x0000000068f57870        0x8 C:/mingw64/bin/../lib/gcc/x86_64-w64-mingw32/8.1.0/../../../../x86_64-w64-mingw32/lib/../lib/libmsvcrt.a(duags00083.o)
                0x0000000068f57870                __iob_func
 *fill*         0x0000000068f57878        0x8 
 .text          0x0000000068f57880        0x0 C:/mingw64/bin/../lib/gcc/x86_64-w64-mingw32/8.1.0/../../../../x86_64-w64-mingw32/lib/../lib/libmsvcrt.a(duagt.o)
 .text          0x0000000068f57880        0x8 C:/mingw64/bin/../lib/gcc/x86_64-w64-mingw32/8.1.0/../../../../x86_64-w64-mingw32/lib/../lib/libadvapi32.a(diufs00741.o)
                0x0000000068f57880                SetSecurityInfo
 .text          0x0000000068f57888        0x8 C:/mingw64/bin/../lib/gcc/x86_64-w64-mingw32/8.1.0/../../../../x86_64-w64-mingw32/lib/../lib/libadvapi32.a(diufs00720.o)
                0x0000000068f57888                SetEntriesInAclW
 .text          0x0000000068f57890        0x8 C:/mingw64/bin/../lib/gcc/x86_64-w64-mingw32/8.1.0/../../../../x86_64-w64-mingw32/lib/../lib/libadvapi32.a(diufs00354.o)
                0x0000000068f57890                GetSecurityInfo
 .text          0x0000000068f57898        0x8 C:/mingw64/bin/../lib/gcc/x86_64-w64-mingw32/8.1.0/../../../../x86_64-w64-mingw32/lib/../lib/libadvapi32.a(diufs00146.o)
                0x0000000068f57898                CreateWellKnownSid
 .text          0x0000000068f578a0        0x0 C:/mingw64/bin/../lib/gcc/x86_64-w64-mingw32/8.1.0/../../../../x86_64-w64-mingw32/lib/../lib/libadvapi32.a(diufh.o)
 .text          0x0000000068f578a0        0x0 C:/mingw64/bin/../lib/gcc/x86_64-w64-mingw32/8.1.0/../../../../x86_64-w64-mingw32/lib/../lib/libadvapi32.a(diuft.o)
 .text          0x0000000068f578a0        0x8 C:/mingw64/bin/../lib/gcc/x86_64-w64-mingw32/8.1.0/../../../../x86_64-w64-mingw32/lib/../lib/libuser32.a(dyqes00864.o)
                0x0000000068f578a0                ShowWindow
 .text          0x0000000068f578a8        0x8 C:/mingw64/bin/../lib/gcc/x86_64-w64-mingw32/8.1.0/../../../../x86_64-w64-mingw32/lib/../lib/libuser32.a(dyqes00852.o)
                0x0000000068f578a8                SetWindowTextW
 .text          0x0000000068f578b0        0x8 C:/mingw64/bin/../lib/gcc/x86_64-w64-mingw32/8.1.0/../../../../x86_64-w64-mingw32/lib/../lib/libuser32.a(dyqes00847.o)
                0x0000000068f578b0                SetWindowPos
 .text          0x0000000068f578b8        0x8 C:/mingw64/bin/../lib/gcc/x86_64-w64-mingw32/8.1.0/../../../../x86_64-w64-mingw32/lib/../lib/libuser32.a(dyqes00844.o)
                0x0000000068f578b8                SetWindowLongPtrW
 .text          0x0000000068f578c0        0x8 C:/mingw64/bin/../lib/gcc/x86_64-w64-mingw32/8.1.0/../../../../x86_64-w64-mingw32/lib/../lib/libuser32.a(dyqes00831.o)
                0x0000000068f578c0                SetTimer
 .text          0x0000000068f578c8        0x8 C:/mingw64/bin/../lib/gcc/x86_64-w64-mingw32/8.1.0/../../../../x86_64-w64-mingw32/lib/../lib/libuser32.a(dyqes00778.o)
                0x0000000068f578c8                SetDlgItemTextW
 .text          0x0000000068f578d0        0x8 C:/mingw64/bin/../lib/gcc/x86_64-w64-mingw32/8.1.0/../../../../x86_64-w64-mingw32/lib/../lib/libuser32.a(dyqes00753.o)
                0x0000000068f578d0                SendMessageW
 .text          0x0000000068f578d8        0x8 C:/mingw64/bin/../lib/gcc/x86_64-w64-mingw32/8.1.0/../../../../x86_64-w64-mingw32/lib/../lib/libuser32.a(dyqes00752.o)
                0x0000000068f578d8                SendMessageTimeoutW
 .text          0x0000000068f578e0        0x8 C:/mingw64/bin/../lib/gcc/x86_64-w64-mingw32/8.1.0/../../../../x86_64-w64-mingw32/lib/../lib/libuser32.a(dyqes00744.o)
                0x0000000068f578e0                SendDlgItemMessageW
 .text          0x0000000068f578e8        0x8 C:/mingw64/bin/../lib/gcc/x86_64-w64-mingw32/8.1.0/../../../../x86_64-w64-mingw32/lib/../lib/libuser32.a(dyqes00738.o)
                0x0000000068f578e8                ScreenToClient
 .text          0x0000000068f578f0        0x8 C:/mingw64/bin/../lib/gcc/x86_64-w64-mingw32/8.1.0/../../../../x86_64-w64-mingw32/lib/../lib/libuser32.a(dyqes00654.o)
                0x0000000068f578f0                PostMessageW
 .text          0x0000000068f578f8        0x8 C:/mingw64/bin/../lib/gcc/x86_64-w64-mingw32/8.1.0/../../../../x86_64-w64-mingw32/lib/../lib/libuser32.a(dyqes00623.o)
                0x0000000068f578f8                MonitorFromRect
 .text          0x0000000068f57900        0x8 C:/mingw64/bin/../lib/gcc/x86_64-w64-mingw32/8.1.0/../../../../x86_64-w64-mingw32/lib/../lib/libuser32.a(dyqes00567.o)
                0x0000000068f57900                KillTimer
 .text          0x0000000068f57908        0x8 C:/mingw64/bin/../lib/gcc/x86_64-w64-mingw32/8.1.0/../../../../x86_64-w64-mingw32/lib/../lib/libuser32.a(dyqes00477.o)
                0x0000000068f57908                GetWindowRect
 .text          0x0000000068f57910        0x8 C:/mingw64/bin/../lib/gcc/x86_64-w64-mingw32/8.1.0/../../../../x86_64-w64-mingw32/lib/../lib/libuser32.a(dyqes00476.o)
                0x0000000068f57910                GetWindowPlacement
 .text          0x0000000068f57918        0x8 C:/mingw64/bin/../lib/gcc/x86_64-w64-mingw32/8.1.0/../../../../x86_64-w64-mingw32/lib/../lib/libuser32.a(dyqes00470.o)
                0x0000000068f57918                GetWindowLongPtrW
 .text          0x0000000068f57920        0x8 C:/mingw64/bin/../lib/gcc/x86_64-w64-mingw32/8.1.0/../../../../x86_64-w64-mingw32/lib/../lib/libuser32.a(dyqes00385.o)
                0x0000000068f57920                GetMonitorInfoW
 .text          0x0000000068f57928        0x8 C:/mingw64/bin/../lib/gcc/x86_64-w64-mingw32/8.1.0/../../../../x86_64-w64-mingw32/lib/../lib/libuser32.a(dyqes00326.o)
                0x0000000068f57928                GetDlgItem
 .text          0x0000000068f57930        0x8 C:/mingw64/bin/../lib/gcc/x86_64-w64-mingw32/8.1.0/../../../../x86_64-w64-mingw32/lib/../lib/libuser32.a(dyqes00317.o)
                0x0000000068f57930                GetCursorPos
 .text          0x0000000068f57938        0x8 C:/mingw64/bin/../lib/gcc/x86_64-w64-mingw32/8.1.0/../../../../x86_64-w64-mingw32/lib/../lib/libuser32.a(dyqes00303.o)
                0x0000000068f57938                GetClientRect
 .text          0x0000000068f57940        0x8 C:/mingw64/bin/../lib/gcc/x86_64-w64-mingw32/8.1.0/../../../../x86_64-w64-mingw32/lib/../lib/libuser32.a(dyqes00235.o)
                0x0000000068f57940                EnableWindow
 .text          0x0000000068f57948        0x8 C:/mingw64/bin/../lib/gcc/x86_64-w64-mingw32/8.1.0/../../../../x86_64-w64-mingw32/lib/../lib/libuser32.a(dyqes00176.o)
                0x0000000068f57948                DestroyWindow
 .text          0x0000000068f57950        0x8 C:/mingw64/bin/../lib/gcc/x86_64-w64-mingw32/8.1.0/../../../../x86_64-w64-mingw32/lib/../lib/libuser32.a(dyqes00104.o)
                0x0000000068f57950                CreateDialogParamW
 *fill*         0x0000000068f57958        0x8 
 .text          0x0000000068f57960        0x0 C:/mingw64/bin/../lib/gcc/x86_64-w64-mingw32/8.1.0/../../../../x86_64-w64-mingw32/lib/../lib/libuser32.a(dyqeh.o)
 .text          0x0000000068f57960        0x0 C:/mingw64/bin/../lib/gcc/x86_64-w64-mingw32/8.1.0/../../../../x86_64-w64-mingw32/lib/../lib/libuser32.a(dyqet.o)
 .text          0x0000000068f57960        0x8 C:/mingw64/bin/../lib/gcc/x86_64-w64-mingw32/8.1.0/../../../../x86_64-w64-mingw32/lib/../lib/libkernel32.a(dqifs01516.o)
                0x0000000068f57960                WritePrivateProfileStringW
 .text          0x0000000068f57968        0x8 C:/mingw64/bin/../lib/gcc/x86_64-w64-mingw32/8.1.0/../../../../x86_64-w64-mingw32/lib/../lib/libkernel32.a(dqifs01510.o)
                0x0000000068f57968                WriteFile
 .text          0x0000000068f57970        0x8 C:/mingw64/bin/../lib/gcc/x86_64-w64-mingw32/8.1.0/../../../../x86_64-w64-mingw32/lib/../lib/libkernel32.a(dqifs01490.o)
                0x0000000068f57970                WideCharToMultiByte
 .text          0x0000000068f57978        0x8 C:/mingw64/bin/../lib/gcc/x86_64-w64-mingw32/8.1.0/../../../../x86_64-w64-mingw32/lib/../lib/libkernel32.a(dqifs01453.o)
                0x0000000068f57978                WaitForSingleObject
 .text          0x0000000068f57980        0x8 C:/mingw64/bin/../lib/gcc/x86_64-w64-mingw32/8.1.0/../../../../x86_64-w64-mingw32/lib/../lib/libkernel32.a(dqifs01451.o)
                0x0000000068f57980                WaitForMultipleObjects
 .text          0x0000000068f57988        0x8 C:/mingw64/bin/../lib/gcc/x86_64-w64-mingw32/8.1.0/../../../../x86_64-w64-mingw32/lib/../lib/libkernel32.a(dqifs01445.o)
                0x0000000068f57988                VirtualQuery
 .text          0x0000000068f57990        0x8 C:/mingw64/bin/../lib/gcc/x86_64-w64-mingw32/8.1.0/../../../../x86_64-w64-mingw32/lib/../lib/libkernel32.a(dqifs01443.o)
                0x0000000068f57990                VirtualProtect
 .text          0x0000000068f57998        0x8 C:/mingw64/bin/../lib/gcc/x86_64-w64-mingw32/8.1.0/../../../../x86_64-w64-mingw32/lib/../lib/libkernel32.a(dqifs01409.o)
                0x0000000068f57998                UnhandledExceptionFilter
 .text          0x0000000068f579a0        0x8 C:/mingw64/bin/../lib/gcc/x86_64-w64-mingw32/8.1.0/../../../../x86_64-w64-mingw32/lib/../lib/libkernel32.a(dqifs01396.o)
                0x0000000068f579a0                TlsSetValue
 .text          0x0000000068f579a8        0x8 C:/mingw64/bin/../lib/gcc/x86_64-w64-mingw32/8.1.0/../../../../x86_64-w64-mingw32/lib/../lib/libkernel32.a(dqifs01395.o)
                0x0000000068f579a8                TlsGetValue
 .text          0x0000000068f579b0        0x8 C:/mingw64/bin/../lib/gcc/x86_64-w64-mingw32/8.1.0/../../../../x86_64-w64-mingw32/lib/../lib/libkernel32.a(dqifs01394.o)
                0x0000000068f579b0                TlsFree
 .text          0x0000000068f579b8        0x8 C:/mingw64/bin/../lib/gcc/x86_64-w64-mingw32/8.1.0/../../../../x86_64-w64-mingw32/lib/../lib/libkernel32.a(dqifs01393.o)
                0x0000000068f579b8                TlsAlloc
 .text          0x0000000068f579c0        0x8 C:/mingw64/bin/../lib/gcc/x86_64-w64-mingw32/8.1.0/../../../../x86_64-w64-mingw32/lib/../lib/libkernel32.a(dqifs01375.o)
                0x0000000068f579c0                TerminateProcess
 .text          0x0000000068f579c8        0x8 C:/mingw64/bin/../lib/gcc/x86_64-w64-mingw32/8.1.0/../../../../x86_64-w64-mingw32/lib/../lib/libkernel32.a(dqifs01360.o)
                0x0000000068f579c8                Sleep
 .text          0x0000000068f579d0        0x8 C:/mingw64/bin/../lib/gcc/x86_64-w64-mingw32/8.1.0/../../../../x86_64-w64-mingw32/lib/../lib/libkernel32.a(dqifs01346.o)
                0x0000000068f579d0                SetUnhandledExceptionFilter
 .text          0x0000000068f579d8        0x8 C:/mingw64/bin/../lib/gcc/x86_64-w64-mingw32/8.1.0/../../../../x86_64-w64-mingw32/lib/../lib/libkernel32.a(dqifs01290.o)
                0x0000000068f579d8                SetLastError
 .text          0x0000000068f579e0        0x8 C:/mingw64/bin/../lib/gcc/x86_64-w64-mingw32/8.1.0/../../../../x86_64-w64-mingw32/lib/../lib/libkernel32.a(dqifs01263.o)
                0x0000000068f579e0                SetEvent
 .text          0x0000000068f579e8        0x8 C:/mingw64/bin/../lib/gcc/x86_64-w64-mingw32/8.1.0/../../../../x86_64-w64-mingw32/lib/../lib/libkernel32.a(dqifs01194.o)
                0x0000000068f579e8                RtlVirtualUnwind
 .text          0x0000000068f579f0        0x8 C:/mingw64/bin/../lib/gcc/x86_64-w64-mingw32/8.1.0/../../../../x86_64-w64-mingw32/lib/../lib/libkernel32.a(dqifs01193.o)
                0x0000000068f579f0                RtlUnwindEx
 .text          0x0000000068f579f8        0x8 C:/mingw64/bin/../lib/gcc/x86_64-w64-mingw32/8.1.0/../../../../x86_64-w64-mingw32/lib/../lib/libkernel32.a(dqifs01187.o)
                0x0000000068f579f8                RtlLookupFunctionEntry
 .text          0x0000000068f57a00        0x8 C:/mingw64/bin/../lib/gcc/x86_64-w64-mingw32/8.1.0/../../../../x86_64-w64-mingw32/lib/../lib/libkernel32.a(dqifs01180.o)
                0x0000000068f57a00                RtlCaptureContext
 .text          0x0000000068f57a08        0x8 C:/mingw64/bin/../lib/gcc/x86_64-w64-mingw32/8.1.0/../../../../x86_64-w64-mingw32/lib/../lib/libkernel32.a(dqifs01179.o)
                0x0000000068f57a08                RtlAddFunctionTable
 .text          0x0000000068f57a10        0x8 C:/mingw64/bin/../lib/gcc/x86_64-w64-mingw32/8.1.0/../../../../x86_64-w64-mingw32/lib/../lib/libkernel32.a(dqifs01172.o)
                0x0000000068f57a10                ResetEvent
 .text          0x0000000068f57a18        0x8 C:/mingw64/bin/../lib/gcc/x86_64-w64-mingw32/8.1.0/../../../../x86_64-w64-mingw32/lib/../lib/libkernel32.a(dqifs01154.o)
                0x0000000068f57a18                ReleaseSemaphore
 .text          0x0000000068f57a20        0x8 C:/mingw64/bin/../lib/gcc/x86_64-w64-mingw32/8.1.0/../../../../x86_64-w64-mingw32/lib/../lib/libkernel32.a(dqifs01128.o)
                0x0000000068f57a20                ReadFile
 .text          0x0000000068f57a28        0x8 C:/mingw64/bin/../lib/gcc/x86_64-w64-mingw32/8.1.0/../../../../x86_64-w64-mingw32/lib/../lib/libkernel32.a(dqifs01112.o)
                0x0000000068f57a28                RaiseException
 .text          0x0000000068f57a30        0x8 C:/mingw64/bin/../lib/gcc/x86_64-w64-mingw32/8.1.0/../../../../x86_64-w64-mingw32/lib/../lib/libkernel32.a(dqifs01093.o)
                0x0000000068f57a30                QueryPerformanceCounter
 .text          0x0000000068f57a38        0x8 C:/mingw64/bin/../lib/gcc/x86_64-w64-mingw32/8.1.0/../../../../x86_64-w64-mingw32/lib/../lib/libkernel32.a(dqifs01042.o)
                0x0000000068f57a38                OutputDebugStringW
 .text          0x0000000068f57a40        0x8 C:/mingw64/bin/../lib/gcc/x86_64-w64-mingw32/8.1.0/../../../../x86_64-w64-mingw32/lib/../lib/libkernel32.a(dqifs01020.o)
                0x0000000068f57a40                OpenEventW
 .text          0x0000000068f57a48        0x8 C:/mingw64/bin/../lib/gcc/x86_64-w64-mingw32/8.1.0/../../../../x86_64-w64-mingw32/lib/../lib/libkernel32.a(dqifs00999.o)
                0x0000000068f57a48                MultiByteToWideChar
 .text          0x0000000068f57a50        0x8 C:/mingw64/bin/../lib/gcc/x86_64-w64-mingw32/8.1.0/../../../../x86_64-w64-mingw32/lib/../lib/libkernel32.a(dqifs00967.o)
                0x0000000068f57a50                LocalFree
 .text          0x0000000068f57a58        0x8 C:/mingw64/bin/../lib/gcc/x86_64-w64-mingw32/8.1.0/../../../../x86_64-w64-mingw32/lib/../lib/libkernel32.a(dqifs00951.o)
                0x0000000068f57a58                LeaveCriticalSection
 .text          0x0000000068f57a60        0x8 C:/mingw64/bin/../lib/gcc/x86_64-w64-mingw32/8.1.0/../../../../x86_64-w64-mingw32/lib/../lib/libkernel32.a(dqifs00863.o)
                0x0000000068f57a60                InitializeCriticalSection
 .text          0x0000000068f57a68        0x8 C:/mingw64/bin/../lib/gcc/x86_64-w64-mingw32/8.1.0/../../../../x86_64-w64-mingw32/lib/../lib/libkernel32.a(dqifs00801.o)
                0x0000000068f57a68                GetVolumePathNameW
 .text          0x0000000068f57a70        0x8 C:/mingw64/bin/../lib/gcc/x86_64-w64-mingw32/8.1.0/../../../../x86_64-w64-mingw32/lib/../lib/libkernel32.a(dqifs00799.o)
                0x0000000068f57a70                GetVolumeNameForVolumeMountPointW
 .text          0x0000000068f57a78        0x8 C:/mingw64/bin/../lib/gcc/x86_64-w64-mingw32/8.1.0/../../../../x86_64-w64-mingw32/lib/../lib/libkernel32.a(dqifs00774.o)
                0x0000000068f57a78                GetTickCount
 .text          0x0000000068f57a80        0x8 C:/mingw64/bin/../lib/gcc/x86_64-w64-mingw32/8.1.0/../../../../x86_64-w64-mingw32/lib/../lib/libkernel32.a(dqifs00746.o)
                0x0000000068f57a80                GetSystemTimeAsFileTime
 .text          0x0000000068f57a88        0x8 C:/mingw64/bin/../lib/gcc/x86_64-w64-mingw32/8.1.0/../../../../x86_64-w64-mingw32/lib/../lib/libkernel32.a(dqifs00689.o)
                0x0000000068f57a88                GetProcAddress
 .text          0x0000000068f57a90        0x8 C:/mingw64/bin/../lib/gcc/x86_64-w64-mingw32/8.1.0/../../../../x86_64-w64-mingw32/lib/../lib/libkernel32.a(dqifs00686.o)
                0x0000000068f57a90                GetPrivateProfileStringW
 .text          0x0000000068f57a98        0x8 C:/mingw64/bin/../lib/gcc/x86_64-w64-mingw32/8.1.0/../../../../x86_64-w64-mingw32/lib/../lib/libkernel32.a(dqifs00680.o)
                0x0000000068f57a98                GetPrivateProfileIntW
 .text          0x0000000068f57aa0        0x8 C:/mingw64/bin/../lib/gcc/x86_64-w64-mingw32/8.1.0/../../../../x86_64-w64-mingw32/lib/../lib/libkernel32.a(dqifs00633.o)
                0x0000000068f57aa0                GetModuleHandleW
 .text          0x0000000068f57aa8        0x8 C:/mingw64/bin/../lib/gcc/x86_64-w64-mingw32/8.1.0/../../../../x86_64-w64-mingw32/lib/../lib/libkernel32.a(dqifs00629.o)
                0x0000000068f57aa8                GetModuleFileNameW
 .text          0x0000000068f57ab0        0x8 C:/mingw64/bin/../lib/gcc/x86_64-w64-mingw32/8.1.0/../../../../x86_64-w64-mingw32/lib/../lib/libkernel32.a(dqifs00609.o)
                0x0000000068f57ab0                GetLastError
 .text          0x0000000068f57ab8        0x8 C:/mingw64/bin/../lib/gcc/x86_64-w64-mingw32/8.1.0/../../../../x86_64-w64-mingw32/lib/../lib/libkernel32.a(dqifs00583.o)
                0x0000000068f57ab8                GetFileAttributesW
 .text          0x0000000068f57ac0        0x8 C:/mingw64/bin/../lib/gcc/x86_64-w64-mingw32/8.1.0/../../../../x86_64-w64-mingw32/lib/../lib/libkernel32.a(dqifs00554.o)
                0x0000000068f57ac0                GetDiskFreeSpaceExW
 .text          0x0000000068f57ac8        0x8 C:/mingw64/bin/../lib/gcc/x86_64-w64-mingw32/8.1.0/../../../../x86_64-w64-mingw32/lib/../lib/libkernel32.a(dqifs00540.o)
                0x0000000068f57ac8                GetCurrentThreadId
 .text          0x0000000068f57ad0        0x8 C:/mingw64/bin/../lib/gcc/x86_64-w64-mingw32/8.1.0/../../../../x86_64-w64-mingw32/lib/../lib/libkernel32.a(dqifs00536.o)
                0x0000000068f57ad0                GetCurrentProcessId
 .text          0x0000000068f57ad8        0x8 C:/mingw64/bin/../lib/gcc/x86_64-w64-mingw32/8.1.0/../../../../x86_64-w64-mingw32/lib/../lib/libkernel32.a(dqifs00535.o)
                0x0000000068f57ad8                GetCurrentProcess
 .text          0x0000000068f57ae0        0x8 C:/mingw64/bin/../lib/gcc/x86_64-w64-mingw32/8.1.0/../../../../x86_64-w64-mingw32/lib/../lib/libkernel32.a(dqifs00415.o)
                0x0000000068f57ae0                FlushFileBuffers
 .text          0x0000000068f57ae8        0x8 C:/mingw64/bin/../lib/gcc/x86_64-w64-mingw32/8.1.0/../../../../x86_64-w64-mingw32/lib/../lib/libkernel32.a(dqifs00396.o)
                0x0000000068f57ae8                FindNextFileW
 .text          0x0000000068f57af0        0x8 C:/mingw64/bin/../lib/gcc/x86_64-w64-mingw32/8.1.0/../../../../x86_64-w64-mingw32/lib/../lib/libkernel32.a(dqifs00384.o)
                0x0000000068f57af0                FindFirstFileW
 .text          0x0000000068f57af8        0x8 C:/mingw64/bin/../lib/gcc/x86_64-w64-mingw32/8.1.0/../../../../x86_64-w64-mingw32/lib/../lib/libkernel32.a(dqifs00373.o)
                0x0000000068f57af8                FindClose
 .text          0x0000000068f57b00        0x8 C:/mingw64/bin/../lib/gcc/x86_64-w64-mingw32/8.1.0/../../../../x86_64-w64-mingw32/lib/../lib/libkernel32.a(dqifs00304.o)
                0x0000000068f57b00                EnterCriticalSection
 .text          0x0000000068f57b08        0x8 C:/mingw64/bin/../lib/gcc/x86_64-w64-mingw32/8.1.0/../../../../x86_64-w64-mingw32/lib/../lib/libkernel32.a(dqifs00289.o)
                0x0000000068f57b08                DisconnectNamedPipe
 .text          0x0000000068f57b10        0x8 C:/mingw64/bin/../lib/gcc/x86_64-w64-mingw32/8.1.0/../../../../x86_64-w64-mingw32/lib/../lib/libkernel32.a(dqifs00268.o)
                0x0000000068f57b10                DeleteCriticalSection
 .text          0x0000000068f57b18        0x8 C:/mingw64/bin/../lib/gcc/x86_64-w64-mingw32/8.1.0/../../../../x86_64-w64-mingw32/lib/../lib/libkernel32.a(dqifs00231.o)
                0x0000000068f57b18                CreateSemaphoreW
 .text          0x0000000068f57b20        0x8 C:/mingw64/bin/../lib/gcc/x86_64-w64-mingw32/8.1.0/../../../../x86_64-w64-mingw32/lib/../lib/libkernel32.a(dqifs00216.o)
                0x0000000068f57b20                CreateNamedPipeW
 .text          0x0000000068f57b28        0x8 C:/mingw64/bin/../lib/gcc/x86_64-w64-mingw32/8.1.0/../../../../x86_64-w64-mingw32/lib/../lib/libkernel32.a(dqifs00199.o)
                0x0000000068f57b28                CreateFileW
 .text          0x0000000068f57b30        0x8 C:/mingw64/bin/../lib/gcc/x86_64-w64-mingw32/8.1.0/../../../../x86_64-w64-mingw32/lib/../lib/libkernel32.a(dqifs00187.o)
                0x0000000068f57b30                CreateEventW
 .text          0x0000000068f57b38        0x8 C:/mingw64/bin/../lib/gcc/x86_64-w64-mingw32/8.1.0/../../../../x86_64-w64-mingw32/lib/../lib/libkernel32.a(dqifs00183.o)
                0x0000000068f57b38                CreateDirectoryW
 .text          0x0000000068f57b40        0x8 C:/mingw64/bin/../lib/gcc/x86_64-w64-mingw32/8.1.0/../../../../x86_64-w64-mingw32/lib/../lib/libkernel32.a(dqifs00151.o)
                0x0000000068f57b40                ConnectNamedPipe
 .text          0x0000000068f57b48        0x8 C:/mingw64/bin/../lib/gcc/x86_64-w64-mingw32/8.1.0/../../../../x86_64-w64-mingw32/lib/../lib/libkernel32.a(dqifs00130.o)
                0x0000000068f57b48                CloseHandle
 .text          0x0000000068f57b50        0x8 C:/mingw64/bin/../lib/gcc/x86_64-w64-mingw32/8.1.0/../../../../x86_64-w64-mingw32/lib/../lib/libkernel32.a(dqifs00109.o)
                0x0000000068f57b50                CancelIo
 *fill*         0x0000000068f57b58        0x8 
 .text          0x0000000068f57b60        0x0 C:/mingw64/bin/../lib/gcc/x86_64-w64-mingw32/8.1.0/../../../../x86_64-w64-mingw32/lib/../lib/libkernel32.a(dqifh.o)
 .text          0x0000000068f57b60        0x0 C:/mingw64/bin/../lib/gcc/x86_64-w64-mingw32/8.1.0/../../../../x86_64-w64-mingw32/lib/../lib/libkernel32.a(dqift.o)
 .text          0x0000000068f57b60       0x30 C:/mingw64/bin/../lib/gcc/x86_64-w64-mingw32/8.1.0/../../../../x86_64-w64-mingw32/lib/../lib/libmingw32.a(lib64_libmingw32_a-tlsmthread.o)
                0x0000000068f57b60                __mingwthr_remove_key_dtor
                0x0000000068f57b70                __mingwthr_key_dtor
 .text          0x0000000068f57b90       0x10 C:/mingw64/bin/../lib/gcc/x86_64-w64-mingw32/8.1.0/../../../../x86_64-w64-mingw32/lib/../lib/libmingwex.a(lib64_libmingwex_a-vsnprintf.o)
                0x0000000068f57b90                __ms_vsnprintf
 .text          0x0000000068f57ba0        0x8 C:/mingw64/bin/../lib/gcc/x86_64-w64-mingw32/8.1.0/../../../../x86_64-w64-mingw32/lib/../lib/libmsvcrt.a(duags00852.o)
                0x0000000068f57ba0                _vsnprintf
 *fill*         0x0000000068f57ba8        0x8 
 .text          0x0000000068f57bb0        0x0 C:/mingw64/bin/../lib/gcc/x86_64-w64-mingw32/8.1.0/crtend.o
 *(SORT_BY_NAME(.text$*))
 .text$_Z10swprintf_sILy32EEiRAT__wPKwz
                0x0000000068f57bb0       0x30 Common__CtrlCmdUtil.cpp.obj
                0x0000000068f57bb0                int swprintf_s<32ull>(wchar_t (&) [32ull], wchar_t const*, ...)
 .text$_Z26AddDebugLogFormatNoNewlinePKwz
                0x0000000068f57be0       0x70 Common__PipeServer.cpp.obj
                0x0000000068f57be0                AddDebugLogFormatNoNewline(wchar_t const*, ...)
 .text$_Z9sprintf_sILy16EEiRAT__cPKcz
                0x0000000068f57c50       0x30 Common__SendCtrlCmd.cpp.obj
                0x0000000068f57c50                int sprintf_s<16ull>(char (&) [16ull], char const*, ...)
 .text$_ZGTtNKSt13bad_exceptionD1Ev
                0x0000000068f57c80       0x10 C:/mingw64/bin/../lib/gcc/x86_64-w64-mingw32/8.1.0\libstdc++.a(eh_exception.o)
                0x0000000068f57c80                transaction clone for std::bad_exception::~bad_exception() const
 .text$_ZGTtNKSt9exceptionD1Ev
                0x0000000068f57c90       0x10 C:/mingw64/bin/../lib/gcc/x86_64-w64-mingw32/8.1.0\libstdc++.a(eh_exception.o)
                0x0000000068f57c90                transaction clone for std::exception::~exception() const
 .text$_ZL15get_ttype_entryP16lsda_header_infoy
                0x0000000068f57ca0       0x90 C:/mingw64/bin/../lib/gcc/x86_64-w64-mingw32/8.1.0\libstdc++.a(eh_personality.o)
 .text$_ZL16get_adjusted_ptrPKSt9type_infoS1_PPv
                0x0000000068f57d30       0x60 C:/mingw64/bin/../lib/gcc/x86_64-w64-mingw32/8.1.0\libstdc++.a(eh_personality.o)
 .text$_ZL17parse_lsda_headerP15_Unwind_ContextPKhP16lsda_header_info
                0x0000000068f57d90       0xf0 C:/mingw64/bin/../lib/gcc/x86_64-w64-mingw32/8.1.0\libstdc++.a(eh_personality.o)
 .text$_ZL20check_exception_specP16lsda_header_infoPKSt9type_infoPvx
                0x0000000068f57e80       0x80 C:/mingw64/bin/../lib/gcc/x86_64-w64-mingw32/8.1.0\libstdc++.a(eh_personality.o)
 .text$_ZL21base_of_encoded_valuehP15_Unwind_Context
                0x0000000068f57f00       0x70 C:/mingw64/bin/../lib/gcc/x86_64-w64-mingw32/8.1.0\libstdc++.a(eh_personality.o)
 .text$_ZL23__gxx_exception_cleanup19_Unwind_Reason_CodeP17_Unwind_Exception
                0x0000000068f57f70       0x40 C:/mingw64/bin/../lib/gcc/x86_64-w64-mingw32/8.1.0\libstdc++.a(eh_throw.o)
 .text$_ZL28read_encoded_value_with_basehyPKhPy
                0x0000000068f57fb0      0x160 C:/mingw64/bin/../lib/gcc/x86_64-w64-mingw32/8.1.0\libstdc++.a(eh_personality.o)
 .text$_ZN10CCmdStreamaSEOS_
                0x0000000068f58110       0x90 EpgTimerPlugIn.cpp.obj
                0x0000000068f58110                CCmdStream::operator=(CCmdStream&&)
 .text$_ZN10__cxxabiv111__terminateEPFvvE
                0x0000000068f581a0       0x40 C:/mingw64/bin/../lib/gcc/x86_64-w64-mingw32/8.1.0\libstdc++.a(eh_terminate.o)
                0x0000000068f581a0                __cxxabiv1::__terminate(void (*)())
 .text$_ZN10__cxxabiv112__unexpectedEPFvvE
                0x0000000068f581e0       0x10 C:/mingw64/bin/../lib/gcc/x86_64-w64-mingw32/8.1.0\libstdc++.a(eh_terminate.o)
                0x0000000068f581e0                __cxxabiv1::__unexpected(void (*)())
 .text$_ZN10__cxxabiv115__forced_unwindD0Ev
                0x0000000068f581f0       0x10 C:/mingw64/bin/../lib/gcc/x86_64-w64-mingw32/8.1.0\libstdc++.a(eh_exception.o)
                0x0000000068f581f0                __cxxabiv1::__forced_unwind::~__forced_unwind()
 .text$_ZN10__cxxabiv115__forced_unwindD2Ev
                0x0000000068f58200       0x10 C:/mingw64/bin/../lib/gcc/x86_64-w64-mingw32/8.1.0\libstdc++.a(eh_exception.o)
                0x0000000068f58200                __cxxabiv1::__forced_unwind::~__forced_unwind()
                0x0000000068f58200                __cxxabiv1::__forced_unwind::~__forced_unwind()
 .text$_ZN10__cxxabiv117__class_type_infoD0Ev
                0x0000000068f58210       0x30 C:/mingw64/bin/../lib/gcc/x86_64-w64-mingw32/8.1.0\libstdc++.a(class_type_info.o)
                0x0000000068f58210                __cxxabiv1::__class_type_info::~__class_type_info()
 .text$_ZN10__cxxabiv117__class_type_infoD2Ev
                0x0000000068f58240       0x10 C:/mingw64/bin/../lib/gcc/x86_64-w64-mingw32/8.1.0\libstdc++.a(class_type_info.o)
                0x0000000068f58240                __cxxabiv1::__class_type_info::~__class_type_info()
                0x0000000068f58240                __cxxabiv1::__class_type_info::~__class_type_info()
 .text$_ZN10__cxxabiv119__foreign_exceptionD0Ev
                0x0000000068f58250       0x10 C:/mingw64/bin/../lib/gcc/x86_64-w64-mingw32/8.1.0\libstdc++.a(eh_exception.o)
                0x0000000068f58250                __cxxabiv1::__foreign_exception::~__foreign_exception()
 .text$_ZN10__cxxabiv119__foreign_exceptionD2Ev
                0x0000000068f58260       0x10 C:/mingw64/bin/../lib/gcc/x86_64-w64-mingw32/8.1.0\libstdc++.a(eh_exception.o)
                0x0000000068f58260                __cxxabiv1::__foreign_exception::~__foreign_exception()
                0x0000000068f58260                __cxxabiv1::__foreign_exception::~__foreign_exception()
 .text$_ZN10__cxxabiv120__si_class_type_infoD0Ev
                0x0000000068f58270       0x30 C:/mingw64/bin/../lib/gcc/x86_64-w64-mingw32/8.1.0\libstdc++.a(si_class_type_info.o)
                0x0000000068f58270                __cxxabiv1::__si_class_type_info::~__si_class_type_info()
 .text$_ZN10__cxxabiv120__si_class_type_infoD2Ev
                0x0000000068f582a0       0x10 C:/mingw64/bin/../lib/gcc/x86_64-w64-mingw32/8.1.0\libstdc++.a(si_class_type_info.o)
                0x0000000068f582a0                __cxxabiv1::__si_class_type_info::~__si_class_type_info()
                0x0000000068f582a0                __cxxabiv1::__si_class_type_info::~__si_class_type_info()
 .text$_ZN10__cxxabiv1L21__gxx_personality_impEiiyP17_Unwind_ExceptionP15_Unwind_Context
                0x0000000068f582b0      0x5b0 C:/mingw64/bin/../lib/gcc/x86_64-w64-mingw32/8.1.0\libstdc++.a(eh_personality.o)
 .text$_ZN12CSendCtrlCmd11SendCmdDataI14NWPLAY_POS_CMDEEmmRKT_P10CCmdStream
                0x0000000068f58860       0xc0 StreamCtrlDlg.cpp.obj
                0x0000000068f58860                unsigned long CSendCtrlCmd::SendCmdData<NWPLAY_POS_CMD>(unsigned long, NWPLAY_POS_CMD const&, CCmdStream*)
 .text$_ZN12CSendCtrlCmd11SendCmdDataImEEmmRKT_P10CCmdStream
                0x0000000068f58920       0xb0 StreamCtrlDlg.cpp.obj
                0x0000000068f58920                unsigned long CSendCtrlCmd::SendCmdData<unsigned long>(unsigned long, unsigned long const&, CCmdStream*)
 .text$_ZN12CSendCtrlCmd14SendNwPlayStopEm
                0x0000000068f589d0       0x20 StreamCtrlDlg.cpp.obj
                0x0000000068f589d0                CSendCtrlCmd::SendNwPlayStop(unsigned long)
 .text$_ZN12CSendCtrlCmd15SendNwPlayStartEm
                0x0000000068f589f0       0x20 StreamCtrlDlg.cpp.obj
                0x0000000068f589f0                CSendCtrlCmd::SendNwPlayStart(unsigned long)
 .text$_ZN12CSendCtrlCmd16SendNwPlayGetPosEP14NWPLAY_POS_CMD
                0x0000000068f58a10       0xc0 StreamCtrlDlg.cpp.obj
                0x0000000068f58a10                CSendCtrlCmd::SendNwPlayGetPos(NWPLAY_POS_CMD*)
 .text$_ZN12CSendCtrlCmd21SendAndReceiveCmdDataI16NWPLAY_PLAY_INFOS1_EEmmRKT_PT0_
                0x0000000068f58ad0      0x150 StreamCtrlDlg.cpp.obj
                0x0000000068f58ad0                unsigned long CSendCtrlCmd::SendAndReceiveCmdData<NWPLAY_PLAY_INFO, NWPLAY_PLAY_INFO>(unsigned long, NWPLAY_PLAY_INFO const&, NWPLAY_PLAY_INFO*)
 .text$_ZN12_GLOBAL__N_14pool4freeEPv.constprop.2
                0x0000000068f58c20      0x170 C:/mingw64/bin/../lib/gcc/x86_64-w64-mingw32/8.1.0\libstdc++.a(eh_alloc.o)
 .text$_ZN12_GLOBAL__N_14pool8allocateEy.constprop.3
                0x0000000068f58d90      0x150 C:/mingw64/bin/../lib/gcc/x86_64-w64-mingw32/8.1.0\libstdc++.a(eh_alloc.o)
 .text$_ZN15CEpgTimerPlugInD0Ev
                0x0000000068f58ee0       0x20 EpgTimerPlugIn.cpp.obj
                0x0000000068f58ee0                CEpgTimerPlugIn::~CEpgTimerPlugIn()
 .text$_ZN15CEpgTimerPlugInD1Ev
                0x0000000068f58f00       0x10 EpgTimerPlugIn.cpp.obj
                0x0000000068f58f00                CEpgTimerPlugIn::~CEpgTimerPlugIn()
 .text$_ZN15CEpgTimerPlugInD4Ev
                0x0000000068f58f10       0x70 EpgTimerPlugIn.cpp.obj
 .text$_ZN16CtrlCmdUtilImpl_23CCUTIL_ReadVectorVALUE_I11EPG_CONTENTEEbtPPKhS3_PSt6vectorIT_SaIS6_EE
                0x0000000068f58f80      0x1e0 Common__CtrlCmdUtil.cpp.obj
                0x0000000068f58f80                bool CtrlCmdUtilImpl_::CCUTIL_ReadVectorVALUE_<EPG_CONTENT>(unsigned short, unsigned char const**, unsigned char const*, std::vector<EPG_CONTENT, std::allocator<EPG_CONTENT> >*)
 .text$_ZN16CtrlCmdUtilImpl_23CCUTIL_ReadVectorVALUE_I14EPG_EVENT_DATAEEbtPPKhS3_PSt6vectorIT_SaIS6_EE
                0x0000000068f59160      0x1e0 Common__CtrlCmdUtil.cpp.obj
                0x0000000068f59160                bool CtrlCmdUtilImpl_::CCUTIL_ReadVectorVALUE_<EPG_EVENT_DATA>(unsigned short, unsigned char const**, unsigned char const*, std::vector<EPG_EVENT_DATA, std::allocator<EPG_EVENT_DATA> >*)
 .text$_ZN16CtrlCmdUtilImpl_23CCUTIL_ReadVectorVALUE_I16EPGDB_EVENT_INFOEEbtPPKhS3_PSt6vectorIT_SaIS6_EE
                0x0000000068f59340      0x220 Common__CtrlCmdUtil.cpp.obj
                0x0000000068f59340                bool CtrlCmdUtilImpl_::CCUTIL_ReadVectorVALUE_<EPGDB_EVENT_INFO>(unsigned short, unsigned char const**, unsigned char const*, std::vector<EPGDB_EVENT_INFO, std::allocator<EPGDB_EVENT_INFO> >*)
 .text$_ZN16CtrlCmdUtilImpl_23CCUTIL_ReadVectorVALUE_I17REC_FILE_SET_INFOEEbtPPKhS3_PSt6vectorIT_SaIS6_EE
                0x0000000068f59560      0x230 Common__CtrlCmdUtil.cpp.obj
                0x0000000068f59560                bool CtrlCmdUtilImpl_::CCUTIL_ReadVectorVALUE_<REC_FILE_SET_INFO>(unsigned short, unsigned char const**, unsigned char const*, std::vector<REC_FILE_SET_INFO, std::allocator<REC_FILE_SET_INFO> >*)
 .text$_ZN16CtrlCmdUtilImpl_23CCUTIL_ReadVectorVALUE_I21EPGDB_SEARCH_KEY_INFOEEbtPPKhS3_PSt6vectorIT_SaIS6_EE
                0x0000000068f59790      0x220 Common__CtrlCmdUtil.cpp.obj
                0x0000000068f59790                bool CtrlCmdUtilImpl_::CCUTIL_ReadVectorVALUE_<EPGDB_SEARCH_KEY_INFO>(unsigned short, unsigned char const**, unsigned char const*, std::vector<EPGDB_SEARCH_KEY_INFO, std::allocator<EPGDB_SEARCH_KEY_INFO> >*)
 .text$_ZN16CtrlCmdUtilImpl_23CCUTIL_ReadVectorVALUE_I22EPGDB_SEARCH_DATE_INFOEEbtPPKhS3_PSt6vectorIT_SaIS6_EE
                0x0000000068f599b0      0x200 Common__CtrlCmdUtil.cpp.obj
                0x0000000068f599b0                bool CtrlCmdUtilImpl_::CCUTIL_ReadVectorVALUE_<EPGDB_SEARCH_DATE_INFO>(unsigned short, unsigned char const**, unsigned char const*, std::vector<EPGDB_SEARCH_DATE_INFO, std::allocator<EPGDB_SEARCH_DATE_INFO> >*)
 .text$_ZN16CtrlCmdUtilImpl_23CCUTIL_ReadVectorVALUE_I31EPGDB_AUDIO_COMPONENT_INFO_DATAEEbtPPKhS3_PSt6vectorIT_SaIS6_EE
                0x0000000068f59bb0      0x230 Common__CtrlCmdUtil.cpp.obj
                0x0000000068f59bb0                bool CtrlCmdUtilImpl_::CCUTIL_ReadVectorVALUE_<EPGDB_AUDIO_COMPONENT_INFO_DATA>(unsigned short, unsigned char const**, unsigned char const*, std::vector<EPGDB_AUDIO_COMPONENT_INFO_DATA, std::allocator<EPGDB_AUDIO_COMPONENT_INFO_DATA> >*)
 .text$_ZN16CtrlCmdUtilImpl_23CCUTIL_ReadVectorVALUE_INSt7__cxx1112basic_stringIwSt11char_traitsIwESaIwEEEEEbtPPKhS8_PSt6vectorIT_SaISB_EE
                0x0000000068f59de0      0x1f0 Common__CtrlCmdUtil.cpp.obj
                0x0000000068f59de0                bool CtrlCmdUtilImpl_::CCUTIL_ReadVectorVALUE_<std::__cxx11::basic_string<wchar_t, std::char_traits<wchar_t>, std::allocator<wchar_t> > >(unsigned short, unsigned char const**, unsigned char const*, std::vector<std::__cxx11::basic_string<wchar_t, std::char_traits<wchar_t>, std::allocator<wchar_t> >, std::allocator<std::__cxx11::basic_string<wchar_t, std::char_traits<wchar_t>, std::allocator<wchar_t> > > >*)
 .text$_ZN16CtrlCmdUtilImpl_23CCUTIL_ReadVectorVALUE_ItEEbtPPKhS2_PSt6vectorIT_SaIS5_EE
                0x0000000068f59fd0      0x1e0 Common__CtrlCmdUtil.cpp.obj
                0x0000000068f59fd0                bool CtrlCmdUtilImpl_::CCUTIL_ReadVectorVALUE_<unsigned short>(unsigned short, unsigned char const**, unsigned char const*, std::vector<unsigned short, std::allocator<unsigned short> >*)
 .text$_ZN16CtrlCmdUtilImpl_23CCUTIL_ReadVectorVALUE_IxEEbtPPKhS2_PSt6vectorIT_SaIS5_EE
                0x0000000068f5a1b0      0x1e0 Common__CtrlCmdUtil.cpp.obj
                0x0000000068f5a1b0                bool CtrlCmdUtilImpl_::CCUTIL_ReadVectorVALUE_<long long>(unsigned short, unsigned char const**, unsigned char const*, std::vector<long long, std::allocator<long long> >*)
 .text$_ZN16CtrlCmdUtilImpl_24CCUTIL_WriteVectorVALUE_I11EPG_CONTENTEEmtPhmRKSt6vectorIT_SaIS4_EE
                0x0000000068f5a390       0x80 Common__CtrlCmdUtil.cpp.obj
                0x0000000068f5a390                unsigned long CtrlCmdUtilImpl_::CCUTIL_WriteVectorVALUE_<EPG_CONTENT>(unsigned short, unsigned char*, unsigned long, std::vector<EPG_CONTENT, std::allocator<EPG_CONTENT> > const&)
 .text$_ZN16CtrlCmdUtilImpl_24CCUTIL_WriteVectorVALUE_I17REC_FILE_SET_INFOEEmtPhmRKSt6vectorIT_SaIS4_EE
                0x0000000068f5a410       0x80 Common__CtrlCmdUtil.cpp.obj
                0x0000000068f5a410                unsigned long CtrlCmdUtilImpl_::CCUTIL_WriteVectorVALUE_<REC_FILE_SET_INFO>(unsigned short, unsigned char*, unsigned long, std::vector<REC_FILE_SET_INFO, std::allocator<REC_FILE_SET_INFO> > const&)
 .text$_ZN16CtrlCmdUtilImpl_24CCUTIL_WriteVectorVALUE_ItEEmtPhmRKSt6vectorIT_SaIS3_EE
                0x0000000068f5a490       0x60 Common__CtrlCmdUtil.cpp.obj
                0x0000000068f5a490                unsigned long CtrlCmdUtilImpl_::CCUTIL_WriteVectorVALUE_<unsigned short>(unsigned short, unsigned char*, unsigned long, std::vector<unsigned short, std::allocator<unsigned short> > const&)
 .text$_ZN16CtrlCmdUtilImpl_9ReadVALUEEtPPKhS1_P11_SYSTEMTIME
                0x0000000068f5a4f0       0x20 Common__CtrlCmdUtil.cpp.obj
                0x0000000068f5a4f0                CtrlCmdUtilImpl_::ReadVALUE(unsigned short, unsigned char const**, unsigned char const*, _SYSTEMTIME*)
 .text$_ZN16EPGDB_EVENT_INFOC4EOS_
                0x0000000068f5a510      0x2b0 Common__CtrlCmdUtil.cpp.obj
 .text$_ZN17REC_FILE_SET_INFOC4EOS_
                0x0000000068f5a7c0       0x40 Common__CtrlCmdUtil.cpp.obj
 .text$_ZN17REC_FILE_SET_INFOC4ERKS_
                0x0000000068f5a800       0x80 Common__CtrlCmdUtil.cpp.obj
 .text$_ZN21EPGDB_SEARCH_KEY_INFOC4EOS_
                0x0000000068f5a880      0x270 Common__CtrlCmdUtil.cpp.obj
 .text$_ZN6TVTest10CTVTestApp10SetChannelEiit
                0x0000000068f5aaf0       0x30 EpgTimerPlugIn.cpp.obj
                0x0000000068f5aaf0                TVTest::CTVTestApp::SetChannel(int, int, unsigned short)
 .text$_ZN6TVTest10CTVTestApp13SetDriverNameEPKw
                0x0000000068f5ab20       0x30 EpgTimerPlugIn.cpp.obj
                0x0000000068f5ab20                TVTest::CTVTestApp::SetDriverName(wchar_t const*)
 .text$_ZN6TVTest10CTVTestAppD0Ev
                0x0000000068f5ab50       0x10 EpgTimerPlugIn.cpp.obj
                0x0000000068f5ab50                TVTest::CTVTestApp::~CTVTestApp()
 .text$_ZN6TVTest10CTVTestAppD1Ev
                0x0000000068f5ab60       0x10 EpgTimerPlugIn.cpp.obj
                0x0000000068f5ab60                TVTest::CTVTestApp::~CTVTestApp()
 .text$_ZN6TVTest13CTVTestPlugin10GetVersionEv
                0x0000000068f5ab70       0x10 EpgTimerPlugIn.cpp.obj
                0x0000000068f5ab70                TVTest::CTVTestPlugin::GetVersion()
 .text$_ZN6TVTest13CTVTestPlugin10InitializeEv
                0x0000000068f5ab80       0x10 EpgTimerPlugIn.cpp.obj
                0x0000000068f5ab80                TVTest::CTVTestPlugin::Initialize()
 .text$_ZN6TVTest13CTVTestPlugin8FinalizeEv
                0x0000000068f5ab90       0x10 EpgTimerPlugIn.cpp.obj
                0x0000000068f5ab90                TVTest::CTVTestPlugin::Finalize()
 .text$_ZN6TVTest13CTVTestPluginD4Ev
                0x0000000068f5aba0       0x20 EpgTimerPlugIn.cpp.obj
 .text$_ZN9__gnu_cxx15__concat_size_tEPcyy
                0x0000000068f5abc0       0x90 C:/mingw64/bin/../lib/gcc/x86_64-w64-mingw32/8.1.0\libstdc++.a(snprintf_lite.o)
                0x0000000068f5abc0                __gnu_cxx::__concat_size_t(char*, unsigned long long, unsigned long long)
 .text$_ZN9__gnu_cxx15__snprintf_liteEPcyPKcS0_
                0x0000000068f5ac50      0x100 C:/mingw64/bin/../lib/gcc/x86_64-w64-mingw32/8.1.0\libstdc++.a(snprintf_lite.o)
                0x0000000068f5ac50                __gnu_cxx::__snprintf_lite(char*, unsigned long long, char const*, char*)
 .text$_ZN9__gnu_cxx24__concurrence_lock_errorD0Ev
                0x0000000068f5ad50       0x30 C:/mingw64/bin/../lib/gcc/x86_64-w64-mingw32/8.1.0\libstdc++.a(eh_alloc.o)
                0x0000000068f5ad50                __gnu_cxx::__concurrence_lock_error::~__concurrence_lock_error()
 .text$_ZN9__gnu_cxx24__concurrence_lock_errorD1Ev
                0x0000000068f5ad80       0x10 C:/mingw64/bin/../lib/gcc/x86_64-w64-mingw32/8.1.0\libstdc++.a(eh_alloc.o)
                0x0000000068f5ad80                __gnu_cxx::__concurrence_lock_error::~__concurrence_lock_error()
 .text$_ZN9__gnu_cxx26__concurrence_unlock_errorD0Ev
                0x0000000068f5ad90       0x30 C:/mingw64/bin/../lib/gcc/x86_64-w64-mingw32/8.1.0\libstdc++.a(eh_alloc.o)
                0x0000000068f5ad90                __gnu_cxx::__concurrence_unlock_error::~__concurrence_unlock_error()
 .text$_ZN9__gnu_cxx26__concurrence_unlock_errorD1Ev
                0x0000000068f5adc0       0x10 C:/mingw64/bin/../lib/gcc/x86_64-w64-mingw32/8.1.0\libstdc++.a(eh_alloc.o)