Archive member included to satisfy reference by file (symbol)

C:/mingw64/bin/../lib/gcc/x86_64-w64-mingw32/8.1.0/../../../../x86_64-w64-mingw32/lib/../lib/libws2_32.a(dozfs00195.o)
                              SendTSTCPMain.cpp.obj (__imp_socket)
C:/mingw64/bin/../lib/gcc/x86_64-w64-mingw32/8.1.0/../../../../x86_64-w64-mingw32/lib/../lib/libws2_32.a(dozfs00193.o)
                              SendTSTCPMain.cpp.obj (__imp_setsockopt)
C:/mingw64/bin/../lib/gcc/x86_64-w64-mingw32/8.1.0/../../../../x86_64-w64-mingw32/lib/../lib/libws2_32.a(dozfs00192.o)
                              SendTSTCPMain.cpp.obj (__imp_sendto)
C:/mingw64/bin/../lib/gcc/x86_64-w64-mingw32/8.1.0/../../../../x86_64-w64-mingw32/lib/../lib/libws2_32.a(dozfs00191.o)
                              SendTSTCPMain.cpp.obj (__imp_send)
C:/mingw64/bin/../lib/gcc/x86_64-w64-mingw32/8.1.0/../../../../x86_64-w64-mingw32/lib/../lib/libws2_32.a(dozfs00190.o)
                              SendTSTCPMain.cpp.obj (__imp_select)
C:/mingw64/bin/../lib/gcc/x86_64-w64-mingw32/8.1.0/../../../../x86_64-w64-mingw32/lib/../lib/libws2_32.a(dozfs00184.o)
                              SendTSTCPMain.cpp.obj (__imp_ioctlsocket)
C:/mingw64/bin/../lib/gcc/x86_64-w64-mingw32/8.1.0/../../../../x86_64-w64-mingw32/lib/../lib/libws2_32.a(dozfs00166.o)
                              SendTSTCPMain.cpp.obj (__imp_getaddrinfo)
C:/mingw64/bin/../lib/gcc/x86_64-w64-mingw32/8.1.0/../../../../x86_64-w64-mingw32/lib/../lib/libws2_32.a(dozfs00165.o)
                              SendTSTCPMain.cpp.obj (__imp_freeaddrinfo)
C:/mingw64/bin/../lib/gcc/x86_64-w64-mingw32/8.1.0/../../../../x86_64-w64-mingw32/lib/../lib/libws2_32.a(dozfs00164.o)
                              SendTSTCPMain.cpp.obj (__imp_connect)
C:/mingw64/bin/../lib/gcc/x86_64-w64-mingw32/8.1.0/../../../../x86_64-w64-mingw32/lib/../lib/libws2_32.a(dozfs00163.o)
                              SendTSTCPMain.cpp.obj (__imp_closesocket)
C:/mingw64/bin/../lib/gcc/x86_64-w64-mingw32/8.1.0/../../../../x86_64-w64-mingw32/lib/../lib/libws2_32.a(dozfs00088.o)
                              SendTSTCPMain.cpp.obj (__imp_WSAStartup)
C:/mingw64/bin/../lib/gcc/x86_64-w64-mingw32/8.1.0/../../../../x86_64-w64-mingw32/lib/../lib/libws2_32.a(dozfs00047.o)
                              SendTSTCPMain.cpp.obj (__imp_WSAGetLastError)
C:/mingw64/bin/../lib/gcc/x86_64-w64-mingw32/8.1.0/../../../../x86_64-w64-mingw32/lib/../lib/libws2_32.a(dozfs00030.o)
                              SendTSTCPMain.cpp.obj (__imp_WSACleanup)
C:/mingw64/bin/../lib/gcc/x86_64-w64-mingw32/8.1.0/../../../../x86_64-w64-mingw32/lib/../lib/libws2_32.a(dozfh.o)
                              C:/mingw64/bin/../lib/gcc/x86_64-w64-mingw32/8.1.0/../../../../x86_64-w64-mingw32/lib/../lib/libws2_32.a(dozfs00195.o) (_head_lib64_libws2_32_a)
C:/mingw64/bin/../lib/gcc/x86_64-w64-mingw32/8.1.0/../../../../x86_64-w64-mingw32/lib/../lib/libws2_32.a(dozft.o)
                              C:/mingw64/bin/../lib/gcc/x86_64-w64-mingw32/8.1.0/../../../../x86_64-w64-mingw32/lib/../lib/libws2_32.a(dozfh.o) (__lib64_libws2_32_a_iname)
C:/mingw64/bin/../lib/gcc/x86_64-w64-mingw32/8.1.0\libstdc++.a(class_type_info.o)
                              SendTSTCP.cpp.obj (vtable for __cxxabiv1::__class_type_info)
C:/mingw64/bin/../lib/gcc/x86_64-w64-mingw32/8.1.0\libstdc++.a(del_op.o)
                              Common__StringUtil.cpp.obj (operator delete(void*))
C:/mingw64/bin/../lib/gcc/x86_64-w64-mingw32/8.1.0\libstdc++.a(del_ops.o)
                              SendTSTCP.cpp.obj (operator delete(void*, unsigned long long))
C:/mingw64/bin/../lib/gcc/x86_64-w64-mingw32/8.1.0\libstdc++.a(eh_alloc.o)
                              SendTSTCPMain.cpp.obj (__cxa_free_exception)
C:/mingw64/bin/../lib/gcc/x86_64-w64-mingw32/8.1.0\libstdc++.a(eh_catch.o)
                              Common__StringUtil.cpp.obj (__cxa_begin_catch)
C:/mingw64/bin/../lib/gcc/x86_64-w64-mingw32/8.1.0\libstdc++.a(eh_exception.o)
                              C:/mingw64/bin/../lib/gcc/x86_64-w64-mingw32/8.1.0\libstdc++.a(eh_alloc.o) (std::exception::~exception())
C:/mingw64/bin/../lib/gcc/x86_64-w64-mingw32/8.1.0\libstdc++.a(eh_globals.o)
                              C:/mingw64/bin/../lib/gcc/x86_64-w64-mingw32/8.1.0\libstdc++.a(eh_catch.o) (__cxa_get_globals)
C:/mingw64/bin/../lib/gcc/x86_64-w64-mingw32/8.1.0\libstdc++.a(eh_personality.o)
                              C:/mingw64/bin/../lib/gcc/x86_64-w64-mingw32/8.1.0\libstdc++.a(eh_alloc.o) (__cxa_call_unexpected)
C:/mingw64/bin/../lib/gcc/x86_64-w64-mingw32/8.1.0\libstdc++.a(eh_terminate.o)
                              C:/mingw64/bin/../lib/gcc/x86_64-w64-mingw32/8.1.0\libstdc++.a(eh_personality.o) (__cxxabiv1::__terminate(void (*)()))
C:/mingw64/bin/../lib/gcc/x86_64-w64-mingw32/8.1.0\libstdc++.a(eh_term_handler.o)
[...]
Memory Configuration

Name             Origin             Length             Attributes
*default*        0x0000000000000000 0xffffffffffffffff

Linker script and memory map

                0x0000000071080000                __image_base__ = 0x71080000
                0x0000000000000000                __dll__ = 0x0
                0x0000000071080000                __ImageBase = 0x71080000
                0x0000000000001000                __section_alignment__ = 0x1000
                0x0000000000000200                __file_alignment__ = 0x200
                0x0000000000000004                __major_os_version__ = 0x4
                0x0000000000000000                __minor_os_version__ = 0x0
                0x0000000000000000                __major_image_version__ = 0x0
                0x0000000000000000                __minor_image_version__ = 0x0
                0x0000000000000005                __major_subsystem_version__ = 0x5
                0x0000000000000002                __minor_subsystem_version__ = 0x2
                0x0000000000000003                __subsystem__ = 0x3
                0x0000000000200000                __size_of_stack_reserve__ = 0x200000
                0x0000000000001000                __size_of_stack_commit__ = 0x1000
                0x0000000000100000                __size_of_heap_reserve__ = 0x100000
                0x0000000000001000                __size_of_heap_commit__ = 0x1000
                0x0000000000000000                __loader_flags__ = 0x0
                0x0000000000000140                __dll_characteristics__ = 0x140
LOAD C:/mingw64/bin/../lib/gcc/x86_64-w64-mingw32/8.1.0/../../../../x86_64-w64-mingw32/lib/../lib/dllcrt2.o
LOAD C:/mingw64/bin/../lib/gcc/x86_64-w64-mingw32/8.1.0/crtbegin.o
LOAD Common__StringUtil.cpp.obj
LOAD dllmain.cpp.obj
LOAD SendTSTCP.cpp.obj
LOAD SendTSTCPMain.cpp.obj
LOAD stdafx.cpp.obj
LOAD SendTSTCP.rc.obj
LOAD C:/mingw64/bin/../lib/gcc/x86_64-w64-mingw32/8.1.0/../../../../x86_64-w64-mingw32/lib/../lib/libws2_32.a
LOAD C:/mingw64/bin/../lib/gcc/x86_64-w64-mingw32/8.1.0\libstdc++.a
LOAD C:/mingw64/bin/../lib/gcc/x86_64-w64-mingw32/8.1.0/../../../../x86_64-w64-mingw32/lib/../lib/libmingw32.a
LOAD C:/mingw64/bin/../lib/gcc/x86_64-w64-mingw32/8.1.0/libgcc.a
LOAD C:/mingw64/bin/../lib/gcc/x86_64-w64-mingw32/8.1.0/libgcc_eh.a
LOAD C:/mingw64/bin/../lib/gcc/x86_64-w64-mingw32/8.1.0/../../../../x86_64-w64-mingw32/lib/../lib/libmoldname.a
LOAD C:/mingw64/bin/../lib/gcc/x86_64-w64-mingw32/8.1.0/../../../../x86_64-w64-mingw32/lib/../lib/libmingwex.a
LOAD C:/mingw64/bin/../lib/gcc/x86_64-w64-mingw32/8.1.0/../../../../x86_64-w64-mingw32/lib/../lib/libmsvcrt.a
LOAD C:/mingw64/bin/../lib/gcc/x86_64-w64-mingw32/8.1.0/../../../../x86_64-w64-mingw32/lib/../lib/libadvapi32.a
LOAD C:/mingw64/bin/../lib/gcc/x86_64-w64-mingw32/8.1.0/../../../../x86_64-w64-mingw32/lib/../lib/libshell32.a
LOAD C:/mingw64/bin/../lib/gcc/x86_64-w64-mingw32/8.1.0/../../../../x86_64-w64-mingw32/lib/../lib/libuser32.a
LOAD C:/mingw64/bin/../lib/gcc/x86_64-w64-mingw32/8.1.0/../../../../x86_64-w64-mingw32/lib/../lib/libkernel32.a
LOAD C:/mingw64/bin/../lib/gcc/x86_64-w64-mingw32/8.1.0/../../../../x86_64-w64-mingw32/lib/../lib/libiconv.a
LOAD C:/mingw64/bin/../lib/gcc/x86_64-w64-mingw32/8.1.0/../../../../x86_64-w64-mingw32/lib/../lib/libmingw32.a
LOAD C:/mingw64/bin/../lib/gcc/x86_64-w64-mingw32/8.1.0/libgcc.a
LOAD C:/mingw64/bin/../lib/gcc/x86_64-w64-mingw32/8.1.0/libgcc_eh.a
LOAD C:/mingw64/bin/../lib/gcc/x86_64-w64-mingw32/8.1.0/../../../../x86_64-w64-mingw32/lib/../lib/libmoldname.a
LOAD C:/mingw64/bin/../lib/gcc/x86_64-w64-mingw32/8.1.0/../../../../x86_64-w64-mingw32/lib/../lib/libmingwex.a
LOAD C:/mingw64/bin/../lib/gcc/x86_64-w64-mingw32/8.1.0/../../../../x86_64-w64-mingw32/lib/../lib/libmsvcrt.a
LOAD C:/mingw64/bin/../lib/gcc/x86_64-w64-mingw32/8.1.0/crtend.o
                0x0000000000000368                . = SIZEOF_HEADERS
                0x0000000000001000                . = ALIGN (__section_alignment__)

.text           0x0000000071081000    0x19e00
 *(.init)
 *(.text)
 .text          0x0000000071081000      0x390 C:/mingw64/bin/../lib/gcc/x86_64-w64-mingw32/8.1.0/../../../../x86_64-w64-mingw32/lib/../lib/dllcrt2.o
                0x0000000071081010                _CRT_INIT
                0x0000000071081330                DllMainCRTStartup
                0x0000000071081380                atexit
 .text          0x0000000071081390       0x20 C:/mingw64/bin/../lib/gcc/x86_64-w64-mingw32/8.1.0/crtbegin.o
                0x0000000071081390                __gcc_register_frame
                0x00000000710813a0                __gcc_deregister_frame
 .text          0x00000000710813b0      0x9d0 Common__StringUtil.cpp.obj
                0x0000000071081410                CompareNoCase(char const*, char const*)
                0x000000007108145a                CompareNoCase(wchar_t const*, wchar_t const*)
                0x00000000710814a8                AtoW(char const*, unsigned long long, std::vector<wchar_t, std::allocator<wchar_t> >&, UTIL_CONV_CODE)
                0x0000000071081765                WtoA(wchar_t const*, unsigned long long, std::vector<char, std::allocator<char> >&, UTIL_CONV_CODE)
                0x00000000710819a7                Format(std::__cxx11::basic_string<wchar_t, std::char_traits<wchar_t>, std::allocator<wchar_t> >&, wchar_t const*, ...)
                0x0000000071081aae                AtoW(std::__cxx11::basic_string<char, std::char_traits<char>, std::allocator<char> > const&, std::__cxx11::basic_string<wchar_t, std::char_traits<wchar_t>, std::allocator<wchar_t> >&, UTIL_CONV_CODE)
                0x0000000071081b31                Separate(std::__cxx11::basic_string<wchar_t, std::char_traits<wchar_t>, std::allocator<wchar_t> > const&, wchar_t const*, std::__cxx11::basic_string<wchar_t, std::char_traits<wchar_t>, std::allocator<wchar_t> >&, std::__cxx11::basic_string<wchar_t, std::char_traits<wchar_t>, std::allocator<wchar_t> >&)
                0x0000000071081c2c                Replace(std::__cxx11::basic_string<wchar_t, std::char_traits<wchar_t>, std::allocator<wchar_t> >&, std::__cxx11::basic_string<wchar_t, std::char_traits<wchar_t>, std::allocator<wchar_t> > const&, std::__cxx11::basic_string<wchar_t, std::char_traits<wchar_t>, std::allocator<wchar_t> > const&)
                0x0000000071081cfd                WtoA(std::__cxx11::basic_string<wchar_t, std::char_traits<wchar_t>, std::allocator<wchar_t> > const&, std::__cxx11::basic_string<char, std::char_traits<char>, std::allocator<char> >&, UTIL_CONV_CODE)
 .text          0x0000000071081d80       0x10 dllmain.cpp.obj
                0x0000000071081d80                DllMain
 .text          0x0000000071081d90      0x600 SendTSTCP.cpp.obj
                0x0000000071081e32                AddSendAddrDLL
                0x0000000071081ea1                AddSendAddrUdpDLL
                0x0000000071081f2b                ClearSendAddrDLL
                0x0000000071081f8c                StartSendDLL
                0x0000000071081fed                StopSendDLL
                0x000000007108204e                AddSendDataDLL
                0x00000000710820bd                ClearSendBuffDLL
                0x000000007108211e                UnInitializeDLL
                0x00000000710821ad                InitializeDLL
 .text          0x0000000071082390     0x1960 SendTSTCPMain.cpp.obj
                0x0000000071082410                CSendTSTCPMain::CSendTSTCPMain()
                0x0000000071082410                CSendTSTCPMain::CSendTSTCPMain()
                0x00000000710824f4                CSendTSTCPMain::StartSend()
                0x00000000710825c6                CSendTSTCPMain::StopSend()
                0x000000007108265a                CSendTSTCPMain::ClearSendAddr()
                0x0000000071082708                CSendTSTCPMain::~CSendTSTCPMain()
                0x0000000071082708                CSendTSTCPMain::~CSendTSTCPMain()
                0x000000007108276e                CSendTSTCPMain::SendThread(CSendTSTCPMain*)
                0x0000000071083636                CSendTSTCPMain::AddSendAddr(wchar_t const*, unsigned long)
                0x00000000710837fc                CSendTSTCPMain::AddSendAddrUdp(wchar_t const*, unsigned long, int, int)
                0x0000000071083a64                CSendTSTCPMain::ClearSendBuff()
                0x0000000071083ae8                CSendTSTCPMain::AddSendData(unsigned char*, unsigned long)
 .text          0x0000000071083cf0        0x0 stdafx.cpp.obj
 .text          0x0000000071083cf0        0x8 C:/mingw64/bin/../lib/gcc/x86_64-w64-mingw32/8.1.0/../../../../x86_64-w64-mingw32/lib/../lib/libws2_32.a(dozfs00195.o)
                0x0000000071083cf0                socket
 .text          0x0000000071083cf8        0x8 C:/mingw64/bin/../lib/gcc/x86_64-w64-mingw32/8.1.0/../../../../x86_64-w64-mingw32/lib/../lib/libws2_32.a(dozfs00193.o)
                0x0000000071083cf8                setsockopt
 .text          0x0000000071083d00        0x8 C:/mingw64/bin/../lib/gcc/x86_64-w64-mingw32/8.1.0/../../../../x86_64-w64-mingw32/lib/../lib/libws2_32.a(dozfs00192.o)
                0x0000000071083d00                sendto
 .text          0x0000000071083d08        0x8 C:/mingw64/bin/../lib/gcc/x86_64-w64-mingw32/8.1.0/../../../../x86_64-w64-mingw32/lib/../lib/libws2_32.a(dozfs00191.o)
                0x0000000071083d08                send
 .text          0x0000000071083d10        0x8 C:/mingw64/bin/../lib/gcc/x86_64-w64-mingw32/8.1.0/../../../../x86_64-w64-mingw32/lib/../lib/libws2_32.a(dozfs00190.o)
                0x0000000071083d10                select
 .text          0x0000000071083d18        0x8 C:/mingw64/bin/../lib/gcc/x86_64-w64-mingw32/8.1.0/../../../../x86_64-w64-mingw32/lib/../lib/libws2_32.a(dozfs00184.o)
                0x0000000071083d18                ioctlsocket
 .text          0x0000000071083d20        0x8 C:/mingw64/bin/../lib/gcc/x86_64-w64-mingw32/8.1.0/../../../../x86_64-w64-mingw32/lib/../lib/libws2_32.a(dozfs00166.o)
                0x0000000071083d20                getaddrinfo
 .text          0x0000000071083d28        0x8 C:/mingw64/bin/../lib/gcc/x86_64-w64-mingw32/8.1.0/../../../../x86_64-w64-mingw32/lib/../lib/libws2_32.a(dozfs00165.o)
                0x0000000071083d28                freeaddrinfo
 .text          0x0000000071083d30        0x8 C:/mingw64/bin/../lib/gcc/x86_64-w64-mingw32/8.1.0/../../../../x86_64-w64-mingw32/lib/../lib/libws2_32.a(dozfs00164.o)
                0x0000000071083d30                connect
 .text          0x0000000071083d38        0x8 C:/mingw64/bin/../lib/gcc/x86_64-w64-mingw32/8.1.0/../../../../x86_64-w64-mingw32/lib/../lib/libws2_32.a(dozfs00163.o)
                0x0000000071083d38                closesocket
 .text          0x0000000071083d40        0x8 C:/mingw64/bin/../lib/gcc/x86_64-w64-mingw32/8.1.0/../../../../x86_64-w64-mingw32/lib/../lib/libws2_32.a(dozfs00088.o)
                0x0000000071083d40                WSAStartup
 .text          0x0000000071083d48        0x8 C:/mingw64/bin/../lib/gcc/x86_64-w64-mingw32/8.1.0/../../../../x86_64-w64-mingw32/lib/../lib/libws2_32.a(dozfs00047.o)
                0x0000000071083d48                WSAGetLastError
 .text          0x0000000071083d50        0x8 C:/mingw64/bin/../lib/gcc/x86_64-w64-mingw32/8.1.0/../../../../x86_64-w64-mingw32/lib/../lib/libws2_32.a(dozfs00030.o)
                0x0000000071083d50                WSACleanup
 *fill*         0x0000000071083d58        0x8 
 .text          0x0000000071083d60        0x0 C:/mingw64/bin/../lib/gcc/x86_64-w64-mingw32/8.1.0/../../../../x86_64-w64-mingw32/lib/../lib/libws2_32.a(dozfh.o)
 .text          0x0000000071083d60        0x0 C:/mingw64/bin/../lib/gcc/x86_64-w64-mingw32/8.1.0/../../../../x86_64-w64-mingw32/lib/../lib/libws2_32.a(dozft.o)
 .text          0x0000000071083d60        0x0 C:/mingw64/bin/../lib/gcc/x86_64-w64-mingw32/8.1.0\libstdc++.a(class_type_info.o)
 .text          0x0000000071083d60        0x0 C:/mingw64/bin/../lib/gcc/x86_64-w64-mingw32/8.1.0\libstdc++.a(del_op.o)
 .text          0x0000000071083d60        0x0 C:/mingw64/bin/../lib/gcc/x86_64-w64-mingw32/8.1.0\libstdc++.a(del_ops.o)
 .text          0x0000000071083d60        0x0 C:/mingw64/bin/../lib/gcc/x86_64-w64-mingw32/8.1.0\libstdc++.a(eh_alloc.o)
 .text          0x0000000071083d60        0x0 C:/mingw64/bin/../lib/gcc/x86_64-w64-mingw32/8.1.0\libstdc++.a(eh_catch.o)
 .text          0x0000000071083d60        0x0 C:/mingw64/bin/../lib/gcc/x86_64-w64-mingw32/8.1.0\libstdc++.a(eh_exception.o)
 .text          0x0000000071083d60        0x0 C:/mingw64/bin/../lib/gcc/x86_64-w64-mingw32/8.1.0\libstdc++.a(eh_globals.o)
 .text          0x0000000071083d60        0x0 C:/mingw64/bin/../lib/gcc/x86_64-w64-mingw32/8.1.0\libstdc++.a(eh_personality.o)
 .text          0x0000000071083d60        0x0 C:/mingw64/bin/../lib/gcc/x86_64-w64-mingw32/8.1.0\libstdc++.a(eh_terminate.o)
 .text          0x0000000071083d60        0x0 C:/mingw64/bin/../lib/gcc/x86_64-w64-mingw32/8.1.0\libstdc++.a(eh_term_handler.o)
 .text          0x0000000071083d60        0x0 C:/mingw64/bin/../lib/gcc/x86_64-w64-mingw32/8.1.0\libstdc++.a(eh_throw.o)
 .text          0x0000000071083d60        0x0 C:/mingw64/bin/../lib/gcc/x86_64-w64-mingw32/8.1.0\libstdc++.a(eh_unex_handler.o)
 .text          0x0000000071083d60        0x0 C:/mingw64/bin/../lib/gcc/x86_64-w64-mingw32/8.1.0\libstdc++.a(new_op.o)
 .text          0x0000000071083d60        0x0 C:/mingw64/bin/../lib/gcc/x86_64-w64-mingw32/8.1.0\libstdc++.a(pure.o)
 .text          0x0000000071083d60        0x0 C:/mingw64/bin/../lib/gcc/x86_64-w64-mingw32/8.1.0\libstdc++.a(si_class_type_info.o)
 .text          0x0000000071083d60        0x0 C:/mingw64/bin/../lib/gcc/x86_64-w64-mingw32/8.1.0\libstdc++.a(tinfo.o)
 .text          0x0000000071083d60        0x0 C:/mingw64/bin/../lib/gcc/x86_64-w64-mingw32/8.1.0\libstdc++.a(vterminate.o)
 .text          0x0000000071083d60        0x0 C:/mingw64/bin/../lib/gcc/x86_64-w64-mingw32/8.1.0\libstdc++.a(list.o)
 .text          0x0000000071083d60        0x0 C:/mingw64/bin/../lib/gcc/x86_64-w64-mingw32/8.1.0\libstdc++.a(stdexcept.o)
 .text          0x0000000071083d60        0x0 C:/mingw64/bin/../lib/gcc/x86_64-w64-mingw32/8.1.0\libstdc++.a(tree.o)
 .text          0x0000000071083d60        0x0 C:/mingw64/bin/../lib/gcc/x86_64-w64-mingw32/8.1.0\libstdc++.a(cow-stdexcept.o)
 .text          0x0000000071083d60        0x0 C:/mingw64/bin/../lib/gcc/x86_64-w64-mingw32/8.1.0\libstdc++.a(cow-string-inst.o)
 .text          0x0000000071083d60        0x0 C:/mingw64/bin/../lib/gcc/x86_64-w64-mingw32/8.1.0\libstdc++.a(functexcept.o)
 .text          0x0000000071083d60        0x0 C:/mingw64/bin/../lib/gcc/x86_64-w64-mingw32/8.1.0\libstdc++.a(snprintf_lite.o)
 .text          0x0000000071083d60        0x0 C:/mingw64/bin/../lib/gcc/x86_64-w64-mingw32/8.1.0\libstdc++.a(sso_string.o)
 .text          0x0000000071083d60        0x0 C:/mingw64/bin/../lib/gcc/x86_64-w64-mingw32/8.1.0\libstdc++.a(string-inst.o)
 .text          0x0000000071083d60        0x0 C:/mingw64/bin/../lib/gcc/x86_64-w64-mingw32/8.1.0\libstdc++.a(bad_alloc.o)
 .text          0x0000000071083d60        0x0 C:/mingw64/bin/../lib/gcc/x86_64-w64-mingw32/8.1.0\libstdc++.a(bad_cast.o)
 .text          0x0000000071083d60        0x0 C:/mingw64/bin/../lib/gcc/x86_64-w64-mingw32/8.1.0\libstdc++.a(bad_typeid.o)
 .text          0x0000000071083d60     0x96f0 C:/mingw64/bin/../lib/gcc/x86_64-w64-mingw32/8.1.0\libstdc++.a(cp-demangle.o)
                0x000000007108d2c0                __cxa_demangle
                0x000000007108d420                __gcclibcxx_demangle_callback
 .text          0x000000007108d450        0x0 C:/mingw64/bin/../lib/gcc/x86_64-w64-mingw32/8.1.0\libstdc++.a(eh_call.o)
 .text          0x000000007108d450        0x0 C:/mingw64/bin/../lib/gcc/x86_64-w64-mingw32/8.1.0\libstdc++.a(eh_type.o)
 .text          0x000000007108d450        0x0 C:/mingw64/bin/../lib/gcc/x86_64-w64-mingw32/8.1.0\libstdc++.a(new_handler.o)
 .text          0x000000007108d450       0xd0 C:/mingw64/bin/../lib/gcc/x86_64-w64-mingw32/8.1.0/../../../../x86_64-w64-mingw32/lib/../lib/libmingw32.a(lib64_libmingw32_a-gccmain.o)
                0x000000007108d450                __do_global_dtors
                0x000000007108d490                __do_global_ctors
                0x000000007108d500                __main
 .text          0x000000007108d520        0x0 C:/mingw64/bin/../lib/gcc/x86_64-w64-mingw32/8.1.0/../../../../x86_64-w64-mingw32/lib/../lib/libmingw32.a(lib64_libmingw32_a-natstart.o)
 .text          0x000000007108d520      0x1e0 C:/mingw64/bin/../lib/gcc/x86_64-w64-mingw32/8.1.0/../../../../x86_64-w64-mingw32/lib/../lib/libmingw32.a(lib64_libmingw32_a-gs_support.o)
                0x000000007108d520                __security_init_cookie
                0x000000007108d600                __report_gsfailure
 .text          0x000000007108d700       0xc0 C:/mingw64/bin/../lib/gcc/x86_64-w64-mingw32/8.1.0/../../../../x86_64-w64-mingw32/lib/../lib/libmingw32.a(lib64_libmingw32_a-tlssup.o)
                0x000000007108d730                __dyn_tls_init
                0x000000007108d7b0                __tlregdtor
 .text          0x000000007108d7c0        0x0 C:/mingw64/bin/../lib/gcc/x86_64-w64-mingw32/8.1.0/../../../../x86_64-w64-mingw32/lib/../lib/libmingw32.a(lib64_libmingw32_a-cinitexe.o)
 .text          0x000000007108d7c0       0x20 C:/mingw64/bin/../lib/gcc/x86_64-w64-mingw32/8.1.0/../../../../x86_64-w64-mingw32/lib/../lib/libmingw32.a(lib64_libmingw32_a-mingw_helpers.o)
                0x000000007108d7c0                _decode_pointer
                0x000000007108d7d0                _encode_pointer
 .text          0x000000007108d7e0      0x490 C:/mingw64/bin/../lib/gcc/x86_64-w64-mingw32/8.1.0/../../../../x86_64-w64-mingw32/lib/../lib/libmingw32.a(lib64_libmingw32_a-pseudo-reloc.o)
                0x000000007108d9b0                _pei386_runtime_relocator
 .text          0x000000007108dc70      0x480 C:/mingw64/bin/../lib/gcc/x86_64-w64-mingw32/8.1.0/../../../../x86_64-w64-mingw32/lib/../lib/libmingw32.a(lib64_libmingw32_a-crt_handler.o)
                0x000000007108dc70                __mingw_SEH_error_handler
                0x000000007108de10                __mingw_init_ehandler
                0x000000007108df00                _gnu_exception_handler
 .text          0x000000007108e0f0      0x270 C:/mingw64/bin/../lib/gcc/x86_64-w64-mingw32/8.1.0/../../../../x86_64-w64-mingw32/lib/../lib/libmingw32.a(lib64_libmingw32_a-tlsthrd.o)
                0x000000007108e160                ___w64_mingwthr_add_key_dtor
                0x000000007108e1e0                ___w64_mingwthr_remove_key_dtor
                0x000000007108e280                __mingw_TLScallback
 .text          0x000000007108e360        0x0 C:/mingw64/bin/../lib/gcc/x86_64-w64-mingw32/8.1.0/../../../../x86_64-w64-mingw32/lib/../lib/libmingw32.a(lib64_libmingw32_a-tlsmcrt.o)
 .text          0x000000007108e360        0x0 C:/mingw64/bin/../lib/gcc/x86_64-w64-mingw32/8.1.0/../../../../x86_64-w64-mingw32/lib/../lib/libmingw32.a(lib64_libmingw32_a-pseudo-reloc-list.o)
 .text          0x000000007108e360      0x3e0 C:/mingw64/bin/../lib/gcc/x86_64-w64-mingw32/8.1.0/../../../../x86_64-w64-mingw32/lib/../lib/libmingw32.a(lib64_libmingw32_a-pesect.o)
                0x000000007108e380                _ValidateImageBase
                0x000000007108e3a0                _FindPESection
                0x000000007108e3f0                _FindPESectionByName
                0x000000007108e480                __mingw_GetSectionForAddress
                0x000000007108e500                __mingw_GetSectionCount
                0x000000007108e540                _FindPESectionExec
                0x000000007108e5b0                _GetPEImageBase
                0x000000007108e5f0                _IsNonwritableInCurrentImage
                0x000000007108e690                __mingw_enum_import_library_names
 .text          0x000000007108e740       0x10 C:/mingw64/bin/../lib/gcc/x86_64-w64-mingw32/8.1.0/../../../../x86_64-w64-mingw32/lib/../lib/libmingw32.a(lib64_libmingw32_a-CRT_fp10.o)
                0x000000007108e740                fpreset
                0x000000007108e740                _fpreset
 .text          0x000000007108e750       0x40 C:/mingw64/bin/../lib/gcc/x86_64-w64-mingw32/8.1.0/libgcc.a(_chkstk_ms.o)
                0x000000007108e750                ___chkstk_ms
 .text          0x000000007108e790        0x0 C:/mingw64/bin/../lib/gcc/x86_64-w64-mingw32/8.1.0/libgcc.a(_ctors.o)
 .text          0x000000007108e790      0x3b0 C:/mingw64/bin/../lib/gcc/x86_64-w64-mingw32/8.1.0/libgcc.a(gthr-win32.o)
                0x000000007108e790                __gthr_win32_once
                0x000000007108e810                __gthr_win32_key_create
                0x000000007108e850                __gthr_win32_key_delete
                0x000000007108e870                __gthr_win32_getspecific
                0x000000007108e8a0                __gthr_win32_setspecific
                0x000000007108e8c0                __gthr_win32_mutex_init_function
                0x000000007108e8f0                __gthr_win32_mutex_destroy
                0x000000007108e900                __gthr_win32_mutex_lock
                0x000000007108e950                __gthr_win32_mutex_trylock
                0x000000007108e970                __gthr_win32_mutex_unlock
                0x000000007108e9b0                __gthr_win32_recursive_mutex_init_function
                0x000000007108e9f0                __gthr_win32_recursive_mutex_lock
                0x000000007108ea70                __gthr_win32_recursive_mutex_trylock
                0x000000007108eac0                __gthr_win32_recursive_mutex_unlock
                0x000000007108eb20                __gthr_win32_recursive_mutex_destroy
 .text          0x000000007108eb40      0x630 C:/mingw64/bin/../lib/gcc/x86_64-w64-mingw32/8.1.0/libgcc_eh.a(unwind-seh.o)
                0x000000007108eba0                _Unwind_GetGR
                0x000000007108ebc0                _Unwind_SetGR
                0x000000007108ebe0                _Unwind_GetCFA
                0x000000007108ebf0                _Unwind_GetIP
                0x000000007108ec00                _Unwind_GetIPInfo
                0x000000007108ec10                _Unwind_SetIP
                0x000000007108ec20                _Unwind_GetLanguageSpecificData
                0x000000007108ec30                _Unwind_GetRegionStart
                0x000000007108ec40                _Unwind_FindEnclosingFunction
                0x000000007108ec70                _Unwind_GetDataRelBase
                0x000000007108ec80                _Unwind_GetTextRelBase
                0x000000007108ec90                _GCC_specific_handler
                0x000000007108eea0                _Unwind_RaiseException
                0x000000007108eef0                _Unwind_Resume
                0x000000007108efa0                _Unwind_Resume_or_Rethrow
                0x000000007108efc0                _Unwind_ForcedUnwind
                0x000000007108eff0                _Unwind_DeleteException
                0x000000007108f010                _Unwind_Backtrace
 .text          0x000000007108f170      0x3b0 C:/mingw64/bin/../lib/gcc/x86_64-w64-mingw32/8.1.0/libgcc_eh.a(emutls.o)
                0x000000007108f2b0                __emutls_get_address
                0x000000007108f4f0                __emutls_register_common
 .text          0x000000007108f520       0x10 C:/mingw64/bin/../lib/gcc/x86_64-w64-mingw32/8.1.0/../../../../x86_64-w64-mingw32/lib/../lib/libmingwex.a(lib64_libmingwex_a-dllentry.o)
                0x000000007108f520                DllEntryPoint
 .text          0x000000007108f530        0x8 C:/mingw64/bin/../lib/gcc/x86_64-w64-mingw32/8.1.0/../../../../x86_64-w64-mingw32/lib/../lib/libmsvcrt.a(duags01264.o)
                0x000000007108f530                wcslen
 .text          0x000000007108f538        0x8 C:/mingw64/bin/../lib/gcc/x86_64-w64-mingw32/8.1.0/../../../../x86_64-w64-mingw32/lib/../lib/libmsvcrt.a(duags01243.o)
                0x000000007108f538                vfprintf
 .text          0x000000007108f540        0x8 C:/mingw64/bin/../lib/gcc/x86_64-w64-mingw32/8.1.0/../../../../x86_64-w64-mingw32/lib/../lib/libmsvcrt.a(duags01223.o)
                0x000000007108f540                strtoul
 .text          0x000000007108f548        0x8 C:/mingw64/bin/../lib/gcc/x86_64-w64-mingw32/8.1.0/../../../../x86_64-w64-mingw32/lib/../lib/libmsvcrt.a(duags01211.o)
                0x000000007108f548                strncmp
 .text          0x000000007108f550        0x8 C:/mingw64/bin/../lib/gcc/x86_64-w64-mingw32/8.1.0/../../../../x86_64-w64-mingw32/lib/../lib/libmsvcrt.a(duags01208.o)
                0x000000007108f550                strlen
 .text          0x000000007108f558        0x8 C:/mingw64/bin/../lib/gcc/x86_64-w64-mingw32/8.1.0/../../../../x86_64-w64-mingw32/lib/../lib/libmsvcrt.a(duags01201.o)
                0x000000007108f558                strcmp
 .text          0x000000007108f560        0x8 C:/mingw64/bin/../lib/gcc/x86_64-w64-mingw32/8.1.0/../../../../x86_64-w64-mingw32/lib/../lib/libmsvcrt.a(duags01192.o)
                0x000000007108f560                sprintf
 .text          0x000000007108f568        0x8 C:/mingw64/bin/../lib/gcc/x86_64-w64-mingw32/8.1.0/../../../../x86_64-w64-mingw32/lib/../lib/libmsvcrt.a(duags01187.o)
                0x000000007108f568                signal
 .text          0x000000007108f570        0x8 C:/mingw64/bin/../lib/gcc/x86_64-w64-mingw32/8.1.0/../../../../x86_64-w64-mingw32/lib/../lib/libmsvcrt.a(duags01177.o)
                0x000000007108f570                realloc
 .text          0x000000007108f578        0x8 C:/mingw64/bin/../lib/gcc/x86_64-w64-mingw32/8.1.0/../../../../x86_64-w64-mingw32/lib/../lib/libmsvcrt.a(duags01159.o)
                0x000000007108f578                memset
 .text          0x000000007108f580        0x8 C:/mingw64/bin/../lib/gcc/x86_64-w64-mingw32/8.1.0/../../../../x86_64-w64-mingw32/lib/../lib/libmsvcrt.a(duags01158.o)
                0x000000007108f580                memmove
 .text          0x000000007108f588        0x8 C:/mingw64/bin/../lib/gcc/x86_64-w64-mingw32/8.1.0/../../../../x86_64-w64-mingw32/lib/../lib/libmsvcrt.a(duags01157.o)
                0x000000007108f588                memcpy
 .text          0x000000007108f590        0x8 C:/mingw64/bin/../lib/gcc/x86_64-w64-mingw32/8.1.0/../../../../x86_64-w64-mingw32/lib/../lib/libmsvcrt.a(duags01156.o)
                0x000000007108f590                memcmp
 .text          0x000000007108f598        0x8 C:/mingw64/bin/../lib/gcc/x86_64-w64-mingw32/8.1.0/../../../../x86_64-w64-mingw32/lib/../lib/libmsvcrt.a(duags01155.o)
                0x000000007108f598                memchr
 .text          0x000000007108f5a0        0x8 C:/mingw64/bin/../lib/gcc/x86_64-w64-mingw32/8.1.0/../../../../x86_64-w64-mingw32/lib/../lib/libmsvcrt.a(duags01149.o)
                0x000000007108f5a0                malloc
 .text          0x000000007108f5a8        0x8 C:/mingw64/bin/../lib/gcc/x86_64-w64-mingw32/8.1.0/../../../../x86_64-w64-mingw32/lib/../lib/libmsvcrt.a(duags01101.o)
                0x000000007108f5a8                fwrite
 .text          0x000000007108f5b0        0x8 C:/mingw64/bin/../lib/gcc/x86_64-w64-mingw32/8.1.0/../../../../x86_64-w64-mingw32/lib/../lib/libmsvcrt.a(duags01089.o)
                0x000000007108f5b0                free
 .text          0x000000007108f5b8        0x8 C:/mingw64/bin/../lib/gcc/x86_64-w64-mingw32/8.1.0/../../../../x86_64-w64-mingw32/lib/../lib/libmsvcrt.a(duags01085.o)
                0x000000007108f5b8                fputs
 .text          0x000000007108f5c0        0x8 C:/mingw64/bin/../lib/gcc/x86_64-w64-mingw32/8.1.0/../../../../x86_64-w64-mingw32/lib/../lib/libmsvcrt.a(duags01084.o)
                0x000000007108f5c0                fputc
 .text          0x000000007108f5c8        0x8 C:/mingw64/bin/../lib/gcc/x86_64-w64-mingw32/8.1.0/../../../../x86_64-w64-mingw32/lib/../lib/libmsvcrt.a(duags01080.o)
                0x000000007108f5c8                fopen
 .text          0x000000007108f5d0        0x8 C:/mingw64/bin/../lib/gcc/x86_64-w64-mingw32/8.1.0/../../../../x86_64-w64-mingw32/lib/../lib/libmsvcrt.a(duags01050.o)
                0x000000007108f5d0                calloc
 .text          0x000000007108f5d8        0x8 C:/mingw64/bin/../lib/gcc/x86_64-w64-mingw32/8.1.0/../../../../x86_64-w64-mingw32/lib/../lib/libmsvcrt.a(duags01032.o)
                0x000000007108f5d8                abort
 .text          0x000000007108f5e0        0x8 C:/mingw64/bin/../lib/gcc/x86_64-w64-mingw32/8.1.0/../../../../x86_64-w64-mingw32/lib/../lib/libmsvcrt.a(duags00986.o)
                0x000000007108f5e0                write
 .text          0x000000007108f5e8        0x8 C:/mingw64/bin/../lib/gcc/x86_64-w64-mingw32/8.1.0/../../../../x86_64-w64-mingw32/lib/../lib/libmsvcrt.a(duags00861.o)
                0x000000007108f5e8                _vsnwprintf_s
 .text          0x000000007108f5f0        0x8 C:/mingw64/bin/../lib/gcc/x86_64-w64-mingw32/8.1.0/../../../../x86_64-w64-mingw32/lib/../lib/libmsvcrt.a(duags00332.o)
                0x000000007108f5f0                _initterm
 .text          0x000000007108f5f8        0x8 C:/mingw64/bin/../lib/gcc/x86_64-w64-mingw32/8.1.0/../../../../x86_64-w64-mingw32/lib/../lib/libmsvcrt.a(duags00137.o)
                0x000000007108f5f8                _beginthreadex
 .text          0x000000007108f600        0x8 C:/mingw64/bin/../lib/gcc/x86_64-w64-mingw32/8.1.0/../../../../x86_64-w64-mingw32/lib/../lib/libmsvcrt.a(duags00122.o)
                0x000000007108f600                _amsg_exit
 *fill*         0x000000007108f608        0x8 
 .text          0x000000007108f610      0x170 C:/mingw64/bin/../lib/gcc/x86_64-w64-mingw32/8.1.0/../../../../x86_64-w64-mingw32/lib/../lib/libmsvcrt.a(lib64_libmsvcrt_os_a-onexit_table.o)
                0x000000007108f610                _initialize_onexit_table
                0x000000007108f640                _register_onexit_function
                0x000000007108f710                _execute_onexit_table
 .text          0x000000007108f780       0x20 C:/mingw64/bin/../lib/gcc/x86_64-w64-mingw32/8.1.0/../../../../x86_64-w64-mingw32/lib/../lib/libmsvcrt.a(lib64_libmsvcrt_os_a-acrt_iob_func.o)
                0x000000007108f780                __acrt_iob_func
 .text          0x000000007108f7a0       0xb0 C:/mingw64/bin/../lib/gcc/x86_64-w64-mingw32/8.1.0/../../../../x86_64-w64-mingw32/lib/../lib/libmsvcrt.a(lib64_libmsvcrt_os_a-vsprintf_s.o)
                0x000000007108f840                vsprintf_s
 .text          0x000000007108f850        0x0 C:/mingw64/bin/../lib/gcc/x86_64-w64-mingw32/8.1.0/../../../../x86_64-w64-mingw32/lib/../lib/libmsvcrt.a(duagh.o)
 .text          0x000000007108f850        0x8 C:/mingw64/bin/../lib/gcc/x86_64-w64-mingw32/8.1.0/../../../../x86_64-w64-mingw32/lib/../lib/libmsvcrt.a(duags00821.o)
                0x000000007108f850                _unlock
 .text          0x000000007108f858        0x8 C:/mingw64/bin/../lib/gcc/x86_64-w64-mingw32/8.1.0/../../../../x86_64-w64-mingw32/lib/../lib/libmsvcrt.a(duags00441.o)
                0x000000007108f858                _lock
 .text          0x000000007108f860        0x8 C:/mingw64/bin/../lib/gcc/x86_64-w64-mingw32/8.1.0/../../../../x86_64-w64-mingw32/lib/../lib/libmsvcrt.a(duags00083.o)
                0x000000007108f860                __iob_func
 *fill*         0x000000007108f868        0x8 
 .text          0x000000007108f870        0x0 C:/mingw64/bin/../lib/gcc/x86_64-w64-mingw32/8.1.0/../../../../x86_64-w64-mingw32/lib/../lib/libmsvcrt.a(duagt.o)
 .text          0x000000007108f870        0x8 C:/mingw64/bin/../lib/gcc/x86_64-w64-mingw32/8.1.0/../../../../x86_64-w64-mingw32/lib/../lib/libkernel32.a(dqifs01510.o)
                0x000000007108f870                WriteFile
 .text          0x000000007108f878        0x8 C:/mingw64/bin/../lib/gcc/x86_64-w64-mingw32/8.1.0/../../../../x86_64-w64-mingw32/lib/../lib/libkernel32.a(dqifs01490.o)
                0x000000007108f878                WideCharToMultiByte
 .text          0x000000007108f880        0x8 C:/mingw64/bin/../lib/gcc/x86_64-w64-mingw32/8.1.0/../../../../x86_64-w64-mingw32/lib/../lib/libkernel32.a(dqifs01453.o)
                0x000000007108f880                WaitForSingleObject
 .text          0x000000007108f888        0x8 C:/mingw64/bin/../lib/gcc/x86_64-w64-mingw32/8.1.0/../../../../x86_64-w64-mingw32/lib/../lib/libkernel32.a(dqifs01451.o)
                0x000000007108f888                WaitForMultipleObjects
 .text          0x000000007108f890        0x8 C:/mingw64/bin/../lib/gcc/x86_64-w64-mingw32/8.1.0/../../../../x86_64-w64-mingw32/lib/../lib/libkernel32.a(dqifs01445.o)
                0x000000007108f890                VirtualQuery
 .text          0x000000007108f898        0x8 C:/mingw64/bin/../lib/gcc/x86_64-w64-mingw32/8.1.0/../../../../x86_64-w64-mingw32/lib/../lib/libkernel32.a(dqifs01443.o)
                0x000000007108f898                VirtualProtect
 .text          0x000000007108f8a0        0x8 C:/mingw64/bin/../lib/gcc/x86_64-w64-mingw32/8.1.0/../../../../x86_64-w64-mingw32/lib/../lib/libkernel32.a(dqifs01409.o)
                0x000000007108f8a0                UnhandledExceptionFilter
 .text          0x000000007108f8a8        0x8 C:/mingw64/bin/../lib/gcc/x86_64-w64-mingw32/8.1.0/../../../../x86_64-w64-mingw32/lib/../lib/libkernel32.a(dqifs01396.o)
                0x000000007108f8a8                TlsSetValue
 .text          0x000000007108f8b0        0x8 C:/mingw64/bin/../lib/gcc/x86_64-w64-mingw32/8.1.0/../../../../x86_64-w64-mingw32/lib/../lib/libkernel32.a(dqifs01395.o)
                0x000000007108f8b0                TlsGetValue
 .text          0x000000007108f8b8        0x8 C:/mingw64/bin/../lib/gcc/x86_64-w64-mingw32/8.1.0/../../../../x86_64-w64-mingw32/lib/../lib/libkernel32.a(dqifs01394.o)
                0x000000007108f8b8                TlsFree
 .text          0x000000007108f8c0        0x8 C:/mingw64/bin/../lib/gcc/x86_64-w64-mingw32/8.1.0/../../../../x86_64-w64-mingw32/lib/../lib/libkernel32.a(dqifs01393.o)
                0x000000007108f8c0                TlsAlloc
 .text          0x000000007108f8c8        0x8 C:/mingw64/bin/../lib/gcc/x86_64-w64-mingw32/8.1.0/../../../../x86_64-w64-mingw32/lib/../lib/libkernel32.a(dqifs01375.o)
                0x000000007108f8c8                TerminateProcess
 .text          0x000000007108f8d0        0x8 C:/mingw64/bin/../lib/gcc/x86_64-w64-mingw32/8.1.0/../../../../x86_64-w64-mingw32/lib/../lib/libkernel32.a(dqifs01360.o)
                0x000000007108f8d0                Sleep
 .text          0x000000007108f8d8        0x8 C:/mingw64/bin/../lib/gcc/x86_64-w64-mingw32/8.1.0/../../../../x86_64-w64-mingw32/lib/../lib/libkernel32.a(dqifs01346.o)
                0x000000007108f8d8                SetUnhandledExceptionFilter
 .text          0x000000007108f8e0        0x8 C:/mingw64/bin/../lib/gcc/x86_64-w64-mingw32/8.1.0/../../../../x86_64-w64-mingw32/lib/../lib/libkernel32.a(dqifs01290.o)
                0x000000007108f8e0                SetLastError
 .text          0x000000007108f8e8        0x8 C:/mingw64/bin/../lib/gcc/x86_64-w64-mingw32/8.1.0/../../../../x86_64-w64-mingw32/lib/../lib/libkernel32.a(dqifs01263.o)
                0x000000007108f8e8                SetEvent
 .text          0x000000007108f8f0        0x8 C:/mingw64/bin/../lib/gcc/x86_64-w64-mingw32/8.1.0/../../../../x86_64-w64-mingw32/lib/../lib/libkernel32.a(dqifs01194.o)
                0x000000007108f8f0                RtlVirtualUnwind
 .text          0x000000007108f8f8        0x8 C:/mingw64/bin/../lib/gcc/x86_64-w64-mingw32/8.1.0/../../../../x86_64-w64-mingw32/lib/../lib/libkernel32.a(dqifs01193.o)
                0x000000007108f8f8                RtlUnwindEx
 .text          0x000000007108f900        0x8 C:/mingw64/bin/../lib/gcc/x86_64-w64-mingw32/8.1.0/../../../../x86_64-w64-mingw32/lib/../lib/libkernel32.a(dqifs01187.o)
                0x000000007108f900                RtlLookupFunctionEntry
 .text          0x000000007108f908        0x8 C:/mingw64/bin/../lib/gcc/x86_64-w64-mingw32/8.1.0/../../../../x86_64-w64-mingw32/lib/../lib/libkernel32.a(dqifs01180.o)
                0x000000007108f908                RtlCaptureContext
 .text          0x000000007108f910        0x8 C:/mingw64/bin/../lib/gcc/x86_64-w64-mingw32/8.1.0/../../../../x86_64-w64-mingw32/lib/../lib/libkernel32.a(dqifs01179.o)
                0x000000007108f910                RtlAddFunctionTable
 .text          0x000000007108f918        0x8 C:/mingw64/bin/../lib/gcc/x86_64-w64-mingw32/8.1.0/../../../../x86_64-w64-mingw32/lib/../lib/libkernel32.a(dqifs01172.o)
                0x000000007108f918                ResetEvent
 .text          0x000000007108f920        0x8 C:/mingw64/bin/../lib/gcc/x86_64-w64-mingw32/8.1.0/../../../../x86_64-w64-mingw32/lib/../lib/libkernel32.a(dqifs01154.o)
                0x000000007108f920                ReleaseSemaphore
 .text          0x000000007108f928        0x8 C:/mingw64/bin/../lib/gcc/x86_64-w64-mingw32/8.1.0/../../../../x86_64-w64-mingw32/lib/../lib/libkernel32.a(dqifs01112.o)
                0x000000007108f928                RaiseException
 .text          0x000000007108f930        0x8 C:/mingw64/bin/../lib/gcc/x86_64-w64-mingw32/8.1.0/../../../../x86_64-w64-mingw32/lib/../lib/libkernel32.a(dqifs01093.o)
                0x000000007108f930                QueryPerformanceCounter
 .text          0x000000007108f938        0x8 C:/mingw64/bin/../lib/gcc/x86_64-w64-mingw32/8.1.0/../../../../x86_64-w64-mingw32/lib/../lib/libkernel32.a(dqifs01042.o)
                0x000000007108f938                OutputDebugStringW
 .text          0x000000007108f940        0x8 C:/mingw64/bin/../lib/gcc/x86_64-w64-mingw32/8.1.0/../../../../x86_64-w64-mingw32/lib/../lib/libkernel32.a(dqifs00999.o)
                0x000000007108f940                MultiByteToWideChar
 .text          0x000000007108f948        0x8 C:/mingw64/bin/../lib/gcc/x86_64-w64-mingw32/8.1.0/../../../../x86_64-w64-mingw32/lib/../lib/libkernel32.a(dqifs00951.o)
                0x000000007108f948                LeaveCriticalSection
 .text          0x000000007108f950        0x8 C:/mingw64/bin/../lib/gcc/x86_64-w64-mingw32/8.1.0/../../../../x86_64-w64-mingw32/lib/../lib/libkernel32.a(dqifs00863.o)
                0x000000007108f950                InitializeCriticalSection
 .text          0x000000007108f958        0x8 C:/mingw64/bin/../lib/gcc/x86_64-w64-mingw32/8.1.0/../../../../x86_64-w64-mingw32/lib/../lib/libkernel32.a(dqifs00774.o)
                0x000000007108f958                GetTickCount
 .text          0x000000007108f960        0x8 C:/mingw64/bin/../lib/gcc/x86_64-w64-mingw32/8.1.0/../../../../x86_64-w64-mingw32/lib/../lib/libkernel32.a(dqifs00746.o)
                0x000000007108f960                GetSystemTimeAsFileTime
 .text          0x000000007108f968        0x8 C:/mingw64/bin/../lib/gcc/x86_64-w64-mingw32/8.1.0/../../../../x86_64-w64-mingw32/lib/../lib/libkernel32.a(dqifs00689.o)
                0x000000007108f968                GetProcAddress
 .text          0x000000007108f970        0x8 C:/mingw64/bin/../lib/gcc/x86_64-w64-mingw32/8.1.0/../../../../x86_64-w64-mingw32/lib/../lib/libkernel32.a(dqifs00667.o)
                0x000000007108f970                GetOverlappedResult
 .text          0x000000007108f978        0x8 C:/mingw64/bin/../lib/gcc/x86_64-w64-mingw32/8.1.0/../../../../x86_64-w64-mingw32/lib/../lib/libkernel32.a(dqifs00633.o)
                0x000000007108f978                GetModuleHandleW
 .text          0x000000007108f980        0x8 C:/mingw64/bin/../lib/gcc/x86_64-w64-mingw32/8.1.0/../../../../x86_64-w64-mingw32/lib/../lib/libkernel32.a(dqifs00609.o)
                0x000000007108f980                GetLastError
 .text          0x000000007108f988        0x8 C:/mingw64/bin/../lib/gcc/x86_64-w64-mingw32/8.1.0/../../../../x86_64-w64-mingw32/lib/../lib/libkernel32.a(dqifs00540.o)
                0x000000007108f988                GetCurrentThreadId
 .text          0x000000007108f990        0x8 C:/mingw64/bin/../lib/gcc/x86_64-w64-mingw32/8.1.0/../../../../x86_64-w64-mingw32/lib/../lib/libkernel32.a(dqifs00536.o)
                0x000000007108f990                GetCurrentProcessId
 .text          0x000000007108f998        0x8 C:/mingw64/bin/../lib/gcc/x86_64-w64-mingw32/8.1.0/../../../../x86_64-w64-mingw32/lib/../lib/libkernel32.a(dqifs00535.o)
                0x000000007108f998                GetCurrentProcess
 .text          0x000000007108f9a0        0x8 C:/mingw64/bin/../lib/gcc/x86_64-w64-mingw32/8.1.0/../../../../x86_64-w64-mingw32/lib/../lib/libkernel32.a(dqifs00304.o)
                0x000000007108f9a0                EnterCriticalSection
 .text          0x000000007108f9a8        0x8 C:/mingw64/bin/../lib/gcc/x86_64-w64-mingw32/8.1.0/../../../../x86_64-w64-mingw32/lib/../lib/libkernel32.a(dqifs00289.o)
                0x000000007108f9a8                DisconnectNamedPipe
 .text          0x000000007108f9b0        0x8 C:/mingw64/bin/../lib/gcc/x86_64-w64-mingw32/8.1.0/../../../../x86_64-w64-mingw32/lib/../lib/libkernel32.a(dqifs00268.o)
                0x000000007108f9b0                DeleteCriticalSection
 .text          0x000000007108f9b8        0x8 C:/mingw64/bin/../lib/gcc/x86_64-w64-mingw32/8.1.0/../../../../x86_64-w64-mingw32/lib/../lib/libkernel32.a(dqifs00231.o)
                0x000000007108f9b8                CreateSemaphoreW
 .text          0x000000007108f9c0        0x8 C:/mingw64/bin/../lib/gcc/x86_64-w64-mingw32/8.1.0/../../../../x86_64-w64-mingw32/lib/../lib/libkernel32.a(dqifs00216.o)
                0x000000007108f9c0                CreateNamedPipeW
 .text          0x000000007108f9c8        0x8 C:/mingw64/bin/../lib/gcc/x86_64-w64-mingw32/8.1.0/../../../../x86_64-w64-mingw32/lib/../lib/libkernel32.a(dqifs00199.o)
                0x000000007108f9c8                CreateFileW
 .text          0x000000007108f9d0        0x8 C:/mingw64/bin/../lib/gcc/x86_64-w64-mingw32/8.1.0/../../../../x86_64-w64-mingw32/lib/../lib/libkernel32.a(dqifs00187.o)
                0x000000007108f9d0                CreateEventW
 .text          0x000000007108f9d8        0x8 C:/mingw64/bin/../lib/gcc/x86_64-w64-mingw32/8.1.0/../../../../x86_64-w64-mingw32/lib/../lib/libkernel32.a(dqifs00151.o)
                0x000000007108f9d8                ConnectNamedPipe
 .text          0x000000007108f9e0        0x8 C:/mingw64/bin/../lib/gcc/x86_64-w64-mingw32/8.1.0/../../../../x86_64-w64-mingw32/lib/../lib/libkernel32.a(dqifs00130.o)
                0x000000007108f9e0                CloseHandle
 .text          0x000000007108f9e8        0x8 C:/mingw64/bin/../lib/gcc/x86_64-w64-mingw32/8.1.0/../../../../x86_64-w64-mingw32/lib/../lib/libkernel32.a(dqifs00109.o)
                0x000000007108f9e8                CancelIo
 .text          0x000000007108f9f0        0x0 C:/mingw64/bin/../lib/gcc/x86_64-w64-mingw32/8.1.0/../../../../x86_64-w64-mingw32/lib/../lib/libkernel32.a(dqifh.o)
 .text          0x000000007108f9f0        0x0 C:/mingw64/bin/../lib/gcc/x86_64-w64-mingw32/8.1.0/../../../../x86_64-w64-mingw32/lib/../lib/libkernel32.a(dqift.o)
 .text          0x000000007108f9f0       0x30 C:/mingw64/bin/../lib/gcc/x86_64-w64-mingw32/8.1.0/../../../../x86_64-w64-mingw32/lib/../lib/libmingw32.a(lib64_libmingw32_a-tlsmthread.o)
                0x000000007108f9f0                __mingwthr_remove_key_dtor
                0x000000007108fa00                __mingwthr_key_dtor
 .text          0x000000007108fa20       0x10 C:/mingw64/bin/../lib/gcc/x86_64-w64-mingw32/8.1.0/../../../../x86_64-w64-mingw32/lib/../lib/libmingwex.a(lib64_libmingwex_a-vsnprintf.o)
                0x000000007108fa20                __ms_vsnprintf
 .text          0x000000007108fa30        0x8 C:/mingw64/bin/../lib/gcc/x86_64-w64-mingw32/8.1.0/../../../../x86_64-w64-mingw32/lib/../lib/libmsvcrt.a(duags00852.o)
                0x000000007108fa30                _vsnprintf
 *fill*         0x000000007108fa38        0x8 
 .text          0x000000007108fa40        0x0 C:/mingw64/bin/../lib/gcc/x86_64-w64-mingw32/8.1.0/crtend.o
 *(SORT_BY_NAME(.text$*))
 .text$_Z9sprintf_sILy16EEiRAT__cPKcz
                0x000000007108fa40       0x30 SendTSTCPMain.cpp.obj
                0x000000007108fa40                int sprintf_s<16ull>(char (&) [16ull], char const*, ...)
 .text$_ZGTtNKSt13bad_exceptionD1Ev
                0x000000007108fa70       0x10 C:/mingw64/bin/../lib/gcc/x86_64-w64-mingw32/8.1.0\libstdc++.a(eh_exception.o)
                0x000000007108fa70                transaction clone for std::bad_exception::~bad_exception() const
 .text$_ZGTtNKSt9exceptionD1Ev
                0x000000007108fa80       0x10 C:/mingw64/bin/../lib/gcc/x86_64-w64-mingw32/8.1.0\libstdc++.a(eh_exception.o)
                0x000000007108fa80                transaction clone for std::exception::~exception() const
 .text$_ZL15get_ttype_entryP16lsda_header_infoy
                0x000000007108fa90       0x90 C:/mingw64/bin/../lib/gcc/x86_64-w64-mingw32/8.1.0\libstdc++.a(eh_personality.o)
 .text$_ZL16get_adjusted_ptrPKSt9type_infoS1_PPv
                0x000000007108fb20       0x60 C:/mingw64/bin/../lib/gcc/x86_64-w64-mingw32/8.1.0\libstdc++.a(eh_personality.o)
 .text$_ZL17parse_lsda_headerP15_Unwind_ContextPKhP16lsda_header_info
                0x000000007108fb80       0xf0 C:/mingw64/bin/../lib/gcc/x86_64-w64-mingw32/8.1.0\libstdc++.a(eh_personality.o)
 .text$_ZL20check_exception_specP16lsda_header_infoPKSt9type_infoPvx
                0x000000007108fc70       0x80 C:/mingw64/bin/../lib/gcc/x86_64-w64-mingw32/8.1.0\libstdc++.a(eh_personality.o)
 .text$_ZL21base_of_encoded_valuehP15_Unwind_Context
                0x000000007108fcf0       0x70 C:/mingw64/bin/../lib/gcc/x86_64-w64-mingw32/8.1.0\libstdc++.a(eh_personality.o)
 .text$_ZL23__gxx_exception_cleanup19_Unwind_Reason_CodeP17_Unwind_Exception
                0x000000007108fd60       0x40 C:/mingw64/bin/../lib/gcc/x86_64-w64-mingw32/8.1.0\libstdc++.a(eh_throw.o)
 .text$_ZL28read_encoded_value_with_basehyPKhPy
                0x000000007108fda0      0x160 C:/mingw64/bin/../lib/gcc/x86_64-w64-mingw32/8.1.0\libstdc++.a(eh_personality.o)
 .text$_ZN10__cxxabiv111__terminateEPFvvE
                0x000000007108ff00       0x40 C:/mingw64/bin/../lib/gcc/x86_64-w64-mingw32/8.1.0\libstdc++.a(eh_terminate.o)
                0x000000007108ff00                __cxxabiv1::__terminate(void (*)())
 .text$_ZN10__cxxabiv112__unexpectedEPFvvE
                0x000000007108ff40       0x10 C:/mingw64/bin/../lib/gcc/x86_64-w64-mingw32/8.1.0\libstdc++.a(eh_terminate.o)
                0x000000007108ff40                __cxxabiv1::__unexpected(void (*)())
 .text$_ZN10__cxxabiv115__forced_unwindD0Ev
                0x000000007108ff50       0x10 C:/mingw64/bin/../lib/gcc/x86_64-w64-mingw32/8.1.0\libstdc++.a(eh_exception.o)
                0x000000007108ff50                __cxxabiv1::__forced_unwind::~__forced_unwind()
 .text$_ZN10__cxxabiv115__forced_unwindD2Ev
                0x000000007108ff60       0x10 C:/mingw64/bin/../lib/gcc/x86_64-w64-mingw32/8.1.0\libstdc++.a(eh_exception.o)
                0x000000007108ff60                __cxxabiv1::__forced_unwind::~__forced_unwind()
                0x000000007108ff60                __cxxabiv1::__forced_unwind::~__forced_unwind()
 .text$_ZN10__cxxabiv117__class_type_infoD0Ev
                0x000000007108ff70       0x30 C:/mingw64/bin/../lib/gcc/x86_64-w64-mingw32/8.1.0\libstdc++.a(class_type_info.o)
                0x000000007108ff70                __cxxabiv1::__class_type_info::~__class_type_info()
 .text$_ZN10__cxxabiv117__class_type_infoD2Ev
                0x000000007108ffa0       0x10 C:/mingw64/bin/../lib/gcc/x86_64-w64-mingw32/8.1.0\libstdc++.a(class_type_info.o)
                0x000000007108ffa0                __cxxabiv1::__class_type_info::~__class_type_info()
                0x000000007108ffa0                __cxxabiv1::__class_type_info::~__class_type_info()
 .text$_ZN10__cxxabiv119__foreign_exceptionD0Ev
                0x000000007108ffb0       0x10 C:/mingw64/bin/../lib/gcc/x86_64-w64-mingw32/8.1.0\libstdc++.a(eh_exception.o)
                0x000000007108ffb0                __cxxabiv1::__foreign_exception::~__foreign_exception()
 .text$_ZN10__cxxabiv119__foreign_exceptionD2Ev
                0x000000007108ffc0       0x10 C:/mingw64/bin/../lib/gcc/x86_64-w64-mingw32/8.1.0\libstdc++.a(eh_exception.o)
                0x000000007108ffc0                __cxxabiv1::__foreign_exception::~__foreign_exception()
                0x000000007108ffc0                __cxxabiv1::__foreign_exception::~__foreign_exception()
 .text$_ZN10__cxxabiv120__si_class_type_infoD0Ev
                0x000000007108ffd0       0x30 C:/mingw64/bin/../lib/gcc/x86_64-w64-mingw32/8.1.0\libstdc++.a(si_class_type_info.o)
                0x000000007108ffd0                __cxxabiv1::__si_class_type_info::~__si_class_type_info()
 .text$_ZN10__cxxabiv120__si_class_type_infoD2Ev
                0x0000000071090000       0x10 C:/mingw64/bin/../lib/gcc/x86_64-w64-mingw32/8.1.0\libstdc++.a(si_class_type_info.o)
                0x0000000071090000                __cxxabiv1::__si_class_type_info::~__si_class_type_info()
                0x0000000071090000                __cxxabiv1::__si_class_type_info::~__si_class_type_info()
 .text$_ZN10__cxxabiv1L21__gxx_personality_impEiiyP17_Unwind_ExceptionP15_Unwind_Context
                0x0000000071090010      0x5b0 C:/mingw64/bin/../lib/gcc/x86_64-w64-mingw32/8.1.0\libstdc++.a(eh_personality.o)
 .text$_ZN12_GLOBAL__N_14pool4freeEPv.constprop.2
                0x00000000710905c0      0x170 C:/mingw64/bin/../lib/gcc/x86_64-w64-mingw32/8.1.0\libstdc++.a(eh_alloc.o)
 .text$_ZN12_GLOBAL__N_14pool8allocateEy.constprop.3
                0x0000000071090730      0x150 C:/mingw64/bin/../lib/gcc/x86_64-w64-mingw32/8.1.0\libstdc++.a(eh_alloc.o)
 .text$_ZN9__gnu_cxx15__concat_size_tEPcyy
                0x0000000071090880       0x90 C:/mingw64/bin/../lib/gcc/x86_64-w64-mingw32/8.1.0\libstdc++.a(snprintf_lite.o)
                0x0000000071090880                __gnu_cxx::__concat_size_t(char*, unsigned long long, unsigned long long)
 .text$_ZN9__gnu_cxx15__snprintf_liteEPcyPKcS0_
                0x0000000071090910      0x100 C:/mingw64/bin/../lib/gcc/x86_64-w64-mingw32/8.1.0\libstdc++.a(snprintf_lite.o)
                0x0000000071090910                __gnu_cxx::__snprintf_lite(char*, unsigned long long, char const*, char*)
 .text$_ZN9__gnu_cxx24__concurrence_lock_errorD0Ev
                0x0000000071090a10       0x30 C:/mingw64/bin/../lib/gcc/x86_64-w64-mingw32/8.1.0\libstdc++.a(eh_alloc.o)
                0x0000000071090a10                __gnu_cxx::__concurrence_lock_error::~__concurrence_lock_error()
 .text$_ZN9__gnu_cxx24__concurrence_lock_errorD1Ev
                0x0000000071090a40       0x10 C:/mingw64/bin/../lib/gcc/x86_64-w64-mingw32/8.1.0\libstdc++.a(eh_alloc.o)
                0x0000000071090a40                __gnu_cxx::__concurrence_lock_error::~__concurrence_lock_error()
 .text$_ZN9__gnu_cxx26__concurrence_unlock_errorD0Ev
                0x0000000071090a50       0x30 C:/mingw64/bin/../lib/gcc/x86_64-w64-mingw32/8.1.0\libstdc++.a(eh_alloc.o)
                0x0000000071090a50                __gnu_cxx::__concurrence_unlock_error::~__concurrence_unlock_error()
 .text$_ZN9__gnu_cxx26__concurrence_unlock_errorD1Ev
                0x0000000071090a80       0x10 C:/mingw64/bin/../lib/gcc/x86_64-w64-mingw32/8.1.0\libstdc++.a(eh_alloc.o)
                0x0000000071090a80                __gnu_cxx::__concurrence_unlock_error::~__concurrence_unlock_error()
 .text$_ZN9__gnu_cxx26__throw_insufficient_spaceEPKcS1_
                0x0000000071090a90      0x170 C:/mingw64/bin/../lib/gcc/x86_64-w64-mingw32/8.1.0\libstdc++.a(snprintf_lite.o)
                0x0000000071090a90                __gnu_cxx::__throw_insufficient_space(char const*, char const*)
 .text$_ZN9__gnu_cxx27__verbose_terminate_handlerEv
                0x0000000071090c00      0x1c0 C:/mingw64/bin/../lib/gcc/x86_64-w64-mingw32/8.1.0\libstdc++.a(vterminate.o)
                0x0000000071090c00                __gnu_cxx::__verbose_terminate_handler()
 .text$_ZN9__gnu_cxx30__throw_concurrence_lock_errorEv
                0x0000000071090dc0       0x30 C:/mingw64/bin/../lib/gcc/x86_64-w64-mingw32/8.1.0\libstdc++.a(eh_alloc.o)
                0x0000000071090dc0                __gnu_cxx::__throw_concurrence_lock_error()
 .text$_ZN9__gnu_cxx32__throw_concurrence_unlock_errorEv
                0x0000000071090df0       0x30 C:/mingw64/bin/../lib/gcc/x86_64-w64-mingw32/8.1.0\libstdc++.a(eh_alloc.o)
                0x0000000071090df0                __gnu_cxx::__throw_concurrence_unlock_error()
 .text$_ZN9__gnu_cxx9__freeresEv
                0x0000000071090e20       0x30 C:/mingw64/bin/../lib/gcc/x86_64-w64-mingw32/8.1.0\libstdc++.a(eh_alloc.o)
                0x0000000071090e20                __gnu_cxx::__freeres()
 .text$_ZN9__gnu_cxxeqIPKcNSt7__cxx1112basic_stringIcSt11char_traitsIcESaIcEEEEEbRKNS_17__normal_iteratorIT_T0_EESE_
                0x0000000071090e50       0x10 C:/mingw64/bin/../lib/gcc/x86_64-w64-mingw32/8.1.0\libstdc++.a(string-inst.o)
                0x0000000071090e50                bool __gnu_cxx::operator==<char const*, std::__cxx11::basic_string<char, std::char_traits<char>, std::allocator<char> > >(__gnu_cxx::__normal_iterator<char const*, std::__cxx11::basic_string<char, std::char_traits<char>, std::allocator<char> > > const&, __gnu_cxx::__normal_iterator<char const*, std::__cxx11::basic_string<char, std::char_traits<char>, std::allocator<char> > > const&)
 .text$_ZN9__gnu_cxxeqIPKcSsEEbRKNS_17__normal_iteratorIT_T0_EES8_
                0x0000000071090e60       0x10 C:/mingw64/bin/../lib/gcc/x86_64-w64-mingw32/8.1.0\libstdc++.a(cow-string-inst.o)
                0x0000000071090e60                bool __gnu_cxx::operator==<char const*, std::string>(__gnu_cxx::__normal_iterator<char const*, std::string> const&, __gnu_cxx::__normal_iterator<char const*, std::string> const&)
 .text$_ZN9__gnu_cxxeqIPcNSt7__cxx1112basic_stringIcSt11char_traitsIcESaIcEEEEEbRKNS_17__normal_iteratorIT_T0_EESD_
                0x0000000071090e70       0x10 C:/mingw64/bin/../lib/gcc/x86_64-w64-mingw32/8.1.0\libstdc++.a(string-inst.o)
                0x0000000071090e70                bool __gnu_cxx::operator==<char*, std::__cxx11::basic_string<char, std::char_traits<char>, std::allocator<char> > >(__gnu_cxx::__normal_iterator<char*, std::__cxx11::basic_string<char, std::char_traits<char>, std::allocator<char> > > const&, __gnu_cxx::__normal_iterator<char*, std::__cxx11::basic_string<char, std::char_traits<char>, std::allocator<char> > > const&)
 .text$_ZN9__gnu_cxxeqIPcSsEEbRKNS_17__normal_iteratorIT_T0_EES7_
                0x0000000071090e80       0x10 C:/mingw64/bin/../lib/gcc/x86_64-w64-mingw32/8.1.0\libstdc++.a(cow-string-inst.o)
                0x0000000071090e80                bool __gnu_cxx::operator==<char*, std::string>(__gnu_cxx::__normal_iterator<char*, std::string> const&, __gnu_cxx::__normal_iterator<char*, std::string> const&)
 .text$_ZNK10__cxxabiv117__class_type_info10__do_catchEPKSt9type_infoPPvj
                0x0000000071090e90       0x50 C:/mingw64/bin/../lib/gcc/x86_64-w64-mingw32/8.1.0\libstdc++.a(class_type_info.o)
                0x0000000071090e90                __cxxabiv1::__class_type_info::__do_catch(std::type_info const*, void**, unsigned int) const
 .text$_ZNK10__cxxabiv117__class_type_info11__do_upcastEPKS0_PKvRNS0_15__upcast_resultE
                0x0000000071090ee0       0x30 C:/mingw64/bin/../lib/gcc/x86_64-w64-mingw32/8.1.0\libstdc++.a(class_type_info.o)
                0x0000000071090ee0                __cxxabiv1::__class_type_info::__do_upcast(__cxxabiv1::__class_type_info const*, void const*, __cxxabiv1::__class_type_info::__upcast_result&) const
 .text$_ZNK10__cxxabiv117__class_type_info11__do_upcastEPKS0_PPv
                0x0000000071090f10       0x60 C:/mingw64/bin/../lib/gcc/x86_64-w64-mingw32/8.1.0\libstdc++.a(class_type_info.o)
                0x0000000071090f10                __cxxabiv1::__class_type_info::__do_upcast(__cxxabiv1::__class_type_info const*, void**) const
 .text$_ZNK10__cxxabiv117__class_type_info12__do_dyncastExNS0_10__sub_kindEPKS0_PKvS3_S5_RNS0_16__dyncast_resultE
                0x0000000071090f70       0x80 C:/mingw64/bin/../lib/gcc/x86_64-w64-mingw32/8.1.0\libstdc++.a(class_type_info.o)
                0x0000000071090f70                __cxxabiv1::__class_type_info::__do_dyncast(long long, __cxxabiv1::__class_type_info::__sub_kind, __cxxabiv1::__class_type_info const*, void const*, __cxxabiv1::__class_type_info const*, void const*, __cxxabiv1::__class_type_info::__dyncast_result&) const
 .text$_ZNK10__cxxabiv117__class_type_info20__do_find_public_srcExPKvPKS0_S2_
                0x0000000071090ff0       0x10 C:/mingw64/bin/../lib/gcc/x86_64-w64-mingw32/8.1.0\libstdc++.a(class_type_info.o)
                0x0000000071090ff0                __cxxabiv1::__class_type_info::__do_find_public_src(long long, void const*, __cxxabiv1::__class_type_info const*, void const*) const
 .text$_ZNK10__cxxabiv120__si_class_type_info11__do_upcastEPKNS_17__class_type_infoEPKvRNS1_15__upcast_resultE
                0x0000000071091000       0x50 C:/mingw64/bin/../lib/gcc/x86_64-w64-mingw32/8.1.0\libstdc++.a(si_class_type_info.o)
                0x0000000071091000                __cxxabiv1::__si_class_type_info::__do_upcast(__cxxabiv1::__class_type_info const*, void const*, __cxxabiv1::__class_type_info::__upcast_result&) const
 .text$_ZNK10__cxxabiv120__si_class_type_info12__do_dyncastExNS_17__class_type_info10__sub_kindEPKS1_PKvS4_S6_RNS1_16__dyncast_resultE
                0x0000000071091050      0x100 C:/mingw64/bin/../lib/gcc/x86_64-w64-mingw32/8.1.0\libstdc++.a(si_class_type_info.o)
                0x0000000071091050                __cxxabiv1::__si_class_type_info::__do_dyncast(long long, __cxxabiv1::__class_type_info::__sub_kind, __cxxabiv1::__class_type_info const*, void const*, __cxxabiv1::__class_type_info const*, void const*, __cxxabiv1::__class_type_info::__dyncast_result&) const
 .text$_ZNK10__cxxabiv120__si_class_type_info20__do_find_public_srcExPKvPKNS_17__class_type_infoES2_
                0x0000000071091150       0x70 C:/mingw64/bin/../lib/gcc/x86_64-w64-mingw32/8.1.0\libstdc++.a(si_class_type_info.o)
                0x0000000071091150                __cxxabiv1::__si_class_type_info::__do_find_public_src(long long, void const*, __cxxabiv1::__class_type_info const*, void const*) const
 .text$_ZNK16CInstanceManagerI14CSendTSTCPMainE4findEm
                0x00000000710911c0       0xc0 SendTSTCP.cpp.obj
                0x00000000710911c0                CInstanceManager<CSendTSTCPMain>::find(unsigned long) const
 .text$_ZNK9__gnu_cxx24__concurrence_lock_error4whatEv
                0x0000000071091280       0x10 C:/mingw64/bin/../lib/gcc/x86_64-w64-mingw32/8.1.0\libstdc++.a(eh_alloc.o)
                0x0000000071091280                __gnu_cxx::__concurrence_lock_error::what() const
 .text$_ZNK9__gnu_cxx26__concurrence_unlock_error4whatEv
                0x0000000071091290       0x10 C:/mingw64/bin/../lib/gcc/x86_64-w64-mingw32/8.1.0\libstdc++.a(eh_alloc.o)
                0x0000000071091290                __gnu_cxx::__concurrence_unlock_error::what() const
 .text$_ZNKSs11_M_disjunctEPKc
                0x00000000710912a0       0x20 C:/mingw64/bin/../lib/gcc/x86_64-w64-mingw32/8.1.0\libstdc++.a(cow-string-inst.o)
                0x00000000710912a0                std::string::_M_disjunct(char const*) const
 .text$_ZNKSs12find_last_ofEPKcy
                0x00000000710912c0       0x30 C:/mingw64/bin/../lib/gcc/x86_64-w64-mingw32/8.1.0\libstdc++.a(cow-string-inst.o)
                0x00000000710912c0                std::string::find_last_of(char const*, unsigned long long) const
 .text$_ZNKSs12find_last_ofEPKcyy
                0x00000000710912f0       0x80 C:/mingw64/bin/../lib/gcc/x86_64-w64-mingw32/8.1.0\libstdc++.a(cow-string-inst.o)
                0x00000000710912f0                std::string::find_last_of(char const*, unsigned long long, unsigned long long) const
 .text$_ZNKSs12find_last_ofERKSsy
                0x0000000071091370       0x10 C:/mingw64/bin/../lib/gcc/x86_64-w64-mingw32/8.1.0\libstdc++.a(cow-string-inst.o)
                0x0000000071091370                std::string::find_last_of(std::string const&, unsigned long long) const
 .text$_ZNKSs12find_last_ofEcy
                0x0000000071091380       0x30 C:/mingw64/bin/../lib/gcc/x86_64-w64-mingw32/8.1.0\libstdc++.a(cow-string-inst.o)
                0x0000000071091380                std::string::find_last_of(char, unsigned long long) const
 .text$_ZNKSs13find_first_ofEPKcy
                0x00000000710913b0       0x30 C:/mingw64/bin/../lib/gcc/x86_64-w64-mingw32/8.1.0\libstdc++.a(cow-string-inst.o)
                0x00000000710913b0                std::string::find_first_of(char const*, unsigned long long) const
 .text$_ZNKSs13find_first_ofEPKcyy
                0x00000000710913e0       0x80 C:/mingw64/bin/../lib/gcc/x86_64-w64-mingw32/8.1.0\libstdc++.a(cow-string-inst.o)
                0x00000000710913e0                std::string::find_first_of(char const*, unsigned long long, unsigned long long) const
 .text$_ZNKSs13find_first_ofERKSsy
                0x0000000071091460       0x10 C:/mingw64/bin/../lib/gcc/x86_64-w64-mingw32/8.1.0\libstdc++.a(cow-string-inst.o)
                0x0000000071091460                std::string::find_first_of(std::string const&, unsigned long long) const
 .text$_ZNKSs13find_first_ofEcy
                0x0000000071091470       0x10 C:/mingw64/bin/../lib/gcc/x86_64-w64-mingw32/8.1.0\libstdc++.a(cow-string-inst.o)
                0x0000000071091470                std::string::find_first_of(char, unsigned long long) const
 .text$_ZNKSs13get_allocatorEv
                0x0000000071091480       0x10 C:/mingw64/bin/../lib/gcc/x86_64-w64-mingw32/8.1.0\libstdc++.a(cow-string-inst.o)
                0x0000000071091480                std::string::get_allocator() const
 .text$_ZNKSs15_M_check_lengthEyyPKc
                0x0000000071091490       0x30 C:/mingw64/bin/../lib/gcc/x86_64-w64-mingw32/8.1.0\libstdc++.a(cow-string-inst.o)
                0x0000000071091490                std::string::_M_check_length(unsigned long long, unsigned long long, char const*) const
 .text$_ZNKSs16find_last_not_ofEPKcy
                0x00000000710914c0       0x30 C:/mingw64/bin/../lib/gcc/x86_64-w64-mingw32/8.1.0\libstdc++.a(cow-string-inst.o)
                0x00000000710914c0                std::string::find_last_not_of(char const*, unsigned long long) const
 .text$_ZNKSs16find_last_not_ofEPKcyy
                0x00000000710914f0       0x60 C:/mingw64/bin/../lib/gcc/x86_64-w64-mingw32/8.1.0\libstdc++.a(cow-string-inst.o)
                0x00000000710914f0                std::string::find_last_not_of(char const*, unsigned long long, unsigned long long) const
 .text$_ZNKSs16find_last_not_ofERKSsy
                0x0000000071091550       0x10 C:/mingw64/bin/../lib/gcc/x86_64-w64-mingw32/8.1.0\libstdc++.a(cow-string-inst.o)
                0x0000000071091550                std::string::find_last_not_of(std::string const&, unsigned long long) const
 .text$_ZNKSs16find_last_not_ofEcy
                0x0000000071091560       0x30 C:/mingw64/bin/../lib/gcc/x86_64-w64-mingw32/8.1.0\libstdc++.a(cow-string-inst.o)
                0x0000000071091560                std::string::find_last_not_of(char, unsigned long long) const
 .text$_ZNKSs17find_first_not_ofEPKcy
                0x0000000071091590       0x30 C:/mingw64/bin/../lib/gcc/x86_64-w64-mingw32/8.1.0\libstdc++.a(cow-string-inst.o)
                0x0000000071091590                std::string::find_first_not_of(char const*, unsigned long long) const
 .text$_ZNKSs17find_first_not_ofEPKcyy
                0x00000000710915c0       0x80 C:/mingw64/bin/../lib/gcc/x86_64-w64-mingw32/8.1.0\libstdc++.a(cow-string-inst.o)
                0x00000000710915c0                std::string::find_first_not_of(char const*, unsigned long long, unsigned long long) const
 .text$_ZNKSs17find_first_not_ofERKSsy
                0x0000000071091640       0x10 C:/mingw64/bin/../lib/gcc/x86_64-w64-mingw32/8.1.0\libstdc++.a(cow-string-inst.o)
                0x0000000071091640                std::string::find_first_not_of(std::string const&, unsigned long long) const
 .text$_ZNKSs17find_first_not_ofEcy
                0x0000000071091650       0x50 C:/mingw64/bin/../lib/gcc/x86_64-w64-mingw32/8.1.0\libstdc++.a(cow-string-inst.o)
                0x0000000071091650                std::string::find_first_not_of(char, unsigned long long) const
 .text$_ZNKSs2atEy
                0x00000000710916a0       0x30 C:/mingw64/bin/../lib/gcc/x86_64-w64-mingw32/8.1.0\libstdc++.a(cow-string-inst.o)
                0x00000000710916a0                std::string::at(unsigned long long) const
 .text$_ZNKSs3endEv
                0x00000000710916d0       0x10 C:/mingw64/bin/../lib/gcc/x86_64-w64-mingw32/8.1.0\libstdc++.a(cow-string-inst.o)
                0x00000000710916d0                std::string::end() const
 .text$_ZNKSs4_Rep12_M_is_leakedEv
                0x00000000710916e0       0x10 C:/mingw64/bin/../lib/gcc/x86_64-w64-mingw32/8.1.0\libstdc++.a(cow-string-inst.o)
                0x00000000710916e0                std::string::_Rep::_M_is_leaked() const
 .text$_ZNKSs4_Rep12_M_is_sharedEv
                0x00000000710916f0       0x10 C:/mingw64/bin/../lib/gcc/x86_64-w64-mingw32/8.1.0\libstdc++.a(cow-string-inst.o)
                0x00000000710916f0                std::string::_Rep::_M_is_shared() const
 .text$_ZNKSs4backEv
                0x0000000071091700       0x10 C:/mingw64/bin/../lib/gcc/x86_64-w64-mingw32/8.1.0\libstdc++.a(cow-string-inst.o)
                0x0000000071091700                std::string::back() const
 .text$_ZNKSs4cendEv
                0x0000000071091710       0x10 C:/mingw64/bin/../lib/gcc/x86_64-w64-mingw32/8.1.0\libstdc++.a(cow-string-inst.o)
                0x0000000071091710                std::string::cend() const
 .text$_ZNKSs4copyEPcyy
                0x0000000071091720       0x70 C:/mingw64/bin/../lib/gcc/x86_64-w64-mingw32/8.1.0\libstdc++.a(cow-string-inst.o)
                0x0000000071091720                std::string::copy(char*, unsigned long long, unsigned long long) const
 .text$_ZNKSs4dataEv
                0x0000000071091790       0x10 C:/mingw64/bin/../lib/gcc/x86_64-w64-mingw32/8.1.0\libstdc++.a(cow-string-inst.o)
                0x0000000071091790                std::string::data() const
 .text$_ZNKSs4findEPKcy
                0x00000000710917a0       0x30 C:/mingw64/bin/../lib/gcc/x86_64-w64-mingw32/8.1.0\libstdc++.a(cow-string-inst.o)
                0x00000000710917a0                std::string::find(char const*, unsigned long long) const
 .text$_ZNKSs4findEPKcyy
                0x00000000710917d0       0xd0 C:/mingw64/bin/../lib/gcc/x86_64-w64-mingw32/8.1.0\libstdc++.a(cow-string-inst.o)
                0x00000000710917d0                std::string::find(char const*, unsigned long long, unsigned long long) const
 .text$_ZNKSs4findERKSsy
                0x00000000710918a0       0x10 C:/mingw64/bin/../lib/gcc/x86_64-w64-mingw32/8.1.0\libstdc++.a(cow-string-inst.o)
                0x00000000710918a0                std::string::find(std::string const&, unsigned long long) const
 .text$_ZNKSs4findEcy
                0x00000000710918b0       0x50 C:/mingw64/bin/../lib/gcc/x86_64-w64-mingw32/8.1.0\libstdc++.a(cow-string-inst.o)
                0x00000000710918b0                std::string::find(char, unsigned long long) const
 .text$_ZNKSs4rendEv
                0x0000000071091900       0x10 C:/mingw64/bin/../lib/gcc/x86_64-w64-mingw32/8.1.0\libstdc++.a(cow-string-inst.o)
                0x0000000071091900                std::string::rend() const
 .text$_ZNKSs4sizeEv
                0x0000000071091910       0x10 C:/mingw64/bin/../lib/gcc/x86_64-w64-mingw32/8.1.0\libstdc++.a(cow-string-inst.o)
                0x0000000071091910                std::string::size() const
 .text$_ZNKSs5beginEv
                0x0000000071091920       0x10 C:/mingw64/bin/../lib/gcc/x86_64-w64-mingw32/8.1.0\libstdc++.a(cow-string-inst.o)
                0x0000000071091920                std::string::begin() const
 .text$_ZNKSs5c_strEv
                0x0000000071091930       0x10 C:/mingw64/bin/../lib/gcc/x86_64-w64-mingw32/8.1.0\libstdc++.a(cow-string-inst.o)
                0x0000000071091930                std::string::c_str() const
 .text$_ZNKSs5crendEv
                0x0000000071091940       0x10 C:/mingw64/bin/../lib/gcc/x86_64-w64-mingw32/8.1.0\libstdc++.a(cow-string-inst.o)
                0x0000000071091940                std::string::crend() const
 .text$_ZNKSs5emptyEv
                0x0000000071091950       0x10 C:/mingw64/bin/../lib/gcc/x86_64-w64-mingw32/8.1.0\libstdc++.a(cow-string-inst.o)
                0x0000000071091950                std::string::empty() const
 .text$_ZNKSs5frontEv
                0x0000000071091960       0x10 C:/mingw64/bin/../lib/gcc/x86_64-w64-mingw32/8.1.0\libstdc++.a(cow-string-inst.o)
                0x0000000071091960                std::string::front() const
 .text$_ZNKSs5rfindEPKcy
                0x0000000071091970       0x30 C:/mingw64/bin/../lib/gcc/x86_64-w64-mingw32/8.1.0\libstdc++.a(cow-string-inst.o)
                0x0000000071091970                std::string::rfind(char const*, unsigned long long) const
 .text$_ZNKSs5rfindEPKcyy
                0x00000000710919a0       0x70 C:/mingw64/bin/../lib/gcc/x86_64-w64-mingw32/8.1.0\libstdc++.a(cow-string-inst.o)
                0x00000000710919a0                std::string::rfind(char const*, unsigned long long, unsigned long long) const
 .text$_ZNKSs5rfindERKSsy
                0x0000000071091a10       0x10 C:/mingw64/bin/../lib/gcc/x86_64-w64-mingw32/8.1.0\libstdc++.a(cow-string-inst.o)
                0x0000000071091a10                std::string::rfind(std::string const&, unsigned long long) const
 .text$_ZNKSs5rfindEcy
                0x0000000071091a20       0x30 C:/mingw64/bin/../lib/gcc/x86_64-w64-mingw32/8.1.0\libstdc++.a(cow-string-inst.o)
                0x0000000071091a20                std::string::rfind(char, unsigned long long) const
 .text$_ZNKSs6_M_repEv
                0x0000000071091a50       0x10 C:/mingw64/bin/../lib/gcc/x86_64-w64-mingw32/8.1.0\libstdc++.a(cow-string-inst.o)
                0x0000000071091a50                std::string::_M_rep() const
 .text$_ZNKSs6cbeginEv
                0x0000000071091a60       0x10 C:/mingw64/bin/../lib/gcc/x86_64-w64-mingw32/8.1.0\libstdc++.a(cow-string-inst.o)
                0x0000000071091a60                std::string::cbegin() const
 .text$_ZNKSs6lengthEv
                0x0000000071091a70       0x10 C:/mingw64/bin/../lib/gcc/x86_64-w64-mingw32/8.1.0\libstdc++.a(cow-string-inst.o)
                0x0000000071091a70                std::string::length() const
 .text$_ZNKSs6rbeginEv
                0x0000000071091a80       0x10 C:/mingw64/bin/../lib/gcc/x86_64-w64-mingw32/8.1.0\libstdc++.a(cow-string-inst.o)
                0x0000000071091a80                std::string::rbegin() const
 .text$_ZNKSs6substrEyy
                0x0000000071091a90       0x40 C:/mingw64/bin/../lib/gcc/x86_64-w64-mingw32/8.1.0\libstdc++.a(cow-string-inst.o)
                0x0000000071091a90                std::string::substr(unsigned long long, unsigned long long) const
 .text$_ZNKSs7_M_dataEv
                0x0000000071091ad0       0x10 C:/mingw64/bin/../lib/gcc/x86_64-w64-mingw32/8.1.0\libstdc++.a(cow-string-inst.o)
                0x0000000071091ad0                std::string::_M_data() const
 .text$_ZNKSs7_M_iendEv
                0x0000000071091ae0       0x10 C:/mingw64/bin/../lib/gcc/x86_64-w64-mingw32/8.1.0\libstdc++.a(cow-string-inst.o)
                0x0000000071091ae0                std::string::_M_iend() const
 .text$_ZNKSs7compareEPKc
                0x0000000071091af0       0x70 C:/mingw64/bin/../lib/gcc/x86_64-w64-mingw32/8.1.0\libstdc++.a(cow-string-inst.o)
                0x0000000071091af0                std::string::compare(char const*) const
 .text$_ZNKSs7compareERKSs
                0x0000000071091b60       0x60 C:/mingw64/bin/../lib/gcc/x86_64-w64-mingw32/8.1.0\libstdc++.a(cow-string-inst.o)
                0x0000000071091b60                std::string::compare(std::string const&) const
 .text$_ZNKSs7compareEyyPKc
                0x0000000071091bc0       0xa0 C:/mingw64/bin/../lib/gcc/x86_64-w64-mingw32/8.1.0\libstdc++.a(cow-string-inst.o)
                0x0000000071091bc0                std::string::compare(unsigned long long, unsigned long long, char const*) const
 .text$_ZNKSs7compareEyyPKcy
                0x0000000071091c60       0x80 C:/mingw64/bin/../lib/gcc/x86_64-w64-mingw32/8.1.0\libstdc++.a(cow-string-inst.o)
                0x0000000071091c60                std::string::compare(unsigned long long, unsigned long long, char const*, unsigned long long) const
 .text$_ZNKSs7compareEyyRKSs
                0x0000000071091ce0       0x80 C:/mingw64/bin/../lib/gcc/x86_64-w64-mingw32/8.1.0\libstdc++.a(cow-string-inst.o)
                0x0000000071091ce0                std::string::compare(unsigned long long, unsigned long long, std::string const&) const
 .text$_ZNKSs7compareEyyRKSsyy
                0x0000000071091d60       0xc0 C:/mingw64/bin/../lib/gcc/x86_64-w64-mingw32/8.1.0\libstdc++.a(cow-string-inst.o)
                0x0000000071091d60                std::string::compare(unsigned long long, unsigned long long, std::string const&, unsigned long long, unsigned long long) const
 .text$_ZNKSs7crbeginEv
                0x0000000071091e20       0x10 C:/mingw64/bin/../lib/gcc/x86_64-w64-mingw32/8.1.0\libstdc++.a(cow-string-inst.o)
                0x0000000071091e20                std::string::crbegin() const
 .text$_ZNKSs8_M_checkEyPKc
                0x0000000071091e30       0x30 C:/mingw64/bin/../lib/gcc/x86_64-w64-mingw32/8.1.0\libstdc++.a(cow-string-inst.o)
                0x0000000071091e30                std::string::_M_check(unsigned long long, char const*) const
 .text$_ZNKSs8_M_limitEyy
                0x0000000071091e60       0x20 C:/mingw64/bin/../lib/gcc/x86_64-w64-mingw32/8.1.0\libstdc++.a(cow-string-inst.o)
                0x0000000071091e60                std::string::_M_limit(unsigned long long, unsigned long long) const
 .text$_ZNKSs8capacityEv
                0x0000000071091e80       0x10 C:/mingw64/bin/../lib/gcc/x86_64-w64-mingw32/8.1.0\libstdc++.a(cow-string-inst.o)
                0x0000000071091e80                std::string::capacity() const
 .text$_ZNKSs8max_sizeEv
                0x0000000071091e90       0x10 C:/mingw64/bin/../lib/gcc/x86_64-w64-mingw32/8.1.0\libstdc++.a(cow-string-inst.o)
                0x0000000071091e90                std::string::max_size() const
 .text$_ZNKSs9_M_ibeginEv
                0x0000000071091ea0       0x10 C:/mingw64/bin/../lib/gcc/x86_64-w64-mingw32/8.1.0\libstdc++.a(cow-string-inst.o)
                0x0000000071091ea0                std::string::_M_ibegin() const
 .text$_ZNKSsixEy
                0x0000000071091eb0       0x10 C:/mingw64/bin/../lib/gcc/x86_64-w64-mingw32/8.1.0\libstdc++.a(cow-string-inst.o)
                0x0000000071091eb0                std::string::operator[](unsigned long long) const
 .text$_ZNKSt10bad_typeid4whatEv
                0x0000000071091ec0       0x10 C:/mingw64/bin/../lib/gcc/x86_64-w64-mingw32/8.1.0\libstdc++.a(bad_typeid.o)
                0x0000000071091ec0                std::bad_typeid::what() const
 .text$_ZNKSt11logic_error4whatEv
                0x0000000071091ed0       0x10 C:/mingw64/bin/../lib/gcc/x86_64-w64-mingw32/8.1.0\libstdc++.a(stdexcept.o)
                0x0000000071091ed0                std::logic_error::what() const
 .text$_ZNKSt13bad_exception4whatEv
                0x0000000071091ee0       0x10 C:/mingw64/bin/../lib/gcc/x86_64-w64-mingw32/8.1.0\libstdc++.a(eh_exception.o)
                0x0000000071091ee0                std::bad_exception::what() const
                0x0000000071091ee0                transaction clone for std::bad_exception::what() const
 .text$_ZNKSt13runtime_error4whatEv
                0x0000000071091ef0       0x10 C:/mingw64/bin/../lib/gcc/x86_64-w64-mingw32/8.1.0\libstdc++.a(stdexcept.o)
                0x0000000071091ef0                std::runtime_error::what() const
 .text$_ZNKSt3_V214error_category10_M_messageEi
                0x0000000071091f00       0xa0 C:/mingw64/bin/../lib/gcc/x86_64-w64-mingw32/8.1.0\libstdc++.a(cow-stdexcept.o)
                0x0000000071091f00                std::_V2::error_category::_M_message(int) const
 .text$_ZNKSt6vectorIhSaIhEE12_M_check_lenEyPKc
                0x0000000071091fa0       0x40 SendTSTCPMain.cpp.obj
                0x0000000071091fa0                std::vector<unsigned char, std::allocator<unsigned char> >::_M_check_len(unsigned long long, char const*) const
 .text$_ZNKSt7__cxx1112basic_stringIcSt11char_traitsIcESaIcEE11_M_disjunctEPKc
                0x0000000071091fe0       0x20 C:/mingw64/bin/../lib/gcc/x86_64-w64-mingw32/8.1.0\libstdc++.a(string-inst.o)
                0x0000000071091fe0                std::__cxx11::basic_string<char, std::char_traits<char>, std::allocator<char> >::_M_disjunct(char const*) const
 .text$_ZNKSt7__cxx1112basic_stringIcSt11char_traitsIcESaIcEE11_M_is_localEv
                0x0000000071092000       0x10 C:/mingw64/bin/../lib/gcc/x86_64-w64-mingw32/8.1.0\libstdc++.a(string-inst.o)
                0x0000000071092000                std::__cxx11::basic_string<char, std::char_traits<char>, std::allocator<char> >::_M_is_local() const
 .text$_ZNKSt7__cxx1112basic_stringIcSt11char_traitsIcESaIcEE12find_last_ofEPKcy
                0x0000000071092010       0x30 C:/mingw64/bin/../lib/gcc/x86_64-w64-mingw32/8.1.0\libstdc++.a(string-inst.o)
                0x0000000071092010                std::__cxx11::basic_string<char, std::char_traits<char>, std::allocator<char> >::find_last_of(char const*, unsigned long long) const
 .text$_ZNKSt7__cxx1112basic_stringIcSt11char_traitsIcESaIcEE12find_last_ofEPKcyy
                0x0000000071092040       0x80 C:/mingw64/bin/../lib/gcc/x86_64-w64-mingw32/8.1.0\libstdc++.a(string-inst.o)
                0x0000000071092040                std::__cxx11::basic_string<char, std::char_traits<char>, std::allocator<char> >::find_last_of(char const*, unsigned long long, unsigned long long) const
 .text$_ZNKSt7__cxx1112basic_stringIcSt11char_traitsIcESaIcEE12find_last_ofERKS4_y
                0x00000000710920c0       0x10 C:/mingw64/bin/../lib/gcc/x86_64-w64-mingw32/8.1.0\libstdc++.a(string-inst.o)
                0x00000000710920c0                std::__cxx11::basic_string<char, std::char_traits<char>, std::allocator<char> >::find_last_of(std::__cxx11::basic_string<char, std::char_traits<char>, std::allocator<char> > const&, unsigned long long) const
 .text$_ZNKSt7__cxx1112basic_stringIcSt11char_traitsIcESaIcEE12find_last_ofEcy
                0x00000000710920d0       0x30 C:/mingw64/bin/../lib/gcc/x86_64-w64-mingw32/8.1.0\libstdc++.a(string-inst.o)
                0x00000000710920d0                std::__cxx11::basic_string<char, std::char_traits<char>, std::allocator<char> >::find_last_of(char, unsigned long long) const
 .text$_ZNKSt7__cxx1112basic_stringIcSt11char_traitsIcESaIcEE13_M_local_dataEv
                0x0000000071092100       0x10 C:/mingw64/bin/../lib/gcc/x86_64-w64-mingw32/8.1.0\libstdc++.a(string-inst.o)
                0x0000000071092100                std::__cxx11::basic_string<char, std::char_traits<char>, std::allocator<char> >::_M_local_data() const
 .text$_ZNKSt7__cxx1112basic_stringIcSt11char_traitsIcESaIcEE13find_first_ofEPKcy
                0x0000000071092110       0x30 C:/mingw64/bin/../lib/gcc/x86_64-w64-mingw32/8.1.0\libstdc++.a(string-inst.o)
                0x0000000071092110                std::__cxx11::basic_string<char, std::char_traits<char>, std::allocator<char> >::find_first_of(char const*, unsigned long long) const
 .text$_ZNKSt7__cxx1112basic_stringIcSt11char_traitsIcESaIcEE13find_first_ofEPKcyy
                0x0000000071092140       0x80 C:/mingw64/bin/../lib/gcc/x86_64-w64-mingw32/8.1.0\libstdc++.a(string-inst.o)
                0x0000000071092140                std::__cxx11::basic_string<char, std::char_traits<char>, std::allocator<char> >::find_first_of(char const*, unsigned long long, unsigned long long) const
 .text$_ZNKSt7__cxx1112basic_stringIcSt11char_traitsIcESaIcEE13find_first_ofERKS4_y
                0x00000000710921c0       0x10 C:/mingw64/bin/../lib/gcc/x86_64-w64-mingw32/8.1.0\libstdc++.a(string-inst.o)
                0x00000000710921c0                std::__cxx11::basic_string<char, std::char_traits<char>, std::allocator<char> >::find_first_of(std::__cxx11::basic_string<char, std::char_traits<char>, std::allocator<char> > const&, unsigned long long) const
 .text$_ZNKSt7__cxx1112basic_stringIcSt11char_traitsIcESaIcEE13find_first_ofEcy
                0x00000000710921d0       0x10 C:/mingw64/bin/../lib/gcc/x86_64-w64-mingw32/8.1.0\libstdc++.a(string-inst.o)
                0x00000000710921d0                std::__cxx11::basic_string<char, std::char_traits<char>, std::allocator<char> >::find_first_of(char, unsigned long long) const
 .text$_ZNKSt7__cxx1112basic_stringIcSt11char_traitsIcESaIcEE13get_allocatorEv
                0x00000000710921e0       0x10 C:/mingw64/bin/../lib/gcc/x86_64-w64-mingw32/8.1.0\libstdc++.a(string-inst.o)
                0x00000000710921e0                std::__cxx11::basic_string<char, std::char_traits<char>, std::allocator<char> >::get_allocator() const
 .text$_ZNKSt7__cxx1112basic_stringIcSt11char_traitsIcESaIcEE15_M_check_lengthEyyPKc
                0x00000000710921f0       0x30 C:/mingw64/bin/../lib/gcc/x86_64-w64-mingw32/8.1.0\libstdc++.a(string-inst.o)
                0x00000000710921f0                std::__cxx11::basic_string<char, std::char_traits<char>, std::allocator<char> >::_M_check_length(unsigned long long, unsigned long long, char const*) const
 .text$_ZNKSt7__cxx1112basic_stringIcSt11char_traitsIcESaIcEE16_M_get_allocatorEv
                0x0000000071092220       0x10 C:/mingw64/bin/../lib/gcc/x86_64-w64-mingw32/8.1.0\libstdc++.a(string-inst.o)
                0x0000000071092220                std::__cxx11::basic_string<char, std::char_traits<char>, std::allocator<char> >::_M_get_allocator() const
 .text$_ZNKSt7__cxx1112basic_stringIcSt11char_traitsIcESaIcEE16find_last_not_ofEPKcy
                0x0000000071092230       0x30 C:/mingw64/bin/../lib/gcc/x86_64-w64-mingw32/8.1.0\libstdc++.a(string-inst.o)
                0x0000000071092230                std::__cxx11::basic_string<char, std::char_traits<char>, std::allocator<char> >::find_last_not_of(char const*, unsigned long long) const
 .text$_ZNKSt7__cxx1112basic_stringIcSt11char_traitsIcESaIcEE16find_last_not_ofEPKcyy
                0x0000000071092260       0x60 C:/mingw64/bin/../lib/gcc/x86_64-w64-mingw32/8.1.0\libstdc++.a(string-inst.o)
                0x0000000071092260                std::__cxx11::basic_string<char, std::char_traits<char>, std::allocator<char> >::find_last_not_of(char const*, unsigned long long, unsigned long long) const
 .text$_ZNKSt7__cxx1112basic_stringIcSt11char_traitsIcESaIcEE16find_last_not_ofERKS4_y
                0x00000000710922c0       0x10 C:/mingw64/bin/../lib/gcc/x86_64-w64-mingw32/8.1.0\libstdc++.a(string-inst.o)
                0x00000000710922c0                std::__cxx11::basic_string<char, std::char_traits<char>, std::allocator<char> >::find_last_not_of(std::__cxx11::basic_string<char, std::char_traits<char>, std::allocator<char> > const&, unsigned long long) const
 .text$_ZNKSt7__cxx1112basic_stringIcSt11char_traitsIcESaIcEE16find_last_not_ofEcy
                0x00000000710922d0       0x30 C:/mingw64/bin/../lib/gcc/x86_64-w64-mingw32/8.1.0\libstdc++.a(string-inst.o)
                0x00000000710922d0                std::__cxx11::basic_string<char, std::char_traits<char>, std::allocator<char> >::find_last_not_of(char, unsigned long long) const
 .text$_ZNKSt7__cxx1112basic_stringIcSt11char_traitsIcESaIcEE17find_first_not_ofEPKcy
                0x0000000071092300       0x30 C:/mingw64/bin/../lib/gcc/x86_64-w64-mingw32/8.1.0\libstdc++.a(string-inst.o)
                0x0000000071092300                std::__cxx11::basic_string<char, std::char_traits<char>, std::allocator<char> >::find_first_not_of(char const*, unsigned long long) const
 .text$_ZNKSt7__cxx1112basic_stringIcSt11char_traitsIcESaIcEE17find_first_not_ofEPKcyy
                0x0000000071092330       0x80 C:/mingw64/bin/../lib/gcc/x86_64-w64-mingw32/8.1.0\libstdc++.a(string-inst.o)
                0x0000000071092330                std::__cxx11::basic_string<char, std::char_traits<char>, std::allocator<char> >::find_first_not_of(char const*, unsigned long long, unsigned long long) const
 .text$_ZNKSt7__cxx1112basic_stringIcSt11char_traitsIcESaIcEE17find_first_not_ofERKS4_y
                0x00000000710923b0       0x10 C:/mingw64/bin/../lib/gcc/x86_64-w64-mingw32/8.1.0\libstdc++.a(string-inst.o)
                0x00000000710923b0                std::__cxx11::basic_string<char, std::char_traits<char>, std::allocator<char> >::find_first_not_of(std::__cxx11::basic_string<char, std::char_traits<char>, std::allocator<char> > const&, unsigned long long) const
 .text$_ZNKSt7__cxx1112basic_stringIcSt11char_traitsIcESaIcEE17find_first_not_ofEcy
                0x00000000710923c0       0x50 C:/mingw64/bin/../lib/gcc/x86_64-w64-mingw32/8.1.0\libstdc++.a(string-inst.o)
                0x00000000710923c0                std::__cxx11::basic_string<char, std::char_traits<char>, std::allocator<char> >::find_first_not_of(char, unsigned long long) const
 .text$_ZNKSt7__cxx1112basic_stringIcSt11char_traitsIcESaIcEE2atEy
                0x0000000071092410       0x30 C:/mingw64/bin/../lib/gcc/x86_64-w64-mingw32/8.1.0\libstdc++.a(string-inst.o)
                0x0000000071092410                std::__cxx11::basic_string<char, std::char_traits<char>, std::allocator<char> >::at(unsigned long long) const
 .text$_ZNKSt7__cxx1112basic_stringIcSt11char_traitsIcESaIcEE3endEv
                0x0000000071092440       0x10 C:/mingw64/bin/../lib/gcc/x86_64-w64-mingw32/8.1.0\libstdc++.a(string-inst.o)
                0x0000000071092440                std::__cxx11::basic_string<char, std::char_traits<char>, std::allocator<char> >::end() const
 .text$_ZNKSt7__cxx1112basic_stringIcSt11char_traitsIcESaIcEE4backEv
                0x0000000071092450       0x10 C:/mingw64/bin/../lib/gcc/x86_64-w64-mingw32/8.1.0\libstdc++.a(string-inst.o)
                0x0000000071092450                std::__cxx11::basic_string<char, std::char_traits<char>, std::allocator<char> >::back() const
 .text$_ZNKSt7__cxx1112basic_stringIcSt11char_traitsIcESaIcEE4cendEv
                0x0000000071092460       0x10 C:/mingw64/bin/../lib/gcc/x86_64-w64-mingw32/8.1.0\libstdc++.a(string-inst.o)
                0x0000000071092460                std::__cxx11::basic_string<char, std::char_traits<char>, std::allocator<char> >::cend() const
 .text$_ZNKSt7__cxx1112basic_stringIcSt11char_traitsIcESaIcEE4copyEPcyy
                0x0000000071092470       0x70 C:/mingw64/bin/../lib/gcc/x86_64-w64-mingw32/8.1.0\libstdc++.a(string-inst.o)
                0x0000000071092470                std::__cxx11::basic_string<char, std::char_traits<char>, std::allocator<char> >::copy(char*, unsigned long long, unsigned long long) const
 .text$_ZNKSt7__cxx1112basic_stringIcSt11char_traitsIcESaIcEE4dataEv
                0x00000000710924e0       0x10 C:/mingw64/bin/../lib/gcc/x86_64-w64-mingw32/8.1.0\libstdc++.a(string-inst.o)
                0x00000000710924e0                std::__cxx11::basic_string<char, std::char_traits<char>, std::allocator<char> >::data() const
 .text$_ZNKSt7__cxx1112basic_stringIcSt11char_traitsIcESaIcEE4findEPKcy
                0x00000000710924f0       0x30 C:/mingw64/bin/../lib/gcc/x86_64-w64-mingw32/8.1.0\libstdc++.a(string-inst.o)
                0x00000000710924f0                std::__cxx11::basic_string<char, std::char_traits<char>, std::allocator<char> >::find(char const*, unsigned long long) const
 .text$_ZNKSt7__cxx1112basic_stringIcSt11char_traitsIcESaIcEE4findEPKcyy
                0x0000000071092520       0xd0 C:/mingw64/bin/../lib/gcc/x86_64-w64-mingw32/8.1.0\libstdc++.a(string-inst.o)
                0x0000000071092520                std::__cxx11::basic_string<char, std::char_traits<char>, std::allocator<char> >::find(char const*, unsigned long long, unsigned long long) const
 .text$_ZNKSt7__cxx1112basic_stringIcSt11char_traitsIcESaIcEE4findERKS4_y
                0x00000000710925f0       0x10 C:/mingw64/bin/../lib/gcc/x86_64-w64-mingw32/8.1.0\libstdc++.a(string-inst.o)
                0x00000000710925f0                std::__cxx11::basic_string<char, std::char_traits<char>, std::allocator<char> >::find(std::__cxx11::basic_string<char, std::char_traits<char>, std::allocator<char> > const&, unsigned long long) const
 .text$_ZNKSt7__cxx1112basic_stringIcSt11char_traitsIcESaIcEE4findEcy
                0x0000000071092600       0x50 C:/mingw64/bin/../lib/gcc/x86_64-w64-mingw32/8.1.0\libstdc++.a(string-inst.o)
                0x0000000071092600                std::__cxx11::basic_string<char, std::char_traits<char>, std::allocator<char> >::find(char, unsigned long long) const
 .text$_ZNKSt7__cxx1112basic_stringIcSt11char_traitsIcESaIcEE4rendEv
                0x0000000071092650       0x10 C:/mingw64/bin/../lib/gcc/x86_64-w64-mingw32/8.1.0\libstdc++.a(string-inst.o)
                0x0000000071092650                std::__cxx11::basic_string<char, std::char_traits<char>, std::allocator<char> >::rend() const
 .text$_ZNKSt7__cxx1112basic_stringIcSt11char_traitsIcESaIcEE4sizeEv
                0x0000000071092660       0x10 C:/mingw64/bin/../lib/gcc/x86_64-w64-mingw32/8.1.0\libstdc++.a(string-inst.o)
                0x0000000071092660                std::__cxx11::basic_string<char, std::char_traits<char>, std::allocator<char> >::size() const
 .text$_ZNKSt7__cxx1112basic_stringIcSt11char_traitsIcESaIcEE5beginEv
                0x0000000071092670       0x10 C:/mingw64/bin/../lib/gcc/x86_64-w64-mingw32/8.1.0\libstdc++.a(string-inst.o)
                0x0000000071092670                std::__cxx11::basic_string<char, std::char_traits<char>, std::allocator<char> >::begin() const
 .text$_ZNKSt7__cxx1112basic_stringIcSt11char_traitsIcESaIcEE5c_strEv
                0x0000000071092680       0x10 C:/mingw64/bin/../lib/gcc/x86_64-w64-mingw32/8.1.0\libstdc++.a(string-inst.o)
                0x0000000071092680                std::__cxx11::basic_string<char, std::char_traits<char>, std::allocator<char> >::c_str() const
 .text$_ZNKSt7__cxx1112basic_stringIcSt11char_traitsIcESaIcEE5crendEv
                0x0000000071092690       0x10 C:/mingw64/bin/../lib/gcc/x86_64-w64-mingw32/8.1.0\libstdc++.a(string-inst.o)
                0x0000000071092690                std::__cxx11::basic_string<char, std::char_traits<char>, std::allocator<char> >::crend() const
 .text$_ZNKSt7__cxx1112basic_stringIcSt11char_traitsIcESaIcEE5emptyEv
                0x00000000710926a0       0x10 C:/mingw64/bin/../lib/gcc/x86_64-w64-mingw32/8.1.0\libstdc++.a(string-inst.o)
                0x00000000710926a0                std::__cxx11::basic_string<char, std::char_traits<char>, std::allocator<char> >::empty() const
 .text$_ZNKSt7__cxx1112basic_stringIcSt11char_traitsIcESaIcEE5frontEv
                0x00000000710926b0       0x10 C:/mingw64/bin/../lib/gcc/x86_64-w64-mingw32/8.1.0\libstdc++.a(string-inst.o)
                0x00000000710926b0                std::__cxx11::basic_string<char, std::char_traits<char>, std::allocator<char> >::front() const
 .text$_ZNKSt7__cxx1112basic_stringIcSt11char_traitsIcESaIcEE5rfindEPKcy
                0x00000000710926c0       0x30 C:/mingw64/bin/../lib/gcc/x86_64-w64-mingw32/8.1.0\libstdc++.a(string-inst.o)
                0x00000000710926c0                std::__cxx11::basic_string<char, std::char_traits<char>, std::allocator<char> >::rfind(char const*, unsigned long long) const
 .text$_ZNKSt7__cxx1112basic_stringIcSt11char_traitsIcESaIcEE5rfindEPKcyy
                0x00000000710926f0       0x70 C:/mingw64/bin/../lib/gcc/x86_64-w64-mingw32/8.1.0\libstdc++.a(string-inst.o)
                0x00000000710926f0                std::__cxx11::basic_string<char, std::char_traits<char>, std::allocator<char> >::rfind(char const*, unsigned long long, unsigned long long) const
 .text$_ZNKSt7__cxx1112basic_stringIcSt11char_traitsIcESaIcEE5rfindERKS4_y
                0x0000000071092760       0x10 C:/mingw64/bin/../lib/gcc/x86_64-w64-mingw32/8.1.0\libstdc++.a(string-inst.o)
                0x0000000071092760                std::__cxx11::basic_string<char, std::char_traits<char>, std::allocator<char> >::rfind(std::__cxx11::basic_string<char, std::char_traits<char>, std::allocator<char> > const&, unsigned long long) const
 .text$_ZNKSt7__cxx1112basic_stringIcSt11char_traitsIcESaIcEE5rfindEcy
                0x0000000071092770       0x30 C:/mingw64/bin/../lib/gcc/x86_64-w64-mingw32/8.1.0\libstdc++.a(string-inst.o)
                0x0000000071092770                std::__cxx11::basic_string<char, std::char_traits<char>, std::allocator<char> >::rfind(char, unsigned long long) const
 .text$_ZNKSt7__cxx1112basic_stringIcSt11char_traitsIcESaIcEE6cbeginEv
                0x00000000710927a0       0x10 C:/mingw64/bin/../lib/gcc/x86_64-w64-mingw32/8.1.0\libstdc++.a(string-inst.o)