Archive member included to satisfy reference by file (symbol)

C:/mingw64/bin/../lib/gcc/x86_64-w64-mingw32/8.1.0\libstdc++.a(class_type_info.o)
                              Common__PathUtil.cpp.obj (vtable for __cxxabiv1::__class_type_info)
C:/mingw64/bin/../lib/gcc/x86_64-w64-mingw32/8.1.0\libstdc++.a(del_op.o)
                              Common__PathUtil.cpp.obj (operator delete(void*))
C:/mingw64/bin/../lib/gcc/x86_64-w64-mingw32/8.1.0\libstdc++.a(del_ops.o)
                              WriteMain.cpp.obj (operator delete(void*, unsigned long long))
C:/mingw64/bin/../lib/gcc/x86_64-w64-mingw32/8.1.0\libstdc++.a(eh_alloc.o)
                              Common__PathUtil.cpp.obj (__cxa_free_exception)
C:/mingw64/bin/../lib/gcc/x86_64-w64-mingw32/8.1.0\libstdc++.a(eh_catch.o)
                              Common__PathUtil.cpp.obj (__cxa_begin_catch)
C:/mingw64/bin/../lib/gcc/x86_64-w64-mingw32/8.1.0\libstdc++.a(eh_exception.o)
                              C:/mingw64/bin/../lib/gcc/x86_64-w64-mingw32/8.1.0\libstdc++.a(eh_alloc.o) (std::exception::~exception())
C:/mingw64/bin/../lib/gcc/x86_64-w64-mingw32/8.1.0\libstdc++.a(eh_globals.o)
                              C:/mingw64/bin/../lib/gcc/x86_64-w64-mingw32/8.1.0\libstdc++.a(eh_catch.o) (__cxa_get_globals)
C:/mingw64/bin/../lib/gcc/x86_64-w64-mingw32/8.1.0\libstdc++.a(eh_personality.o)
                              C:/mingw64/bin/../lib/gcc/x86_64-w64-mingw32/8.1.0\libstdc++.a(eh_alloc.o) (__cxa_call_unexpected)
C:/mingw64/bin/../lib/gcc/x86_64-w64-mingw32/8.1.0\libstdc++.a(eh_terminate.o)
                              C:/mingw64/bin/../lib/gcc/x86_64-w64-mingw32/8.1.0\libstdc++.a(eh_personality.o) (__cxxabiv1::__terminate(void (*)()))
C:/mingw64/bin/../lib/gcc/x86_64-w64-mingw32/8.1.0\libstdc++.a(eh_term_handler.o)
                              C:/mingw64/bin/../lib/gcc/x86_64-w64-mingw32/8.1.0\libstdc++.a(eh_terminate.o) (__cxxabiv1::__terminate_handler)
C:/mingw64/bin/../lib/gcc/x86_64-w64-mingw32/8.1.0\libstdc++.a(eh_throw.o)
                              Common__PathUtil.cpp.obj (__cxa_throw)
C:/mingw64/bin/../lib/gcc/x86_64-w64-mingw32/8.1.0\libstdc++.a(eh_unex_handler.o)
                              C:/mingw64/bin/../lib/gcc/x86_64-w64-mingw32/8.1.0\libstdc++.a(eh_terminate.o) (__cxxabiv1::__unexpected_handler)
C:/mingw64/bin/../lib/gcc/x86_64-w64-mingw32/8.1.0\libstdc++.a(new_op.o)
                              Common__PathUtil.cpp.obj (operator new(unsigned long long))
C:/mingw64/bin/../lib/gcc/x86_64-w64-mingw32/8.1.0\libstdc++.a(pure.o)
                              C:/mingw64/bin/../lib/gcc/x86_64-w64-mingw32/8.1.0\libstdc++.a(eh_exception.o) (__cxa_pure_virtual)
C:/mingw64/bin/../lib/gcc/x86_64-w64-mingw32/8.1.0\libstdc++.a(si_class_type_info.o)
                              Common__PathUtil.cpp.obj (vtable for __cxxabiv1::__si_class_type_info)
C:/mingw64/bin/../lib/gcc/x86_64-w64-mingw32/8.1.0\libstdc++.a(tinfo.o)
                              C:/mingw64/bin/../lib/gcc/x86_64-w64-mingw32/8.1.0\libstdc++.a(class_type_info.o) (std::type_info::~type_info())
C:/mingw64/bin/../lib/gcc/x86_64-w64-mingw32/8.1.0\libstdc++.a(vterminate.o)
                              C:/mingw64/bin/../lib/gcc/x86_64-w64-mingw32/8.1.0\libstdc++.a(eh_term_handler.o) (__gnu_cxx::__verbose_terminate_handler())
C:/mingw64/bin/../lib/gcc/x86_64-w64-mingw32/8.1.0\libstdc++.a(stdexcept.o)
                              Common__PathUtil.cpp.obj (std::runtime_error::~runtime_error())
C:/mingw64/bin/../lib/gcc/x86_64-w64-mingw32/8.1.0\libstdc++.a(tree.o)
                              Write_Default.cpp.obj (std::_Rb_tree_increment(std::_Rb_tree_node_base const*))
C:/mingw64/bin/../lib/gcc/x86_64-w64-mingw32/8.1.0\libstdc++.a(cow-stdexcept.o)
                              Common__PathUtil.cpp.obj (std::runtime_error::runtime_error(char const*))
C:/mingw64/bin/../lib/gcc/x86_64-w64-mingw32/8.1.0\libstdc++.a(cow-string-inst.o)
                              C:/mingw64/bin/../lib/gcc/x86_64-w64-mingw32/8.1.0\libstdc++.a(cow-stdexcept.o) (std::string::swap(std::string&))
C:/mingw64/bin/../lib/gcc/x86_64-w64-mingw32/8.1.0\libstdc++.a(functexcept.o)
                              Common__PathUtil.cpp.obj (std::__throw_bad_alloc())
C:/mingw64/bin/../lib/gcc/x86_64-w64-mingw32/8.1.0\libstdc++.a(functional.o)
                              Common__PathUtil.cpp.obj (std::__throw_bad_function_call())
C:/mingw64/bin/../lib/gcc/x86_64-w64-mingw32/8.1.0\libstdc++.a(snprintf_lite.o)
                              C:/mingw64/bin/../lib/gcc/x86_64-w64-mingw32/8.1.0\libstdc++.a(functexcept.o) (__gnu_cxx::__snprintf_lite(char*, unsigned long long, char const*, char*))
C:/mingw64/bin/../lib/gcc/x86_64-w64-mingw32/8.1.0\libstdc++.a(sso_string.o)
                              C:/mingw64/bin/../lib/gcc/x86_64-w64-mingw32/8.1.0\libstdc++.a(cow-stdexcept.o) (std::__sso_string::__sso_string(char const*, unsigned long long))
[...]
Memory Configuration

Name             Origin             Length             Attributes
*default*        0x0000000000000000 0xffffffffffffffff

Linker script and memory map

                0x000000006e400000                __image_base__ = 0x6e400000
                0x0000000000000000                __dll__ = 0x0
                0x000000006e400000                __ImageBase = 0x6e400000
                0x0000000000001000                __section_alignment__ = 0x1000
                0x0000000000000200                __file_alignment__ = 0x200
                0x0000000000000004                __major_os_version__ = 0x4
                0x0000000000000000                __minor_os_version__ = 0x0
                0x0000000000000000                __major_image_version__ = 0x0
                0x0000000000000000                __minor_image_version__ = 0x0
                0x0000000000000005                __major_subsystem_version__ = 0x5
                0x0000000000000002                __minor_subsystem_version__ = 0x2
                0x0000000000000003                __subsystem__ = 0x3
                0x0000000000200000                __size_of_stack_reserve__ = 0x200000
                0x0000000000001000                __size_of_stack_commit__ = 0x1000
                0x0000000000100000                __size_of_heap_reserve__ = 0x100000
                0x0000000000001000                __size_of_heap_commit__ = 0x1000
                0x0000000000000000                __loader_flags__ = 0x0
                0x0000000000000140                __dll_characteristics__ = 0x140
LOAD C:/mingw64/bin/../lib/gcc/x86_64-w64-mingw32/8.1.0/../../../../x86_64-w64-mingw32/lib/../lib/dllcrt2.o
LOAD C:/mingw64/bin/../lib/gcc/x86_64-w64-mingw32/8.1.0/crtbegin.o
LOAD Common__PathUtil.cpp.obj
LOAD Common__StringUtil.cpp.obj
LOAD dllmain.cpp.obj
LOAD SettingDlg.cpp.obj
LOAD stdafx.cpp.obj
LOAD WriteMain.cpp.obj
LOAD Write_Default.cpp.obj
LOAD Write_Default.rc.obj
LOAD C:/mingw64/bin/../lib/gcc/x86_64-w64-mingw32/8.1.0\libstdc++.a
LOAD C:/mingw64/bin/../lib/gcc/x86_64-w64-mingw32/8.1.0/../../../../x86_64-w64-mingw32/lib/../lib/libmingw32.a
LOAD C:/mingw64/bin/../lib/gcc/x86_64-w64-mingw32/8.1.0/libgcc.a
LOAD C:/mingw64/bin/../lib/gcc/x86_64-w64-mingw32/8.1.0/libgcc_eh.a
LOAD C:/mingw64/bin/../lib/gcc/x86_64-w64-mingw32/8.1.0/../../../../x86_64-w64-mingw32/lib/../lib/libmoldname.a
LOAD C:/mingw64/bin/../lib/gcc/x86_64-w64-mingw32/8.1.0/../../../../x86_64-w64-mingw32/lib/../lib/libmingwex.a
LOAD C:/mingw64/bin/../lib/gcc/x86_64-w64-mingw32/8.1.0/../../../../x86_64-w64-mingw32/lib/../lib/libmsvcrt.a
LOAD C:/mingw64/bin/../lib/gcc/x86_64-w64-mingw32/8.1.0/../../../../x86_64-w64-mingw32/lib/../lib/libadvapi32.a
LOAD C:/mingw64/bin/../lib/gcc/x86_64-w64-mingw32/8.1.0/../../../../x86_64-w64-mingw32/lib/../lib/libshell32.a
LOAD C:/mingw64/bin/../lib/gcc/x86_64-w64-mingw32/8.1.0/../../../../x86_64-w64-mingw32/lib/../lib/libuser32.a
LOAD C:/mingw64/bin/../lib/gcc/x86_64-w64-mingw32/8.1.0/../../../../x86_64-w64-mingw32/lib/../lib/libkernel32.a
LOAD C:/mingw64/bin/../lib/gcc/x86_64-w64-mingw32/8.1.0/../../../../x86_64-w64-mingw32/lib/../lib/libiconv.a
LOAD C:/mingw64/bin/../lib/gcc/x86_64-w64-mingw32/8.1.0/../../../../x86_64-w64-mingw32/lib/../lib/libmingw32.a
LOAD C:/mingw64/bin/../lib/gcc/x86_64-w64-mingw32/8.1.0/libgcc.a
LOAD C:/mingw64/bin/../lib/gcc/x86_64-w64-mingw32/8.1.0/libgcc_eh.a
LOAD C:/mingw64/bin/../lib/gcc/x86_64-w64-mingw32/8.1.0/../../../../x86_64-w64-mingw32/lib/../lib/libmoldname.a
LOAD C:/mingw64/bin/../lib/gcc/x86_64-w64-mingw32/8.1.0/../../../../x86_64-w64-mingw32/lib/../lib/libmingwex.a
LOAD C:/mingw64/bin/../lib/gcc/x86_64-w64-mingw32/8.1.0/../../../../x86_64-w64-mingw32/lib/../lib/libmsvcrt.a
LOAD C:/mingw64/bin/../lib/gcc/x86_64-w64-mingw32/8.1.0/crtend.o
                0x0000000000000368                . = SIZEOF_HEADERS
                0x0000000000001000                . = ALIGN (__section_alignment__)

.text           0x000000006e401000    0x1ba00
 *(.init)
 *(.text)
 .text          0x000000006e401000      0x390 C:/mingw64/bin/../lib/gcc/x86_64-w64-mingw32/8.1.0/../../../../x86_64-w64-mingw32/lib/../lib/dllcrt2.o
                0x000000006e401010                _CRT_INIT
                0x000000006e401330                DllMainCRTStartup
                0x000000006e401380                atexit
 .text          0x000000006e401390       0x20 C:/mingw64/bin/../lib/gcc/x86_64-w64-mingw32/8.1.0/crtbegin.o
                0x000000006e401390                __gcc_register_frame
                0x000000006e4013a0                __gcc_deregister_frame
 .text          0x000000006e4013b0     0x1a00 Common__PathUtil.cpp.obj
                0x000000006e401402                filesystem_::path::first_element(std::__cxx11::basic_string<wchar_t, std::char_traits<wchar_t>, std::allocator<wchar_t> > const&, unsigned long long&, unsigned long long&)
                0x000000006e4014e9                UtilOpenFile(std::__cxx11::basic_string<wchar_t, std::char_traits<wchar_t>, std::allocator<wchar_t> > const&, int)
                0x000000006e40163a                UtilComparePath(wchar_t const*, wchar_t const*)
                0x000000006e40163f                UtilPathEndsWith(wchar_t const*, wchar_t const*)
                0x000000006e401684                TouchFileAsUnicode(filesystem_::path const&)
                0x000000006e4016d2                UtilFileExists(filesystem_::path const&, bool*)
                0x000000006e401718                UtilCreateDirectory(filesystem_::path const&)
                0x000000006e401732                filesystem_::path::filename_pos(std::__cxx11::basic_string<wchar_t, std::char_traits<wchar_t>, std::allocator<wchar_t> > const&)
                0x000000006e401848                filesystem_::path::is_root_separator(std::__cxx11::basic_string<wchar_t, std::char_traits<wchar_t>, std::allocator<wchar_t> > const&, unsigned long long)
                0x000000006e4018ec                filesystem_::path::root_directory_start(std::__cxx11::basic_string<wchar_t, std::char_traits<wchar_t>, std::allocator<wchar_t> > const&, unsigned long long)
                0x000000006e401a2c                filesystem_::path::m_parent_path_end() const
                0x000000006e401aba                WritePrivateProfileInt(wchar_t const*, wchar_t const*, int, wchar_t const*)
                0x000000006e401b02                filesystem_::path::m_erase_redundant_separator(unsigned long long)
                0x000000006e401b32                filesystem_::path::remove_filename()
                0x000000006e401b5d                CheckFileName(std::__cxx11::basic_string<wchar_t, std::char_traits<wchar_t>, std::allocator<wchar_t> >&, bool)
                0x000000006e401cda                filesystem_::path::filename() const
                0x000000006e401d44                filesystem_::path::stem() const
                0x000000006e401dba                filesystem_::path::root_name() const
                0x000000006e401ea0                filesystem_::path::root_directory() const
                0x000000006e401f34                GetModulePath(HINSTANCE__*)
                0x000000006e40201e                filesystem_::path::parent_path() const
                0x000000006e4020b1                UtilCreateDirectories(filesystem_::path const&)
                0x000000006e402165                UtilGetStorageID[abi:cxx11](filesystem_::path const&)
                0x000000006e4021d7                UtilGetStorageFreeBytes(filesystem_::path const&)
                0x000000006e402237                GetPrivateProfileToString[abi:cxx11](wchar_t const*, wchar_t const*, wchar_t const*, wchar_t const*)
                0x000000006e4024e2                filesystem_::path::m_append_separator_if_needed()
                0x000000006e402530                filesystem_::path::append(wchar_t const*)
                0x000000006e40256e                filesystem_::path::replace_extension(filesystem_::path const&)
                0x000000006e40265c                GetModuleIniPath(HINSTANCE__*)
                0x000000006e402726                filesystem_::path::append(std::__cxx11::basic_string<wchar_t, std::char_traits<wchar_t>, std::allocator<wchar_t> > const&)
                0x000000006e402767                GetCommonIniPath()
                0x000000006e4027ee                GetDefSettingPath()
                0x000000006e402873                GetSettingPath()
                0x000000006e402940                GetRecFolderPath(int)
                0x000000006e402c85                EnumFindFile(filesystem_::path const&, std::function<bool (UTIL_FIND_DATA&)> const&)
 .text          0x000000006e402db0      0x9d0 Common__StringUtil.cpp.obj
                0x000000006e402e10                CompareNoCase(char const*, char const*)
                0x000000006e402e5a                CompareNoCase(wchar_t const*, wchar_t const*)
                0x000000006e402ea8                AtoW(char const*, unsigned long long, std::vector<wchar_t, std::allocator<wchar_t> >&, UTIL_CONV_CODE)
                0x000000006e403165                WtoA(wchar_t const*, unsigned long long, std::vector<char, std::allocator<char> >&, UTIL_CONV_CODE)
                0x000000006e4033a7                Format(std::__cxx11::basic_string<wchar_t, std::char_traits<wchar_t>, std::allocator<wchar_t> >&, wchar_t const*, ...)
                0x000000006e4034ae                AtoW(std::__cxx11::basic_string<char, std::char_traits<char>, std::allocator<char> > const&, std::__cxx11::basic_string<wchar_t, std::char_traits<wchar_t>, std::allocator<wchar_t> >&, UTIL_CONV_CODE)
                0x000000006e403531                Separate(std::__cxx11::basic_string<wchar_t, std::char_traits<wchar_t>, std::allocator<wchar_t> > const&, wchar_t const*, std::__cxx11::basic_string<wchar_t, std::char_traits<wchar_t>, std::allocator<wchar_t> >&, std::__cxx11::basic_string<wchar_t, std::char_traits<wchar_t>, std::allocator<wchar_t> >&)
                0x000000006e40362c                Replace(std::__cxx11::basic_string<wchar_t, std::char_traits<wchar_t>, std::allocator<wchar_t> >&, std::__cxx11::basic_string<wchar_t, std::char_traits<wchar_t>, std::allocator<wchar_t> > const&, std::__cxx11::basic_string<wchar_t, std::char_traits<wchar_t>, std::allocator<wchar_t> > const&)
                0x000000006e4036fd                WtoA(std::__cxx11::basic_string<wchar_t, std::char_traits<wchar_t>, std::allocator<wchar_t> > const&, std::__cxx11::basic_string<char, std::char_traits<char>, std::allocator<char> >&, UTIL_CONV_CODE)
 .text          0x000000006e403780       0x10 dllmain.cpp.obj
                0x000000006e403780                DllMain
 .text          0x000000006e403790      0x2c0 SettingDlg.cpp.obj
                0x000000006e403790                CSettingDlg::CreateSettingDialog(HINSTANCE__*, HWND__*, std::__cxx11::basic_string<wchar_t, std::char_traits<wchar_t>, std::allocator<wchar_t> >&, std::__cxx11::basic_string<wchar_t, std::char_traits<wchar_t>, std::allocator<wchar_t> >&, std::__cxx11::basic_string<wchar_t, std::char_traits<wchar_t>, std::allocator<wchar_t> >&, std::__cxx11::basic_string<wchar_t, std::char_traits<wchar_t>, std::allocator<wchar_t> >&)
                0x000000006e4037cc                CSettingDlg::DlgProc(HWND__*, unsigned int, unsigned long long, long long)
 .text          0x000000006e403a50        0x0 stdafx.cpp.obj
 .text          0x000000006e403a50     0x11f0 WriteMain.cpp.obj
                0x000000006e403b42                CWriteMain::GetSavePath[abi:cxx11]()
                0x000000006e403b5c                CWriteMain::TeeThread(CWriteMain*)
                0x000000006e4040b2                CWriteMain::Stop()
                0x000000006e40420a                CWriteMain::~CWriteMain()
                0x000000006e40420a                CWriteMain::~CWriteMain()
                0x000000006e40426c                CWriteMain::Start(wchar_t const*, int, unsigned long long)
                0x000000006e40469a                CWriteMain::CWriteMain()
                0x000000006e40469a                CWriteMain::CWriteMain()
                0x000000006e404a8e                CWriteMain::Write(unsigned char*, unsigned long, unsigned long*)
 .text          0x000000006e404c40      0xab0 Write_Default.cpp.obj
                0x000000006e404d0c                GetPlugInName
                0x000000006e404dab                StartSave
                0x000000006e404e21                StopSave
                0x000000006e404e7f                GetSaveFilePath
                0x000000006e404fa1                AddTSBuff
                0x000000006e405017                DeleteCtrl
                0x000000006e4050a4                CreateCtrl
                0x000000006e4052c9                Setting
 .text          0x000000006e4056f0        0x0 C:/mingw64/bin/../lib/gcc/x86_64-w64-mingw32/8.1.0\libstdc++.a(class_type_info.o)
 .text          0x000000006e4056f0        0x0 C:/mingw64/bin/../lib/gcc/x86_64-w64-mingw32/8.1.0\libstdc++.a(del_op.o)
 .text          0x000000006e4056f0        0x0 C:/mingw64/bin/../lib/gcc/x86_64-w64-mingw32/8.1.0\libstdc++.a(del_ops.o)
 .text          0x000000006e4056f0        0x0 C:/mingw64/bin/../lib/gcc/x86_64-w64-mingw32/8.1.0\libstdc++.a(eh_alloc.o)
 .text          0x000000006e4056f0        0x0 C:/mingw64/bin/../lib/gcc/x86_64-w64-mingw32/8.1.0\libstdc++.a(eh_catch.o)
 .text          0x000000006e4056f0        0x0 C:/mingw64/bin/../lib/gcc/x86_64-w64-mingw32/8.1.0\libstdc++.a(eh_exception.o)
 .text          0x000000006e4056f0        0x0 C:/mingw64/bin/../lib/gcc/x86_64-w64-mingw32/8.1.0\libstdc++.a(eh_globals.o)
 .text          0x000000006e4056f0        0x0 C:/mingw64/bin/../lib/gcc/x86_64-w64-mingw32/8.1.0\libstdc++.a(eh_personality.o)
 .text          0x000000006e4056f0        0x0 C:/mingw64/bin/../lib/gcc/x86_64-w64-mingw32/8.1.0\libstdc++.a(eh_terminate.o)
 .text          0x000000006e4056f0        0x0 C:/mingw64/bin/../lib/gcc/x86_64-w64-mingw32/8.1.0\libstdc++.a(eh_term_handler.o)
 .text          0x000000006e4056f0        0x0 C:/mingw64/bin/../lib/gcc/x86_64-w64-mingw32/8.1.0\libstdc++.a(eh_throw.o)
 .text          0x000000006e4056f0        0x0 C:/mingw64/bin/../lib/gcc/x86_64-w64-mingw32/8.1.0\libstdc++.a(eh_unex_handler.o)
 .text          0x000000006e4056f0        0x0 C:/mingw64/bin/../lib/gcc/x86_64-w64-mingw32/8.1.0\libstdc++.a(new_op.o)
 .text          0x000000006e4056f0        0x0 C:/mingw64/bin/../lib/gcc/x86_64-w64-mingw32/8.1.0\libstdc++.a(pure.o)
 .text          0x000000006e4056f0        0x0 C:/mingw64/bin/../lib/gcc/x86_64-w64-mingw32/8.1.0\libstdc++.a(si_class_type_info.o)
 .text          0x000000006e4056f0        0x0 C:/mingw64/bin/../lib/gcc/x86_64-w64-mingw32/8.1.0\libstdc++.a(tinfo.o)
 .text          0x000000006e4056f0        0x0 C:/mingw64/bin/../lib/gcc/x86_64-w64-mingw32/8.1.0\libstdc++.a(vterminate.o)
 .text          0x000000006e4056f0        0x0 C:/mingw64/bin/../lib/gcc/x86_64-w64-mingw32/8.1.0\libstdc++.a(stdexcept.o)
 .text          0x000000006e4056f0        0x0 C:/mingw64/bin/../lib/gcc/x86_64-w64-mingw32/8.1.0\libstdc++.a(tree.o)
 .text          0x000000006e4056f0        0x0 C:/mingw64/bin/../lib/gcc/x86_64-w64-mingw32/8.1.0\libstdc++.a(cow-stdexcept.o)
 .text          0x000000006e4056f0        0x0 C:/mingw64/bin/../lib/gcc/x86_64-w64-mingw32/8.1.0\libstdc++.a(cow-string-inst.o)
 .text          0x000000006e4056f0        0x0 C:/mingw64/bin/../lib/gcc/x86_64-w64-mingw32/8.1.0\libstdc++.a(functexcept.o)
 .text          0x000000006e4056f0        0x0 C:/mingw64/bin/../lib/gcc/x86_64-w64-mingw32/8.1.0\libstdc++.a(functional.o)
 .text          0x000000006e4056f0        0x0 C:/mingw64/bin/../lib/gcc/x86_64-w64-mingw32/8.1.0\libstdc++.a(snprintf_lite.o)
 .text          0x000000006e4056f0        0x0 C:/mingw64/bin/../lib/gcc/x86_64-w64-mingw32/8.1.0\libstdc++.a(sso_string.o)
 .text          0x000000006e4056f0        0x0 C:/mingw64/bin/../lib/gcc/x86_64-w64-mingw32/8.1.0\libstdc++.a(string-inst.o)
 .text          0x000000006e4056f0        0x0 C:/mingw64/bin/../lib/gcc/x86_64-w64-mingw32/8.1.0\libstdc++.a(bad_alloc.o)
 .text          0x000000006e4056f0        0x0 C:/mingw64/bin/../lib/gcc/x86_64-w64-mingw32/8.1.0\libstdc++.a(bad_cast.o)
 .text          0x000000006e4056f0        0x0 C:/mingw64/bin/../lib/gcc/x86_64-w64-mingw32/8.1.0\libstdc++.a(bad_typeid.o)
 .text          0x000000006e4056f0     0x96f0 C:/mingw64/bin/../lib/gcc/x86_64-w64-mingw32/8.1.0\libstdc++.a(cp-demangle.o)
                0x000000006e40ec50                __cxa_demangle
                0x000000006e40edb0                __gcclibcxx_demangle_callback
 .text          0x000000006e40ede0        0x0 C:/mingw64/bin/../lib/gcc/x86_64-w64-mingw32/8.1.0\libstdc++.a(eh_call.o)
 .text          0x000000006e40ede0        0x0 C:/mingw64/bin/../lib/gcc/x86_64-w64-mingw32/8.1.0\libstdc++.a(eh_type.o)
 .text          0x000000006e40ede0        0x0 C:/mingw64/bin/../lib/gcc/x86_64-w64-mingw32/8.1.0\libstdc++.a(new_handler.o)
 .text          0x000000006e40ede0       0xd0 C:/mingw64/bin/../lib/gcc/x86_64-w64-mingw32/8.1.0/../../../../x86_64-w64-mingw32/lib/../lib/libmingw32.a(lib64_libmingw32_a-gccmain.o)
                0x000000006e40ede0                __do_global_dtors
                0x000000006e40ee20                __do_global_ctors
                0x000000006e40ee90                __main
 .text          0x000000006e40eeb0        0x0 C:/mingw64/bin/../lib/gcc/x86_64-w64-mingw32/8.1.0/../../../../x86_64-w64-mingw32/lib/../lib/libmingw32.a(lib64_libmingw32_a-natstart.o)
 .text          0x000000006e40eeb0      0x1e0 C:/mingw64/bin/../lib/gcc/x86_64-w64-mingw32/8.1.0/../../../../x86_64-w64-mingw32/lib/../lib/libmingw32.a(lib64_libmingw32_a-gs_support.o)
                0x000000006e40eeb0                __security_init_cookie
                0x000000006e40ef90                __report_gsfailure
 .text          0x000000006e40f090       0xc0 C:/mingw64/bin/../lib/gcc/x86_64-w64-mingw32/8.1.0/../../../../x86_64-w64-mingw32/lib/../lib/libmingw32.a(lib64_libmingw32_a-tlssup.o)
                0x000000006e40f0c0                __dyn_tls_init
                0x000000006e40f140                __tlregdtor
 .text          0x000000006e40f150        0x0 C:/mingw64/bin/../lib/gcc/x86_64-w64-mingw32/8.1.0/../../../../x86_64-w64-mingw32/lib/../lib/libmingw32.a(lib64_libmingw32_a-cinitexe.o)
 .text          0x000000006e40f150       0x20 C:/mingw64/bin/../lib/gcc/x86_64-w64-mingw32/8.1.0/../../../../x86_64-w64-mingw32/lib/../lib/libmingw32.a(lib64_libmingw32_a-mingw_helpers.o)
                0x000000006e40f150                _decode_pointer
                0x000000006e40f160                _encode_pointer
 .text          0x000000006e40f170      0x490 C:/mingw64/bin/../lib/gcc/x86_64-w64-mingw32/8.1.0/../../../../x86_64-w64-mingw32/lib/../lib/libmingw32.a(lib64_libmingw32_a-pseudo-reloc.o)
                0x000000006e40f340                _pei386_runtime_relocator
 .text          0x000000006e40f600      0x480 C:/mingw64/bin/../lib/gcc/x86_64-w64-mingw32/8.1.0/../../../../x86_64-w64-mingw32/lib/../lib/libmingw32.a(lib64_libmingw32_a-crt_handler.o)
                0x000000006e40f600                __mingw_SEH_error_handler
                0x000000006e40f7a0                __mingw_init_ehandler
                0x000000006e40f890                _gnu_exception_handler
 .text          0x000000006e40fa80      0x270 C:/mingw64/bin/../lib/gcc/x86_64-w64-mingw32/8.1.0/../../../../x86_64-w64-mingw32/lib/../lib/libmingw32.a(lib64_libmingw32_a-tlsthrd.o)
                0x000000006e40faf0                ___w64_mingwthr_add_key_dtor
                0x000000006e40fb70                ___w64_mingwthr_remove_key_dtor
                0x000000006e40fc10                __mingw_TLScallback
 .text          0x000000006e40fcf0        0x0 C:/mingw64/bin/../lib/gcc/x86_64-w64-mingw32/8.1.0/../../../../x86_64-w64-mingw32/lib/../lib/libmingw32.a(lib64_libmingw32_a-tlsmcrt.o)
 .text          0x000000006e40fcf0        0x0 C:/mingw64/bin/../lib/gcc/x86_64-w64-mingw32/8.1.0/../../../../x86_64-w64-mingw32/lib/../lib/libmingw32.a(lib64_libmingw32_a-pseudo-reloc-list.o)
 .text          0x000000006e40fcf0      0x3e0 C:/mingw64/bin/../lib/gcc/x86_64-w64-mingw32/8.1.0/../../../../x86_64-w64-mingw32/lib/../lib/libmingw32.a(lib64_libmingw32_a-pesect.o)
                0x000000006e40fd10                _ValidateImageBase
                0x000000006e40fd30                _FindPESection
                0x000000006e40fd80                _FindPESectionByName
                0x000000006e40fe10                __mingw_GetSectionForAddress
                0x000000006e40fe90                __mingw_GetSectionCount
                0x000000006e40fed0                _FindPESectionExec
                0x000000006e40ff40                _GetPEImageBase
                0x000000006e40ff80                _IsNonwritableInCurrentImage
                0x000000006e410020                __mingw_enum_import_library_names
 .text          0x000000006e4100d0       0x10 C:/mingw64/bin/../lib/gcc/x86_64-w64-mingw32/8.1.0/../../../../x86_64-w64-mingw32/lib/../lib/libmingw32.a(lib64_libmingw32_a-CRT_fp10.o)
                0x000000006e4100d0                fpreset
                0x000000006e4100d0                _fpreset
 .text          0x000000006e4100e0       0x40 C:/mingw64/bin/../lib/gcc/x86_64-w64-mingw32/8.1.0/libgcc.a(_chkstk_ms.o)
                0x000000006e4100e0                ___chkstk_ms
 .text          0x000000006e410120        0x0 C:/mingw64/bin/../lib/gcc/x86_64-w64-mingw32/8.1.0/libgcc.a(_ctors.o)
 .text          0x000000006e410120      0x3b0 C:/mingw64/bin/../lib/gcc/x86_64-w64-mingw32/8.1.0/libgcc.a(gthr-win32.o)
                0x000000006e410120                __gthr_win32_once
                0x000000006e4101a0                __gthr_win32_key_create
                0x000000006e4101e0                __gthr_win32_key_delete
                0x000000006e410200                __gthr_win32_getspecific
                0x000000006e410230                __gthr_win32_setspecific
                0x000000006e410250                __gthr_win32_mutex_init_function
                0x000000006e410280                __gthr_win32_mutex_destroy
                0x000000006e410290                __gthr_win32_mutex_lock
                0x000000006e4102e0                __gthr_win32_mutex_trylock
                0x000000006e410300                __gthr_win32_mutex_unlock
                0x000000006e410340                __gthr_win32_recursive_mutex_init_function
                0x000000006e410380                __gthr_win32_recursive_mutex_lock
                0x000000006e410400                __gthr_win32_recursive_mutex_trylock
                0x000000006e410450                __gthr_win32_recursive_mutex_unlock
                0x000000006e4104b0                __gthr_win32_recursive_mutex_destroy
 .text          0x000000006e4104d0      0x630 C:/mingw64/bin/../lib/gcc/x86_64-w64-mingw32/8.1.0/libgcc_eh.a(unwind-seh.o)
                0x000000006e410530                _Unwind_GetGR
                0x000000006e410550                _Unwind_SetGR
                0x000000006e410570                _Unwind_GetCFA
                0x000000006e410580                _Unwind_GetIP
                0x000000006e410590                _Unwind_GetIPInfo
                0x000000006e4105a0                _Unwind_SetIP
                0x000000006e4105b0                _Unwind_GetLanguageSpecificData
                0x000000006e4105c0                _Unwind_GetRegionStart
                0x000000006e4105d0                _Unwind_FindEnclosingFunction
                0x000000006e410600                _Unwind_GetDataRelBase
                0x000000006e410610                _Unwind_GetTextRelBase
                0x000000006e410620                _GCC_specific_handler
                0x000000006e410830                _Unwind_RaiseException
                0x000000006e410880                _Unwind_Resume
                0x000000006e410930                _Unwind_Resume_or_Rethrow
                0x000000006e410950                _Unwind_ForcedUnwind
                0x000000006e410980                _Unwind_DeleteException
                0x000000006e4109a0                _Unwind_Backtrace
 .text          0x000000006e410b00      0x3b0 C:/mingw64/bin/../lib/gcc/x86_64-w64-mingw32/8.1.0/libgcc_eh.a(emutls.o)
                0x000000006e410c40                __emutls_get_address
                0x000000006e410e80                __emutls_register_common
 .text          0x000000006e410eb0       0x10 C:/mingw64/bin/../lib/gcc/x86_64-w64-mingw32/8.1.0/../../../../x86_64-w64-mingw32/lib/../lib/libmingwex.a(lib64_libmingwex_a-dllentry.o)
                0x000000006e410eb0                DllEntryPoint
 .text          0x000000006e410ec0        0x8 C:/mingw64/bin/../lib/gcc/x86_64-w64-mingw32/8.1.0/../../../../x86_64-w64-mingw32/lib/../lib/libmsvcrt.a(duags01264.o)
                0x000000006e410ec0                wcslen
 .text          0x000000006e410ec8        0x8 C:/mingw64/bin/../lib/gcc/x86_64-w64-mingw32/8.1.0/../../../../x86_64-w64-mingw32/lib/../lib/libmsvcrt.a(duags01261.o)
                0x000000006e410ec8                wcscpy_s
 .text          0x000000006e410ed0        0x8 C:/mingw64/bin/../lib/gcc/x86_64-w64-mingw32/8.1.0/../../../../x86_64-w64-mingw32/lib/../lib/libmsvcrt.a(duags01257.o)
                0x000000006e410ed0                wcschr
 .text          0x000000006e410ed8        0x8 C:/mingw64/bin/../lib/gcc/x86_64-w64-mingw32/8.1.0/../../../../x86_64-w64-mingw32/lib/../lib/libmsvcrt.a(duags01251.o)
                0x000000006e410ed8                vswprintf_s
 .text          0x000000006e410ee0        0x8 C:/mingw64/bin/../lib/gcc/x86_64-w64-mingw32/8.1.0/../../../../x86_64-w64-mingw32/lib/../lib/libmsvcrt.a(duags01243.o)
                0x000000006e410ee0                vfprintf
 .text          0x000000006e410ee8        0x8 C:/mingw64/bin/../lib/gcc/x86_64-w64-mingw32/8.1.0/../../../../x86_64-w64-mingw32/lib/../lib/libmsvcrt.a(duags01223.o)
                0x000000006e410ee8                strtoul
 .text          0x000000006e410ef0        0x8 C:/mingw64/bin/../lib/gcc/x86_64-w64-mingw32/8.1.0/../../../../x86_64-w64-mingw32/lib/../lib/libmsvcrt.a(duags01211.o)
                0x000000006e410ef0                strncmp
 .text          0x000000006e410ef8        0x8 C:/mingw64/bin/../lib/gcc/x86_64-w64-mingw32/8.1.0/../../../../x86_64-w64-mingw32/lib/../lib/libmsvcrt.a(duags01208.o)
                0x000000006e410ef8                strlen
 .text          0x000000006e410f00        0x8 C:/mingw64/bin/../lib/gcc/x86_64-w64-mingw32/8.1.0/../../../../x86_64-w64-mingw32/lib/../lib/libmsvcrt.a(duags01201.o)
                0x000000006e410f00                strcmp
 .text          0x000000006e410f08        0x8 C:/mingw64/bin/../lib/gcc/x86_64-w64-mingw32/8.1.0/../../../../x86_64-w64-mingw32/lib/../lib/libmsvcrt.a(duags01192.o)
                0x000000006e410f08                sprintf
 .text          0x000000006e410f10        0x8 C:/mingw64/bin/../lib/gcc/x86_64-w64-mingw32/8.1.0/../../../../x86_64-w64-mingw32/lib/../lib/libmsvcrt.a(duags01187.o)
                0x000000006e410f10                signal
 .text          0x000000006e410f18        0x8 C:/mingw64/bin/../lib/gcc/x86_64-w64-mingw32/8.1.0/../../../../x86_64-w64-mingw32/lib/../lib/libmsvcrt.a(duags01186.o)
                0x000000006e410f18                setvbuf
 .text          0x000000006e410f20        0x8 C:/mingw64/bin/../lib/gcc/x86_64-w64-mingw32/8.1.0/../../../../x86_64-w64-mingw32/lib/../lib/libmsvcrt.a(duags01177.o)
                0x000000006e410f20                realloc
 .text          0x000000006e410f28        0x8 C:/mingw64/bin/../lib/gcc/x86_64-w64-mingw32/8.1.0/../../../../x86_64-w64-mingw32/lib/../lib/libmsvcrt.a(duags01159.o)
                0x000000006e410f28                memset
 .text          0x000000006e410f30        0x8 C:/mingw64/bin/../lib/gcc/x86_64-w64-mingw32/8.1.0/../../../../x86_64-w64-mingw32/lib/../lib/libmsvcrt.a(duags01158.o)
                0x000000006e410f30                memmove
 .text          0x000000006e410f38        0x8 C:/mingw64/bin/../lib/gcc/x86_64-w64-mingw32/8.1.0/../../../../x86_64-w64-mingw32/lib/../lib/libmsvcrt.a(duags01157.o)
                0x000000006e410f38                memcpy
 .text          0x000000006e410f40        0x8 C:/mingw64/bin/../lib/gcc/x86_64-w64-mingw32/8.1.0/../../../../x86_64-w64-mingw32/lib/../lib/libmsvcrt.a(duags01156.o)
                0x000000006e410f40                memcmp
 .text          0x000000006e410f48        0x8 C:/mingw64/bin/../lib/gcc/x86_64-w64-mingw32/8.1.0/../../../../x86_64-w64-mingw32/lib/../lib/libmsvcrt.a(duags01155.o)
                0x000000006e410f48                memchr
 .text          0x000000006e410f50        0x8 C:/mingw64/bin/../lib/gcc/x86_64-w64-mingw32/8.1.0/../../../../x86_64-w64-mingw32/lib/../lib/libmsvcrt.a(duags01149.o)
                0x000000006e410f50                malloc
 .text          0x000000006e410f58        0x8 C:/mingw64/bin/../lib/gcc/x86_64-w64-mingw32/8.1.0/../../../../x86_64-w64-mingw32/lib/../lib/libmsvcrt.a(duags01101.o)
                0x000000006e410f58                fwrite
 .text          0x000000006e410f60        0x8 C:/mingw64/bin/../lib/gcc/x86_64-w64-mingw32/8.1.0/../../../../x86_64-w64-mingw32/lib/../lib/libmsvcrt.a(duags01089.o)
                0x000000006e410f60                free
 .text          0x000000006e410f68        0x8 C:/mingw64/bin/../lib/gcc/x86_64-w64-mingw32/8.1.0/../../../../x86_64-w64-mingw32/lib/../lib/libmsvcrt.a(duags01086.o)
                0x000000006e410f68                fputwc
 .text          0x000000006e410f70        0x8 C:/mingw64/bin/../lib/gcc/x86_64-w64-mingw32/8.1.0/../../../../x86_64-w64-mingw32/lib/../lib/libmsvcrt.a(duags01085.o)
                0x000000006e410f70                fputs
 .text          0x000000006e410f78        0x8 C:/mingw64/bin/../lib/gcc/x86_64-w64-mingw32/8.1.0/../../../../x86_64-w64-mingw32/lib/../lib/libmsvcrt.a(duags01084.o)
                0x000000006e410f78                fputc
 .text          0x000000006e410f80        0x8 C:/mingw64/bin/../lib/gcc/x86_64-w64-mingw32/8.1.0/../../../../x86_64-w64-mingw32/lib/../lib/libmsvcrt.a(duags01080.o)
                0x000000006e410f80                fopen
 .text          0x000000006e410f88        0x8 C:/mingw64/bin/../lib/gcc/x86_64-w64-mingw32/8.1.0/../../../../x86_64-w64-mingw32/lib/../lib/libmsvcrt.a(duags01067.o)
                0x000000006e410f88                fclose
 .text          0x000000006e410f90        0x8 C:/mingw64/bin/../lib/gcc/x86_64-w64-mingw32/8.1.0/../../../../x86_64-w64-mingw32/lib/../lib/libmsvcrt.a(duags01050.o)
                0x000000006e410f90                calloc
 .text          0x000000006e410f98        0x8 C:/mingw64/bin/../lib/gcc/x86_64-w64-mingw32/8.1.0/../../../../x86_64-w64-mingw32/lib/../lib/libmsvcrt.a(duags01032.o)
                0x000000006e410f98                abort
 .text          0x000000006e410fa0        0x8 C:/mingw64/bin/../lib/gcc/x86_64-w64-mingw32/8.1.0/../../../../x86_64-w64-mingw32/lib/../lib/libmsvcrt.a(duags00986.o)
                0x000000006e410fa0                write
 .text          0x000000006e410fa8        0x8 C:/mingw64/bin/../lib/gcc/x86_64-w64-mingw32/8.1.0/../../../../x86_64-w64-mingw32/lib/../lib/libmsvcrt.a(duags00945.o)
                0x000000006e410fa8                _wfdopen
 .text          0x000000006e410fb0        0x8 C:/mingw64/bin/../lib/gcc/x86_64-w64-mingw32/8.1.0/../../../../x86_64-w64-mingw32/lib/../lib/libmsvcrt.a(duags00861.o)
                0x000000006e410fb0                _vsnwprintf_s
 .text          0x000000006e410fb8        0x8 C:/mingw64/bin/../lib/gcc/x86_64-w64-mingw32/8.1.0/../../../../x86_64-w64-mingw32/lib/../lib/libmsvcrt.a(duags00617.o)
                0x000000006e410fb8                _open_osfhandle
 .text          0x000000006e410fc0        0x8 C:/mingw64/bin/../lib/gcc/x86_64-w64-mingw32/8.1.0/../../../../x86_64-w64-mingw32/lib/../lib/libmsvcrt.a(duags00332.o)
                0x000000006e410fc0                _initterm
 .text          0x000000006e410fc8        0x8 C:/mingw64/bin/../lib/gcc/x86_64-w64-mingw32/8.1.0/../../../../x86_64-w64-mingw32/lib/../lib/libmsvcrt.a(duags00155.o)
                0x000000006e410fc8                _close
 .text          0x000000006e410fd0        0x8 C:/mingw64/bin/../lib/gcc/x86_64-w64-mingw32/8.1.0/../../../../x86_64-w64-mingw32/lib/../lib/libmsvcrt.a(duags00137.o)
                0x000000006e410fd0                _beginthreadex
 .text          0x000000006e410fd8        0x8 C:/mingw64/bin/../lib/gcc/x86_64-w64-mingw32/8.1.0/../../../../x86_64-w64-mingw32/lib/../lib/libmsvcrt.a(duags00122.o)
                0x000000006e410fd8                _amsg_exit
 .text          0x000000006e410fe0      0x170 C:/mingw64/bin/../lib/gcc/x86_64-w64-mingw32/8.1.0/../../../../x86_64-w64-mingw32/lib/../lib/libmsvcrt.a(lib64_libmsvcrt_os_a-onexit_table.o)
                0x000000006e410fe0                _initialize_onexit_table
                0x000000006e411010                _register_onexit_function
                0x000000006e4110e0                _execute_onexit_table
 .text          0x000000006e411150       0x20 C:/mingw64/bin/../lib/gcc/x86_64-w64-mingw32/8.1.0/../../../../x86_64-w64-mingw32/lib/../lib/libmsvcrt.a(lib64_libmsvcrt_os_a-acrt_iob_func.o)
                0x000000006e411150                __acrt_iob_func
 .text          0x000000006e411170        0x0 C:/mingw64/bin/../lib/gcc/x86_64-w64-mingw32/8.1.0/../../../../x86_64-w64-mingw32/lib/../lib/libmsvcrt.a(duagh.o)
 .text          0x000000006e411170        0x8 C:/mingw64/bin/../lib/gcc/x86_64-w64-mingw32/8.1.0/../../../../x86_64-w64-mingw32/lib/../lib/libmsvcrt.a(duags00821.o)
                0x000000006e411170                _unlock
 .text          0x000000006e411178        0x8 C:/mingw64/bin/../lib/gcc/x86_64-w64-mingw32/8.1.0/../../../../x86_64-w64-mingw32/lib/../lib/libmsvcrt.a(duags00441.o)
                0x000000006e411178                _lock
 .text          0x000000006e411180        0x8 C:/mingw64/bin/../lib/gcc/x86_64-w64-mingw32/8.1.0/../../../../x86_64-w64-mingw32/lib/../lib/libmsvcrt.a(duags00083.o)
                0x000000006e411180                __iob_func
 *fill*         0x000000006e411188        0x8 
 .text          0x000000006e411190        0x0 C:/mingw64/bin/../lib/gcc/x86_64-w64-mingw32/8.1.0/../../../../x86_64-w64-mingw32/lib/../lib/libmsvcrt.a(duagt.o)
 .text          0x000000006e411190        0x8 C:/mingw64/bin/../lib/gcc/x86_64-w64-mingw32/8.1.0/../../../../x86_64-w64-mingw32/lib/../lib/libuser32.a(dyqes00844.o)
                0x000000006e411190                SetWindowLongPtrW
 .text          0x000000006e411198        0x8 C:/mingw64/bin/../lib/gcc/x86_64-w64-mingw32/8.1.0/../../../../x86_64-w64-mingw32/lib/../lib/libuser32.a(dyqes00778.o)
                0x000000006e411198                SetDlgItemTextW
 .text          0x000000006e4111a0        0x8 C:/mingw64/bin/../lib/gcc/x86_64-w64-mingw32/8.1.0/../../../../x86_64-w64-mingw32/lib/../lib/libuser32.a(dyqes00753.o)
                0x000000006e4111a0                SendMessageW
 .text          0x000000006e4111a8        0x8 C:/mingw64/bin/../lib/gcc/x86_64-w64-mingw32/8.1.0/../../../../x86_64-w64-mingw32/lib/../lib/libuser32.a(dyqes00744.o)
                0x000000006e4111a8                SendDlgItemMessageW
 .text          0x000000006e4111b0        0x8 C:/mingw64/bin/../lib/gcc/x86_64-w64-mingw32/8.1.0/../../../../x86_64-w64-mingw32/lib/../lib/libuser32.a(dyqes00470.o)
                0x000000006e4111b0                GetWindowLongPtrW
 .text          0x000000006e4111b8        0x8 C:/mingw64/bin/../lib/gcc/x86_64-w64-mingw32/8.1.0/../../../../x86_64-w64-mingw32/lib/../lib/libuser32.a(dyqes00329.o)
                0x000000006e4111b8                GetDlgItemTextW
 .text          0x000000006e4111c0        0x8 C:/mingw64/bin/../lib/gcc/x86_64-w64-mingw32/8.1.0/../../../../x86_64-w64-mingw32/lib/../lib/libuser32.a(dyqes00326.o)
                0x000000006e4111c0                GetDlgItem
 .text          0x000000006e4111c8        0x8 C:/mingw64/bin/../lib/gcc/x86_64-w64-mingw32/8.1.0/../../../../x86_64-w64-mingw32/lib/../lib/libuser32.a(dyqes00238.o)
                0x000000006e4111c8                EndDialog
 .text          0x000000006e4111d0        0x8 C:/mingw64/bin/../lib/gcc/x86_64-w64-mingw32/8.1.0/../../../../x86_64-w64-mingw32/lib/../lib/libuser32.a(dyqes00235.o)
                0x000000006e4111d0                EnableWindow
 .text          0x000000006e4111d8        0x8 C:/mingw64/bin/../lib/gcc/x86_64-w64-mingw32/8.1.0/../../../../x86_64-w64-mingw32/lib/../lib/libuser32.a(dyqes00182.o)
                0x000000006e4111d8                DialogBoxParamW
 .text          0x000000006e4111e0        0x0 C:/mingw64/bin/../lib/gcc/x86_64-w64-mingw32/8.1.0/../../../../x86_64-w64-mingw32/lib/../lib/libuser32.a(dyqeh.o)
 .text          0x000000006e4111e0        0x0 C:/mingw64/bin/../lib/gcc/x86_64-w64-mingw32/8.1.0/../../../../x86_64-w64-mingw32/lib/../lib/libuser32.a(dyqet.o)
 .text          0x000000006e4111e0        0x8 C:/mingw64/bin/../lib/gcc/x86_64-w64-mingw32/8.1.0/../../../../x86_64-w64-mingw32/lib/../lib/libkernel32.a(dqifs01516.o)
                0x000000006e4111e0                WritePrivateProfileStringW
 .text          0x000000006e4111e8        0x8 C:/mingw64/bin/../lib/gcc/x86_64-w64-mingw32/8.1.0/../../../../x86_64-w64-mingw32/lib/../lib/libkernel32.a(dqifs01510.o)
                0x000000006e4111e8                WriteFile
 .text          0x000000006e4111f0        0x8 C:/mingw64/bin/../lib/gcc/x86_64-w64-mingw32/8.1.0/../../../../x86_64-w64-mingw32/lib/../lib/libkernel32.a(dqifs01490.o)
                0x000000006e4111f0                WideCharToMultiByte
 .text          0x000000006e4111f8        0x8 C:/mingw64/bin/../lib/gcc/x86_64-w64-mingw32/8.1.0/../../../../x86_64-w64-mingw32/lib/../lib/libkernel32.a(dqifs01453.o)
                0x000000006e4111f8                WaitForSingleObject
 .text          0x000000006e411200        0x8 C:/mingw64/bin/../lib/gcc/x86_64-w64-mingw32/8.1.0/../../../../x86_64-w64-mingw32/lib/../lib/libkernel32.a(dqifs01451.o)
                0x000000006e411200                WaitForMultipleObjects
 .text          0x000000006e411208        0x8 C:/mingw64/bin/../lib/gcc/x86_64-w64-mingw32/8.1.0/../../../../x86_64-w64-mingw32/lib/../lib/libkernel32.a(dqifs01445.o)
                0x000000006e411208                VirtualQuery
 .text          0x000000006e411210        0x8 C:/mingw64/bin/../lib/gcc/x86_64-w64-mingw32/8.1.0/../../../../x86_64-w64-mingw32/lib/../lib/libkernel32.a(dqifs01443.o)
                0x000000006e411210                VirtualProtect
 .text          0x000000006e411218        0x8 C:/mingw64/bin/../lib/gcc/x86_64-w64-mingw32/8.1.0/../../../../x86_64-w64-mingw32/lib/../lib/libkernel32.a(dqifs01409.o)
                0x000000006e411218                UnhandledExceptionFilter
 .text          0x000000006e411220        0x8 C:/mingw64/bin/../lib/gcc/x86_64-w64-mingw32/8.1.0/../../../../x86_64-w64-mingw32/lib/../lib/libkernel32.a(dqifs01396.o)
                0x000000006e411220                TlsSetValue
 .text          0x000000006e411228        0x8 C:/mingw64/bin/../lib/gcc/x86_64-w64-mingw32/8.1.0/../../../../x86_64-w64-mingw32/lib/../lib/libkernel32.a(dqifs01395.o)
                0x000000006e411228                TlsGetValue
 .text          0x000000006e411230        0x8 C:/mingw64/bin/../lib/gcc/x86_64-w64-mingw32/8.1.0/../../../../x86_64-w64-mingw32/lib/../lib/libkernel32.a(dqifs01394.o)
                0x000000006e411230                TlsFree
 .text          0x000000006e411238        0x8 C:/mingw64/bin/../lib/gcc/x86_64-w64-mingw32/8.1.0/../../../../x86_64-w64-mingw32/lib/../lib/libkernel32.a(dqifs01393.o)
                0x000000006e411238                TlsAlloc
 .text          0x000000006e411240        0x8 C:/mingw64/bin/../lib/gcc/x86_64-w64-mingw32/8.1.0/../../../../x86_64-w64-mingw32/lib/../lib/libkernel32.a(dqifs01375.o)
                0x000000006e411240                TerminateProcess
 .text          0x000000006e411248        0x8 C:/mingw64/bin/../lib/gcc/x86_64-w64-mingw32/8.1.0/../../../../x86_64-w64-mingw32/lib/../lib/libkernel32.a(dqifs01360.o)
                0x000000006e411248                Sleep
 .text          0x000000006e411250        0x8 C:/mingw64/bin/../lib/gcc/x86_64-w64-mingw32/8.1.0/../../../../x86_64-w64-mingw32/lib/../lib/libkernel32.a(dqifs01346.o)
                0x000000006e411250                SetUnhandledExceptionFilter
 .text          0x000000006e411258        0x8 C:/mingw64/bin/../lib/gcc/x86_64-w64-mingw32/8.1.0/../../../../x86_64-w64-mingw32/lib/../lib/libkernel32.a(dqifs01290.o)
                0x000000006e411258                SetLastError
 .text          0x000000006e411260        0x8 C:/mingw64/bin/../lib/gcc/x86_64-w64-mingw32/8.1.0/../../../../x86_64-w64-mingw32/lib/../lib/libkernel32.a(dqifs01277.o)
                0x000000006e411260                SetFilePointerEx
 .text          0x000000006e411268        0x8 C:/mingw64/bin/../lib/gcc/x86_64-w64-mingw32/8.1.0/../../../../x86_64-w64-mingw32/lib/../lib/libkernel32.a(dqifs01276.o)
                0x000000006e411268                SetFilePointer
 .text          0x000000006e411270        0x8 C:/mingw64/bin/../lib/gcc/x86_64-w64-mingw32/8.1.0/../../../../x86_64-w64-mingw32/lib/../lib/libkernel32.a(dqifs01263.o)
                0x000000006e411270                SetEvent
 .text          0x000000006e411278        0x8 C:/mingw64/bin/../lib/gcc/x86_64-w64-mingw32/8.1.0/../../../../x86_64-w64-mingw32/lib/../lib/libkernel32.a(dqifs01257.o)
                0x000000006e411278                SetEndOfFile
 .text          0x000000006e411280        0x8 C:/mingw64/bin/../lib/gcc/x86_64-w64-mingw32/8.1.0/../../../../x86_64-w64-mingw32/lib/../lib/libkernel32.a(dqifs01194.o)
                0x000000006e411280                RtlVirtualUnwind
 .text          0x000000006e411288        0x8 C:/mingw64/bin/../lib/gcc/x86_64-w64-mingw32/8.1.0/../../../../x86_64-w64-mingw32/lib/../lib/libkernel32.a(dqifs01193.o)
                0x000000006e411288                RtlUnwindEx
 .text          0x000000006e411290        0x8 C:/mingw64/bin/../lib/gcc/x86_64-w64-mingw32/8.1.0/../../../../x86_64-w64-mingw32/lib/../lib/libkernel32.a(dqifs01187.o)
                0x000000006e411290                RtlLookupFunctionEntry
 .text          0x000000006e411298        0x8 C:/mingw64/bin/../lib/gcc/x86_64-w64-mingw32/8.1.0/../../../../x86_64-w64-mingw32/lib/../lib/libkernel32.a(dqifs01180.o)
                0x000000006e411298                RtlCaptureContext
 .text          0x000000006e4112a0        0x8 C:/mingw64/bin/../lib/gcc/x86_64-w64-mingw32/8.1.0/../../../../x86_64-w64-mingw32/lib/../lib/libkernel32.a(dqifs01179.o)
                0x000000006e4112a0                RtlAddFunctionTable
 .text          0x000000006e4112a8        0x8 C:/mingw64/bin/../lib/gcc/x86_64-w64-mingw32/8.1.0/../../../../x86_64-w64-mingw32/lib/../lib/libkernel32.a(dqifs01172.o)
                0x000000006e4112a8                ResetEvent
 .text          0x000000006e4112b0        0x8 C:/mingw64/bin/../lib/gcc/x86_64-w64-mingw32/8.1.0/../../../../x86_64-w64-mingw32/lib/../lib/libkernel32.a(dqifs01154.o)
                0x000000006e4112b0                ReleaseSemaphore
 .text          0x000000006e4112b8        0x8 C:/mingw64/bin/../lib/gcc/x86_64-w64-mingw32/8.1.0/../../../../x86_64-w64-mingw32/lib/../lib/libkernel32.a(dqifs01128.o)
                0x000000006e4112b8                ReadFile
 .text          0x000000006e4112c0        0x8 C:/mingw64/bin/../lib/gcc/x86_64-w64-mingw32/8.1.0/../../../../x86_64-w64-mingw32/lib/../lib/libkernel32.a(dqifs01112.o)
                0x000000006e4112c0                RaiseException
 .text          0x000000006e4112c8        0x8 C:/mingw64/bin/../lib/gcc/x86_64-w64-mingw32/8.1.0/../../../../x86_64-w64-mingw32/lib/../lib/libkernel32.a(dqifs01093.o)
                0x000000006e4112c8                QueryPerformanceCounter
 .text          0x000000006e4112d0        0x8 C:/mingw64/bin/../lib/gcc/x86_64-w64-mingw32/8.1.0/../../../../x86_64-w64-mingw32/lib/../lib/libkernel32.a(dqifs01042.o)
                0x000000006e4112d0                OutputDebugStringW
 .text          0x000000006e4112d8        0x8 C:/mingw64/bin/../lib/gcc/x86_64-w64-mingw32/8.1.0/../../../../x86_64-w64-mingw32/lib/../lib/libkernel32.a(dqifs00999.o)
                0x000000006e4112d8                MultiByteToWideChar
 .text          0x000000006e4112e0        0x8 C:/mingw64/bin/../lib/gcc/x86_64-w64-mingw32/8.1.0/../../../../x86_64-w64-mingw32/lib/../lib/libkernel32.a(dqifs00951.o)
                0x000000006e4112e0                LeaveCriticalSection
 .text          0x000000006e4112e8        0x8 C:/mingw64/bin/../lib/gcc/x86_64-w64-mingw32/8.1.0/../../../../x86_64-w64-mingw32/lib/../lib/libkernel32.a(dqifs00863.o)
                0x000000006e4112e8                InitializeCriticalSection
 .text          0x000000006e4112f0        0x8 C:/mingw64/bin/../lib/gcc/x86_64-w64-mingw32/8.1.0/../../../../x86_64-w64-mingw32/lib/../lib/libkernel32.a(dqifs00801.o)
                0x000000006e4112f0                GetVolumePathNameW
 .text          0x000000006e4112f8        0x8 C:/mingw64/bin/../lib/gcc/x86_64-w64-mingw32/8.1.0/../../../../x86_64-w64-mingw32/lib/../lib/libkernel32.a(dqifs00799.o)
                0x000000006e4112f8                GetVolumeNameForVolumeMountPointW
 .text          0x000000006e411300        0x8 C:/mingw64/bin/../lib/gcc/x86_64-w64-mingw32/8.1.0/../../../../x86_64-w64-mingw32/lib/../lib/libkernel32.a(dqifs00774.o)
                0x000000006e411300                GetTickCount
 .text          0x000000006e411308        0x8 C:/mingw64/bin/../lib/gcc/x86_64-w64-mingw32/8.1.0/../../../../x86_64-w64-mingw32/lib/../lib/libkernel32.a(dqifs00746.o)
                0x000000006e411308                GetSystemTimeAsFileTime
 .text          0x000000006e411310        0x8 C:/mingw64/bin/../lib/gcc/x86_64-w64-mingw32/8.1.0/../../../../x86_64-w64-mingw32/lib/../lib/libkernel32.a(dqifs00686.o)
                0x000000006e411310                GetPrivateProfileStringW
 .text          0x000000006e411318        0x8 C:/mingw64/bin/../lib/gcc/x86_64-w64-mingw32/8.1.0/../../../../x86_64-w64-mingw32/lib/../lib/libkernel32.a(dqifs00680.o)
                0x000000006e411318                GetPrivateProfileIntW
 .text          0x000000006e411320        0x8 C:/mingw64/bin/../lib/gcc/x86_64-w64-mingw32/8.1.0/../../../../x86_64-w64-mingw32/lib/../lib/libkernel32.a(dqifs00667.o)
                0x000000006e411320                GetOverlappedResult
 .text          0x000000006e411328        0x8 C:/mingw64/bin/../lib/gcc/x86_64-w64-mingw32/8.1.0/../../../../x86_64-w64-mingw32/lib/../lib/libkernel32.a(dqifs00629.o)
                0x000000006e411328                GetModuleFileNameW
 .text          0x000000006e411330        0x8 C:/mingw64/bin/../lib/gcc/x86_64-w64-mingw32/8.1.0/../../../../x86_64-w64-mingw32/lib/../lib/libkernel32.a(dqifs00609.o)
                0x000000006e411330                GetLastError
 .text          0x000000006e411338        0x8 C:/mingw64/bin/../lib/gcc/x86_64-w64-mingw32/8.1.0/../../../../x86_64-w64-mingw32/lib/../lib/libkernel32.a(dqifs00583.o)
                0x000000006e411338                GetFileAttributesW
 .text          0x000000006e411340        0x8 C:/mingw64/bin/../lib/gcc/x86_64-w64-mingw32/8.1.0/../../../../x86_64-w64-mingw32/lib/../lib/libkernel32.a(dqifs00554.o)
                0x000000006e411340                GetDiskFreeSpaceExW
 .text          0x000000006e411348        0x8 C:/mingw64/bin/../lib/gcc/x86_64-w64-mingw32/8.1.0/../../../../x86_64-w64-mingw32/lib/../lib/libkernel32.a(dqifs00540.o)
                0x000000006e411348                GetCurrentThreadId
 .text          0x000000006e411350        0x8 C:/mingw64/bin/../lib/gcc/x86_64-w64-mingw32/8.1.0/../../../../x86_64-w64-mingw32/lib/../lib/libkernel32.a(dqifs00536.o)
                0x000000006e411350                GetCurrentProcessId
 .text          0x000000006e411358        0x8 C:/mingw64/bin/../lib/gcc/x86_64-w64-mingw32/8.1.0/../../../../x86_64-w64-mingw32/lib/../lib/libkernel32.a(dqifs00535.o)
                0x000000006e411358                GetCurrentProcess
 .text          0x000000006e411360        0x8 C:/mingw64/bin/../lib/gcc/x86_64-w64-mingw32/8.1.0/../../../../x86_64-w64-mingw32/lib/../lib/libkernel32.a(dqifs00396.o)
                0x000000006e411360                FindNextFileW
 .text          0x000000006e411368        0x8 C:/mingw64/bin/../lib/gcc/x86_64-w64-mingw32/8.1.0/../../../../x86_64-w64-mingw32/lib/../lib/libkernel32.a(dqifs00384.o)
                0x000000006e411368                FindFirstFileW
 .text          0x000000006e411370        0x8 C:/mingw64/bin/../lib/gcc/x86_64-w64-mingw32/8.1.0/../../../../x86_64-w64-mingw32/lib/../lib/libkernel32.a(dqifs00373.o)
                0x000000006e411370                FindClose
 .text          0x000000006e411378        0x8 C:/mingw64/bin/../lib/gcc/x86_64-w64-mingw32/8.1.0/../../../../x86_64-w64-mingw32/lib/../lib/libkernel32.a(dqifs00304.o)
                0x000000006e411378                EnterCriticalSection
 .text          0x000000006e411380        0x8 C:/mingw64/bin/../lib/gcc/x86_64-w64-mingw32/8.1.0/../../../../x86_64-w64-mingw32/lib/../lib/libkernel32.a(dqifs00268.o)
                0x000000006e411380                DeleteCriticalSection
 .text          0x000000006e411388        0x8 C:/mingw64/bin/../lib/gcc/x86_64-w64-mingw32/8.1.0/../../../../x86_64-w64-mingw32/lib/../lib/libkernel32.a(dqifs00231.o)
                0x000000006e411388                CreateSemaphoreW
 .text          0x000000006e411390        0x8 C:/mingw64/bin/../lib/gcc/x86_64-w64-mingw32/8.1.0/../../../../x86_64-w64-mingw32/lib/../lib/libkernel32.a(dqifs00225.o)
                0x000000006e411390                CreateProcessW
 .text          0x000000006e411398        0x8 C:/mingw64/bin/../lib/gcc/x86_64-w64-mingw32/8.1.0/../../../../x86_64-w64-mingw32/lib/../lib/libkernel32.a(dqifs00216.o)
                0x000000006e411398                CreateNamedPipeW
 .text          0x000000006e4113a0        0x8 C:/mingw64/bin/../lib/gcc/x86_64-w64-mingw32/8.1.0/../../../../x86_64-w64-mingw32/lib/../lib/libkernel32.a(dqifs00199.o)
                0x000000006e4113a0                CreateFileW
 .text          0x000000006e4113a8        0x8 C:/mingw64/bin/../lib/gcc/x86_64-w64-mingw32/8.1.0/../../../../x86_64-w64-mingw32/lib/../lib/libkernel32.a(dqifs00187.o)
                0x000000006e4113a8                CreateEventW
 .text          0x000000006e4113b0        0x8 C:/mingw64/bin/../lib/gcc/x86_64-w64-mingw32/8.1.0/../../../../x86_64-w64-mingw32/lib/../lib/libkernel32.a(dqifs00183.o)
                0x000000006e4113b0                CreateDirectoryW
 .text          0x000000006e4113b8        0x8 C:/mingw64/bin/../lib/gcc/x86_64-w64-mingw32/8.1.0/../../../../x86_64-w64-mingw32/lib/../lib/libkernel32.a(dqifs00130.o)
                0x000000006e4113b8                CloseHandle
 .text          0x000000006e4113c0        0x8 C:/mingw64/bin/../lib/gcc/x86_64-w64-mingw32/8.1.0/../../../../x86_64-w64-mingw32/lib/../lib/libkernel32.a(dqifs00109.o)
                0x000000006e4113c0                CancelIo
 *fill*         0x000000006e4113c8        0x8 
 .text          0x000000006e4113d0        0x0 C:/mingw64/bin/../lib/gcc/x86_64-w64-mingw32/8.1.0/../../../../x86_64-w64-mingw32/lib/../lib/libkernel32.a(dqifh.o)
 .text          0x000000006e4113d0        0x0 C:/mingw64/bin/../lib/gcc/x86_64-w64-mingw32/8.1.0/../../../../x86_64-w64-mingw32/lib/../lib/libkernel32.a(dqift.o)
 .text          0x000000006e4113d0       0x30 C:/mingw64/bin/../lib/gcc/x86_64-w64-mingw32/8.1.0/../../../../x86_64-w64-mingw32/lib/../lib/libmingw32.a(lib64_libmingw32_a-tlsmthread.o)
                0x000000006e4113d0                __mingwthr_remove_key_dtor
                0x000000006e4113e0                __mingwthr_key_dtor
 .text          0x000000006e411400        0x0 C:/mingw64/bin/../lib/gcc/x86_64-w64-mingw32/8.1.0/crtend.o
 *(SORT_BY_NAME(.text$*))
 .text$_Z10swprintf_sILy32EEiRAT__wPKwz
                0x000000006e411400       0x30 Common__PathUtil.cpp.obj
                0x000000006e411400                int swprintf_s<32ull>(wchar_t (&) [32ull], wchar_t const*, ...)
 .text$_Z10swprintf_sILy64EEiRAT__wPKwz
                0x000000006e411430       0x30 WriteMain.cpp.obj
                0x000000006e411430                int swprintf_s<64ull>(wchar_t (&) [64ull], wchar_t const*, ...)
 .text$_Z26AddDebugLogFormatNoNewlinePKwz
                0x000000006e411460       0x70 WriteMain.cpp.obj
                0x000000006e411460                AddDebugLogFormatNoNewline(wchar_t const*, ...)
 .text$_ZGTtNKSt13bad_exceptionD1Ev
                0x000000006e4114d0       0x10 C:/mingw64/bin/../lib/gcc/x86_64-w64-mingw32/8.1.0\libstdc++.a(eh_exception.o)
                0x000000006e4114d0                transaction clone for std::bad_exception::~bad_exception() const
 .text$_ZGTtNKSt9exceptionD1Ev
                0x000000006e4114e0       0x10 C:/mingw64/bin/../lib/gcc/x86_64-w64-mingw32/8.1.0\libstdc++.a(eh_exception.o)
                0x000000006e4114e0                transaction clone for std::exception::~exception() const
 .text$_ZL15get_ttype_entryP16lsda_header_infoy
                0x000000006e4114f0       0x90 C:/mingw64/bin/../lib/gcc/x86_64-w64-mingw32/8.1.0\libstdc++.a(eh_personality.o)
 .text$_ZL16get_adjusted_ptrPKSt9type_infoS1_PPv
                0x000000006e411580       0x60 C:/mingw64/bin/../lib/gcc/x86_64-w64-mingw32/8.1.0\libstdc++.a(eh_personality.o)
 .text$_ZL17parse_lsda_headerP15_Unwind_ContextPKhP16lsda_header_info
                0x000000006e4115e0       0xf0 C:/mingw64/bin/../lib/gcc/x86_64-w64-mingw32/8.1.0\libstdc++.a(eh_personality.o)
 .text$_ZL20check_exception_specP16lsda_header_infoPKSt9type_infoPvx
                0x000000006e4116d0       0x80 C:/mingw64/bin/../lib/gcc/x86_64-w64-mingw32/8.1.0\libstdc++.a(eh_personality.o)
 .text$_ZL21base_of_encoded_valuehP15_Unwind_Context
                0x000000006e411750       0x70 C:/mingw64/bin/../lib/gcc/x86_64-w64-mingw32/8.1.0\libstdc++.a(eh_personality.o)
 .text$_ZL23__gxx_exception_cleanup19_Unwind_Reason_CodeP17_Unwind_Exception
                0x000000006e4117c0       0x40 C:/mingw64/bin/../lib/gcc/x86_64-w64-mingw32/8.1.0\libstdc++.a(eh_throw.o)
 .text$_ZL28read_encoded_value_with_basehyPKhPy
                0x000000006e411800      0x160 C:/mingw64/bin/../lib/gcc/x86_64-w64-mingw32/8.1.0\libstdc++.a(eh_personality.o)
 .text$_ZN10__cxxabiv111__terminateEPFvvE
                0x000000006e411960       0x40 C:/mingw64/bin/../lib/gcc/x86_64-w64-mingw32/8.1.0\libstdc++.a(eh_terminate.o)
                0x000000006e411960                __cxxabiv1::__terminate(void (*)())
 .text$_ZN10__cxxabiv112__unexpectedEPFvvE
                0x000000006e4119a0       0x10 C:/mingw64/bin/../lib/gcc/x86_64-w64-mingw32/8.1.0\libstdc++.a(eh_terminate.o)
                0x000000006e4119a0                __cxxabiv1::__unexpected(void (*)())
 .text$_ZN10__cxxabiv115__forced_unwindD0Ev
                0x000000006e4119b0       0x10 C:/mingw64/bin/../lib/gcc/x86_64-w64-mingw32/8.1.0\libstdc++.a(eh_exception.o)
                0x000000006e4119b0                __cxxabiv1::__forced_unwind::~__forced_unwind()
 .text$_ZN10__cxxabiv115__forced_unwindD2Ev
                0x000000006e4119c0       0x10 C:/mingw64/bin/../lib/gcc/x86_64-w64-mingw32/8.1.0\libstdc++.a(eh_exception.o)
                0x000000006e4119c0                __cxxabiv1::__forced_unwind::~__forced_unwind()
                0x000000006e4119c0                __cxxabiv1::__forced_unwind::~__forced_unwind()
 .text$_ZN10__cxxabiv117__class_type_infoD0Ev
                0x000000006e4119d0       0x30 C:/mingw64/bin/../lib/gcc/x86_64-w64-mingw32/8.1.0\libstdc++.a(class_type_info.o)
                0x000000006e4119d0                __cxxabiv1::__class_type_info::~__class_type_info()
 .text$_ZN10__cxxabiv117__class_type_infoD2Ev
                0x000000006e411a00       0x10 C:/mingw64/bin/../lib/gcc/x86_64-w64-mingw32/8.1.0\libstdc++.a(class_type_info.o)
                0x000000006e411a00                __cxxabiv1::__class_type_info::~__class_type_info()
                0x000000006e411a00                __cxxabiv1::__class_type_info::~__class_type_info()
 .text$_ZN10__cxxabiv119__foreign_exceptionD0Ev
                0x000000006e411a10       0x10 C:/mingw64/bin/../lib/gcc/x86_64-w64-mingw32/8.1.0\libstdc++.a(eh_exception.o)
                0x000000006e411a10                __cxxabiv1::__foreign_exception::~__foreign_exception()
 .text$_ZN10__cxxabiv119__foreign_exceptionD2Ev
                0x000000006e411a20       0x10 C:/mingw64/bin/../lib/gcc/x86_64-w64-mingw32/8.1.0\libstdc++.a(eh_exception.o)
                0x000000006e411a20                __cxxabiv1::__foreign_exception::~__foreign_exception()
                0x000000006e411a20                __cxxabiv1::__foreign_exception::~__foreign_exception()
 .text$_ZN10__cxxabiv120__si_class_type_infoD0Ev
                0x000000006e411a30       0x30 C:/mingw64/bin/../lib/gcc/x86_64-w64-mingw32/8.1.0\libstdc++.a(si_class_type_info.o)
                0x000000006e411a30                __cxxabiv1::__si_class_type_info::~__si_class_type_info()
 .text$_ZN10__cxxabiv120__si_class_type_infoD2Ev
                0x000000006e411a60       0x10 C:/mingw64/bin/../lib/gcc/x86_64-w64-mingw32/8.1.0\libstdc++.a(si_class_type_info.o)
                0x000000006e411a60                __cxxabiv1::__si_class_type_info::~__si_class_type_info()
                0x000000006e411a60                __cxxabiv1::__si_class_type_info::~__si_class_type_info()
 .text$_ZN10__cxxabiv1L21__gxx_personality_impEiiyP17_Unwind_ExceptionP15_Unwind_Context
                0x000000006e411a70      0x5b0 C:/mingw64/bin/../lib/gcc/x86_64-w64-mingw32/8.1.0\libstdc++.a(eh_personality.o)
 .text$_ZN12_GLOBAL__N_14pool4freeEPv.constprop.2
                0x000000006e412020      0x170 C:/mingw64/bin/../lib/gcc/x86_64-w64-mingw32/8.1.0\libstdc++.a(eh_alloc.o)
 .text$_ZN12_GLOBAL__N_14pool8allocateEy.constprop.3
                0x000000006e412190      0x150 C:/mingw64/bin/../lib/gcc/x86_64-w64-mingw32/8.1.0\libstdc++.a(eh_alloc.o)
 .text$_ZN9__gnu_cxx15__concat_size_tEPcyy
                0x000000006e4122e0       0x90 C:/mingw64/bin/../lib/gcc/x86_64-w64-mingw32/8.1.0\libstdc++.a(snprintf_lite.o)
                0x000000006e4122e0                __gnu_cxx::__concat_size_t(char*, unsigned long long, unsigned long long)
 .text$_ZN9__gnu_cxx15__snprintf_liteEPcyPKcS0_
                0x000000006e412370      0x100 C:/mingw64/bin/../lib/gcc/x86_64-w64-mingw32/8.1.0\libstdc++.a(snprintf_lite.o)
                0x000000006e412370                __gnu_cxx::__snprintf_lite(char*, unsigned long long, char const*, char*)
 .text$_ZN9__gnu_cxx24__concurrence_lock_errorD0Ev
                0x000000006e412470       0x30 C:/mingw64/bin/../lib/gcc/x86_64-w64-mingw32/8.1.0\libstdc++.a(eh_alloc.o)
                0x000000006e412470                __gnu_cxx::__concurrence_lock_error::~__concurrence_lock_error()
 .text$_ZN9__gnu_cxx24__concurrence_lock_errorD1Ev
                0x000000006e4124a0       0x10 C:/mingw64/bin/../lib/gcc/x86_64-w64-mingw32/8.1.0\libstdc++.a(eh_alloc.o)
                0x000000006e4124a0                __gnu_cxx::__concurrence_lock_error::~__concurrence_lock_error()
 .text$_ZN9__gnu_cxx26__concurrence_unlock_errorD0Ev
                0x000000006e4124b0       0x30 C:/mingw64/bin/../lib/gcc/x86_64-w64-mingw32/8.1.0\libstdc++.a(eh_alloc.o)
                0x000000006e4124b0                __gnu_cxx::__concurrence_unlock_error::~__concurrence_unlock_error()
 .text$_ZN9__gnu_cxx26__concurrence_unlock_errorD1Ev
                0x000000006e4124e0       0x10 C:/mingw64/bin/../lib/gcc/x86_64-w64-mingw32/8.1.0\libstdc++.a(eh_alloc.o)
                0x000000006e4124e0                __gnu_cxx::__concurrence_unlock_error::~__concurrence_unlock_error()
 .text$_ZN9__gnu_cxx26__throw_insufficient_spaceEPKcS1_
                0x000000006e4124f0      0x170 C:/mingw64/bin/../lib/gcc/x86_64-w64-mingw32/8.1.0\libstdc++.a(snprintf_lite.o)
                0x000000006e4124f0                __gnu_cxx::__throw_insufficient_space(char const*, char const*)
 .text$_ZN9__gnu_cxx27__verbose_terminate_handlerEv
                0x000000006e412660      0x1c0 C:/mingw64/bin/../lib/gcc/x86_64-w64-mingw32/8.1.0\libstdc++.a(vterminate.o)
                0x000000006e412660                __gnu_cxx::__verbose_terminate_handler()
 .text$_ZN9__gnu_cxx30__throw_concurrence_lock_errorEv
                0x000000006e412820       0x30 C:/mingw64/bin/../lib/gcc/x86_64-w64-mingw32/8.1.0\libstdc++.a(eh_alloc.o)
                0x000000006e412820                __gnu_cxx::__throw_concurrence_lock_error()
 .text$_ZN9__gnu_cxx32__throw_concurrence_unlock_errorEv
                0x000000006e412850       0x30 C:/mingw64/bin/../lib/gcc/x86_64-w64-mingw32/8.1.0\libstdc++.a(eh_alloc.o)
                0x000000006e412850                __gnu_cxx::__throw_concurrence_unlock_error()
 .text$_ZN9__gnu_cxx9__freeresEv
                0x000000006e412880       0x30 C:/mingw64/bin/../lib/gcc/x86_64-w64-mingw32/8.1.0\libstdc++.a(eh_alloc.o)
                0x000000006e412880                __gnu_cxx::__freeres()
 .text$_ZN9__gnu_cxxeqIPKcNSt7__cxx1112basic_stringIcSt11char_traitsIcESaIcEEEEEbRKNS_17__normal_iteratorIT_T0_EESE_
                0x000000006e4128b0       0x10 C:/mingw64/bin/../lib/gcc/x86_64-w64-mingw32/8.1.0\libstdc++.a(string-inst.o)
                0x000000006e4128b0                bool __gnu_cxx::operator==<char const*, std::__cxx11::basic_string<char, std::char_traits<char>, std::allocator<char> > >(__gnu_cxx::__normal_iterator<char const*, std::__cxx11::basic_string<char, std::char_traits<char>, std::allocator<char> > > const&, __gnu_cxx::__normal_iterator<char const*, std::__cxx11::basic_string<char, std::char_traits<char>, std::allocator<char> > > const&)
 .text$_ZN9__gnu_cxxeqIPKcSsEEbRKNS_17__normal_iteratorIT_T0_EES8_
                0x000000006e4128c0       0x10 C:/mingw64/bin/../lib/gcc/x86_64-w64-mingw32/8.1.0\libstdc++.a(cow-string-inst.o)
                0x000000006e4128c0                bool __gnu_cxx::operator==<char const*, std::string>(__gnu_cxx::__normal_iterator<char const*, std::string> const&, __gnu_cxx::__normal_iterator<char const*, std::string> const&)
 .text$_ZN9__gnu_cxxeqIPcNSt7__cxx1112basic_stringIcSt11char_traitsIcESaIcEEEEEbRKNS_17__normal_iteratorIT_T0_EESD_
                0x000000006e4128d0       0x10 C:/mingw64/bin/../lib/gcc/x86_64-w64-mingw32/8.1.0\libstdc++.a(string-inst.o)
                0x000000006e4128d0                bool __gnu_cxx::operator==<char*, std::__cxx11::basic_string<char, std::char_traits<char>, std::allocator<char> > >(__gnu_cxx::__normal_iterator<char*, std::__cxx11::basic_string<char, std::char_traits<char>, std::allocator<char> > > const&, __gnu_cxx::__normal_iterator<char*, std::__cxx11::basic_string<char, std::char_traits<char>, std::allocator<char> > > const&)
 .text$_ZN9__gnu_cxxeqIPcSsEEbRKNS_17__normal_iteratorIT_T0_EES7_
                0x000000006e4128e0       0x10 C:/mingw64/bin/../lib/gcc/x86_64-w64-mingw32/8.1.0\libstdc++.a(cow-string-inst.o)
                0x000000006e4128e0                bool __gnu_cxx::operator==<char*, std::string>(__gnu_cxx::__normal_iterator<char*, std::string> const&, __gnu_cxx::__normal_iterator<char*, std::string> const&)
 .text$_ZNK10__cxxabiv117__class_type_info10__do_catchEPKSt9type_infoPPvj
                0x000000006e4128f0       0x50 C:/mingw64/bin/../lib/gcc/x86_64-w64-mingw32/8.1.0\libstdc++.a(class_type_info.o)
                0x000000006e4128f0                __cxxabiv1::__class_type_info::__do_catch(std::type_info const*, void**, unsigned int) const
 .text$_ZNK10__cxxabiv117__class_type_info11__do_upcastEPKS0_PKvRNS0_15__upcast_resultE
                0x000000006e412940       0x30 C:/mingw64/bin/../lib/gcc/x86_64-w64-mingw32/8.1.0\libstdc++.a(class_type_info.o)
                0x000000006e412940                __cxxabiv1::__class_type_info::__do_upcast(__cxxabiv1::__class_type_info const*, void const*, __cxxabiv1::__class_type_info::__upcast_result&) const
 .text$_ZNK10__cxxabiv117__class_type_info11__do_upcastEPKS0_PPv
                0x000000006e412970       0x60 C:/mingw64/bin/../lib/gcc/x86_64-w64-mingw32/8.1.0\libstdc++.a(class_type_info.o)
                0x000000006e412970                __cxxabiv1::__class_type_info::__do_upcast(__cxxabiv1::__class_type_info const*, void**) const
 .text$_ZNK10__cxxabiv117__class_type_info12__do_dyncastExNS0_10__sub_kindEPKS0_PKvS3_S5_RNS0_16__dyncast_resultE
                0x000000006e4129d0       0x80 C:/mingw64/bin/../lib/gcc/x86_64-w64-mingw32/8.1.0\libstdc++.a(class_type_info.o)
                0x000000006e4129d0                __cxxabiv1::__class_type_info::__do_dyncast(long long, __cxxabiv1::__class_type_info::__sub_kind, __cxxabiv1::__class_type_info const*, void const*, __cxxabiv1::__class_type_info const*, void const*, __cxxabiv1::__class_type_info::__dyncast_result&) const
 .text$_ZNK10__cxxabiv117__class_type_info20__do_find_public_srcExPKvPKS0_S2_
                0x000000006e412a50       0x10 C:/mingw64/bin/../lib/gcc/x86_64-w64-mingw32/8.1.0\libstdc++.a(class_type_info.o)
                0x000000006e412a50                __cxxabiv1::__class_type_info::__do_find_public_src(long long, void const*, __cxxabiv1::__class_type_info const*, void const*) const
 .text$_ZNK10__cxxabiv120__si_class_type_info11__do_upcastEPKNS_17__class_type_infoEPKvRNS1_15__upcast_resultE
                0x000000006e412a60       0x50 C:/mingw64/bin/../lib/gcc/x86_64-w64-mingw32/8.1.0\libstdc++.a(si_class_type_info.o)
                0x000000006e412a60                __cxxabiv1::__si_class_type_info::__do_upcast(__cxxabiv1::__class_type_info const*, void const*, __cxxabiv1::__class_type_info::__upcast_result&) const
 .text$_ZNK10__cxxabiv120__si_class_type_info12__do_dyncastExNS_17__class_type_info10__sub_kindEPKS1_PKvS4_S6_RNS1_16__dyncast_resultE
                0x000000006e412ab0      0x100 C:/mingw64/bin/../lib/gcc/x86_64-w64-mingw32/8.1.0\libstdc++.a(si_class_type_info.o)
                0x000000006e412ab0                __cxxabiv1::__si_class_type_info::__do_dyncast(long long, __cxxabiv1::__class_type_info::__sub_kind, __cxxabiv1::__class_type_info const*, void const*, __cxxabiv1::__class_type_info const*, void const*, __cxxabiv1::__class_type_info::__dyncast_result&) const
 .text$_ZNK10__cxxabiv120__si_class_type_info20__do_find_public_srcExPKvPKNS_17__class_type_infoES2_
                0x000000006e412bb0       0x70 C:/mingw64/bin/../lib/gcc/x86_64-w64-mingw32/8.1.0\libstdc++.a(si_class_type_info.o)
                0x000000006e412bb0                __cxxabiv1::__si_class_type_info::__do_find_public_src(long long, void const*, __cxxabiv1::__class_type_info const*, void const*) const
 .text$_ZNK11filesystem_4path11is_absoluteEv
                0x000000006e412c20       0x30 Common__PathUtil.cpp.obj
                0x000000006e412c20                filesystem_::path::is_absolute() const
 .text$_ZNK11filesystem_4path13has_root_nameEv
                0x000000006e412c50       0x40 Common__PathUtil.cpp.obj
                0x000000006e412c50                filesystem_::path::has_root_name() const
 .text$_ZNK11filesystem_4path18has_root_directoryEv
                0x000000006e412c90       0x40 Common__PathUtil.cpp.obj
                0x000000006e412c90                filesystem_::path::has_root_directory() const
 .text$_ZNK16CInstanceManagerI10CWriteMainE4findEm
                0x000000006e412cd0       0xc0 Write_Default.cpp.obj
                0x000000006e412cd0                CInstanceManager<CWriteMain>::find(unsigned long) const
 .text$_ZNK9__gnu_cxx24__concurrence_lock_error4whatEv
                0x000000006e412d90       0x10 C:/mingw64/bin/../lib/gcc/x86_64-w64-mingw32/8.1.0\libstdc++.a(eh_alloc.o)
                0x000000006e412d90                __gnu_cxx::__concurrence_lock_error::what() const
 .text$_ZNK9__gnu_cxx26__concurrence_unlock_error4whatEv
                0x000000006e412da0       0x10 C:/mingw64/bin/../lib/gcc/x86_64-w64-mingw32/8.1.0\libstdc++.a(eh_alloc.o)
                0x000000006e412da0                __gnu_cxx::__concurrence_unlock_error::what() const
 .text$_ZNKSs11_M_disjunctEPKc
                0x000000006e412db0       0x20 C:/mingw64/bin/../lib/gcc/x86_64-w64-mingw32/8.1.0\libstdc++.a(cow-string-inst.o)
                0x000000006e412db0                std::string::_M_disjunct(char const*) const
 .text$_ZNKSs12find_last_ofEPKcy
                0x000000006e412dd0       0x30 C:/mingw64/bin/../lib/gcc/x86_64-w64-mingw32/8.1.0\libstdc++.a(cow-string-inst.o)
                0x000000006e412dd0                std::string::find_last_of(char const*, unsigned long long) const
 .text$_ZNKSs12find_last_ofEPKcyy
                0x000000006e412e00       0x80 C:/mingw64/bin/../lib/gcc/x86_64-w64-mingw32/8.1.0\libstdc++.a(cow-string-inst.o)
                0x000000006e412e00                std::string::find_last_of(char const*, unsigned long long, unsigned long long) const
 .text$_ZNKSs12find_last_ofERKSsy
                0x000000006e412e80       0x10 C:/mingw64/bin/../lib/gcc/x86_64-w64-mingw32/8.1.0\libstdc++.a(cow-string-inst.o)
                0x000000006e412e80                std::string::find_last_of(std::string const&, unsigned long long) const
 .text$_ZNKSs12find_last_ofEcy
                0x000000006e412e90       0x30 C:/mingw64/bin/../lib/gcc/x86_64-w64-mingw32/8.1.0\libstdc++.a(cow-string-inst.o)
                0x000000006e412e90                std::string::find_last_of(char, unsigned long long) const
 .text$_ZNKSs13find_first_ofEPKcy
                0x000000006e412ec0       0x30 C:/mingw64/bin/../lib/gcc/x86_64-w64-mingw32/8.1.0\libstdc++.a(cow-string-inst.o)
                0x000000006e412ec0                std::string::find_first_of(char const*, unsigned long long) const
 .text$_ZNKSs13find_first_ofEPKcyy
                0x000000006e412ef0       0x80 C:/mingw64/bin/../lib/gcc/x86_64-w64-mingw32/8.1.0\libstdc++.a(cow-string-inst.o)
                0x000000006e412ef0                std::string::find_first_of(char const*, unsigned long long, unsigned long long) const
 .text$_ZNKSs13find_first_ofERKSsy
                0x000000006e412f70       0x10 C:/mingw64/bin/../lib/gcc/x86_64-w64-mingw32/8.1.0\libstdc++.a(cow-string-inst.o)
                0x000000006e412f70                std::string::find_first_of(std::string const&, unsigned long long) const
 .text$_ZNKSs13find_first_ofEcy
                0x000000006e412f80       0x10 C:/mingw64/bin/../lib/gcc/x86_64-w64-mingw32/8.1.0\libstdc++.a(cow-string-inst.o)
                0x000000006e412f80                std::string::find_first_of(char, unsigned long long) const
 .text$_ZNKSs13get_allocatorEv
                0x000000006e412f90       0x10 C:/mingw64/bin/../lib/gcc/x86_64-w64-mingw32/8.1.0\libstdc++.a(cow-string-inst.o)
                0x000000006e412f90                std::string::get_allocator() const
 .text$_ZNKSs15_M_check_lengthEyyPKc
                0x000000006e412fa0       0x30 C:/mingw64/bin/../lib/gcc/x86_64-w64-mingw32/8.1.0\libstdc++.a(cow-string-inst.o)
                0x000000006e412fa0                std::string::_M_check_length(unsigned long long, unsigned long long, char const*) const
 .text$_ZNKSs16find_last_not_ofEPKcy
                0x000000006e412fd0       0x30 C:/mingw64/bin/../lib/gcc/x86_64-w64-mingw32/8.1.0\libstdc++.a(cow-string-inst.o)
                0x000000006e412fd0                std::string::find_last_not_of(char const*, unsigned long long) const
 .text$_ZNKSs16find_last_not_ofEPKcyy
                0x000000006e413000       0x60 C:/mingw64/bin/../lib/gcc/x86_64-w64-mingw32/8.1.0\libstdc++.a(cow-string-inst.o)
                0x000000006e413000                std::string::find_last_not_of(char const*, unsigned long long, unsigned long long) const
 .text$_ZNKSs16find_last_not_ofERKSsy
                0x000000006e413060       0x10 C:/mingw64/bin/../lib/gcc/x86_64-w64-mingw32/8.1.0\libstdc++.a(cow-string-inst.o)
                0x000000006e413060                std::string::find_last_not_of(std::string const&, unsigned long long) const
 .text$_ZNKSs16find_last_not_ofEcy
                0x000000006e413070       0x30 C:/mingw64/bin/../lib/gcc/x86_64-w64-mingw32/8.1.0\libstdc++.a(cow-string-inst.o)
                0x000000006e413070                std::string::find_last_not_of(char, unsigned long long) const
 .text$_ZNKSs17find_first_not_ofEPKcy
                0x000000006e4130a0       0x30 C:/mingw64/bin/../lib/gcc/x86_64-w64-mingw32/8.1.0\libstdc++.a(cow-string-inst.o)
                0x000000006e4130a0                std::string::find_first_not_of(char const*, unsigned long long) const
 .text$_ZNKSs17find_first_not_ofEPKcyy
                0x000000006e4130d0       0x80 C:/mingw64/bin/../lib/gcc/x86_64-w64-mingw32/8.1.0\libstdc++.a(cow-string-inst.o)
                0x000000006e4130d0                std::string::find_first_not_of(char const*, unsigned long long, unsigned long long) const
 .text$_ZNKSs17find_first_not_ofERKSsy
                0x000000006e413150       0x10 C:/mingw64/bin/../lib/gcc/x86_64-w64-mingw32/8.1.0\libstdc++.a(cow-string-inst.o)
                0x000000006e413150                std::string::find_first_not_of(std::string const&, unsigned long long) const
 .text$_ZNKSs17find_first_not_ofEcy
                0x000000006e413160       0x50 C:/mingw64/bin/../lib/gcc/x86_64-w64-mingw32/8.1.0\libstdc++.a(cow-string-inst.o)
                0x000000006e413160                std::string::find_first_not_of(char, unsigned long long) const
 .text$_ZNKSs2atEy
                0x000000006e4131b0       0x30 C:/mingw64/bin/../lib/gcc/x86_64-w64-mingw32/8.1.0\libstdc++.a(cow-string-inst.o)
                0x000000006e4131b0                std::string::at(unsigned long long) const
 .text$_ZNKSs3endEv
                0x000000006e4131e0       0x10 C:/mingw64/bin/../lib/gcc/x86_64-w64-mingw32/8.1.0\libstdc++.a(cow-string-inst.o)
                0x000000006e4131e0                std::string::end() const
 .text$_ZNKSs4_Rep12_M_is_leakedEv
                0x000000006e4131f0       0x10 C:/mingw64/bin/../lib/gcc/x86_64-w64-mingw32/8.1.0\libstdc++.a(cow-string-inst.o)
                0x000000006e4131f0                std::string::_Rep::_M_is_leaked() const
 .text$_ZNKSs4_Rep12_M_is_sharedEv
                0x000000006e413200       0x10 C:/mingw64/bin/../lib/gcc/x86_64-w64-mingw32/8.1.0\libstdc++.a(cow-string-inst.o)
                0x000000006e413200                std::string::_Rep::_M_is_shared() const
 .text$_ZNKSs4backEv
                0x000000006e413210       0x10 C:/mingw64/bin/../lib/gcc/x86_64-w64-mingw32/8.1.0\libstdc++.a(cow-string-inst.o)
                0x000000006e413210                std::string::back() const
 .text$_ZNKSs4cendEv
                0x000000006e413220       0x10 C:/mingw64/bin/../lib/gcc/x86_64-w64-mingw32/8.1.0\libstdc++.a(cow-string-inst.o)
                0x000000006e413220                std::string::cend() const
 .text$_ZNKSs4copyEPcyy
                0x000000006e413230       0x70 C:/mingw64/bin/../lib/gcc/x86_64-w64-mingw32/8.1.0\libstdc++.a(cow-string-inst.o)
                0x000000006e413230                std::string::copy(char*, unsigned long long, unsigned long long) const
 .text$_ZNKSs4dataEv
                0x000000006e4132a0       0x10 C:/mingw64/bin/../lib/gcc/x86_64-w64-mingw32/8.1.0\libstdc++.a(cow-string-inst.o)
                0x000000006e4132a0                std::string::data() const
 .text$_ZNKSs4findEPKcy
                0x000000006e4132b0       0x30 C:/mingw64/bin/../lib/gcc/x86_64-w64-mingw32/8.1.0\libstdc++.a(cow-string-inst.o)
                0x000000006e4132b0                std::string::find(char const*, unsigned long long) const
 .text$_ZNKSs4findEPKcyy
                0x000000006e4132e0       0xd0 C:/mingw64/bin/../lib/gcc/x86_64-w64-mingw32/8.1.0\libstdc++.a(cow-string-inst.o)
                0x000000006e4132e0                std::string::find(char const*, unsigned long long, unsigned long long) const
 .text$_ZNKSs4findERKSsy
                0x000000006e4133b0       0x10 C:/mingw64/bin/../lib/gcc/x86_64-w64-mingw32/8.1.0\libstdc++.a(cow-string-inst.o)
                0x000000006e4133b0                std::string::find(std::string const&, unsigned long long) const
 .text$_ZNKSs4findEcy
                0x000000006e4133c0       0x50 C:/mingw64/bin/../lib/gcc/x86_64-w64-mingw32/8.1.0\libstdc++.a(cow-string-inst.o)
                0x000000006e4133c0                std::string::find(char, unsigned long long) const
 .text$_ZNKSs4rendEv
                0x000000006e413410       0x10 C:/mingw64/bin/../lib/gcc/x86_64-w64-mingw32/8.1.0\libstdc++.a(cow-string-inst.o)
                0x000000006e413410                std::string::rend() const
 .text$_ZNKSs4sizeEv
                0x000000006e413420       0x10 C:/mingw64/bin/../lib/gcc/x86_64-w64-mingw32/8.1.0\libstdc++.a(cow-string-inst.o)
                0x000000006e413420                std::string::size() const
 .text$_ZNKSs5beginEv
                0x000000006e413430       0x10 C:/mingw64/bin/../lib/gcc/x86_64-w64-mingw32/8.1.0\libstdc++.a(cow-string-inst.o)
                0x000000006e413430                std::string::begin() const
 .text$_ZNKSs5c_strEv
                0x000000006e413440       0x10 C:/mingw64/bin/../lib/gcc/x86_64-w64-mingw32/8.1.0\libstdc++.a(cow-string-inst.o)
                0x000000006e413440                std::string::c_str() const
 .text$_ZNKSs5crendEv
                0x000000006e413450       0x10 C:/mingw64/bin/../lib/gcc/x86_64-w64-mingw32/8.1.0\libstdc++.a(cow-string-inst.o)
                0x000000006e413450                std::string::crend() const
 .text$_ZNKSs5emptyEv
                0x000000006e413460       0x10 C:/mingw64/bin/../lib/gcc/x86_64-w64-mingw32/8.1.0\libstdc++.a(cow-string-inst.o)
                0x000000006e413460                std::string::empty() const
 .text$_ZNKSs5frontEv
                0x000000006e413470       0x10 C:/mingw64/bin/../lib/gcc/x86_64-w64-mingw32/8.1.0\libstdc++.a(cow-string-inst.o)
                0x000000006e413470                std::string::front() const
 .text$_ZNKSs5rfindEPKcy
                0x000000006e413480       0x30 C:/mingw64/bin/../lib/gcc/x86_64-w64-mingw32/8.1.0\libstdc++.a(cow-string-inst.o)
                0x000000006e413480                std::string::rfind(char const*, unsigned long long) const
 .text$_ZNKSs5rfindEPKcyy
                0x000000006e4134b0       0x70 C:/mingw64/bin/../lib/gcc/x86_64-w64-mingw32/8.1.0\libstdc++.a(cow-string-inst.o)
                0x000000006e4134b0                std::string::rfind(char const*, unsigned long long, unsigned long long) const
 .text$_ZNKSs5rfindERKSsy
                0x000000006e413520       0x10 C:/mingw64/bin/../lib/gcc/x86_64-w64-mingw32/8.1.0\libstdc++.a(cow-string-inst.o)
                0x000000006e413520                std::string::rfind(std::string const&, unsigned long long) const
 .text$_ZNKSs5rfindEcy
                0x000000006e413530       0x30 C:/mingw64/bin/../lib/gcc/x86_64-w64-mingw32/8.1.0\libstdc++.a(cow-string-inst.o)
                0x000000006e413530                std::string::rfind(char, unsigned long long) const
 .text$_ZNKSs6_M_repEv
                0x000000006e413560       0x10 C:/mingw64/bin/../lib/gcc/x86_64-w64-mingw32/8.1.0\libstdc++.a(cow-string-inst.o)
                0x000000006e413560                std::string::_M_rep() const
 .text$_ZNKSs6cbeginEv
                0x000000006e413570       0x10 C:/mingw64/bin/../lib/gcc/x86_64-w64-mingw32/8.1.0\libstdc++.a(cow-string-inst.o)
                0x000000006e413570                std::string::cbegin() const
 .text$_ZNKSs6lengthEv
                0x000000006e413580       0x10 C:/mingw64/bin/../lib/gcc/x86_64-w64-mingw32/8.1.0\libstdc++.a(cow-string-inst.o)
                0x000000006e413580                std::string::length() const
 .text$_ZNKSs6rbeginEv
                0x000000006e413590       0x10 C:/mingw64/bin/../lib/gcc/x86_64-w64-mingw32/8.1.0\libstdc++.a(cow-string-inst.o)
                0x000000006e413590                std::string::rbegin() const
 .text$_ZNKSs6substrEyy
                0x000000006e4135a0       0x40 C:/mingw64/bin/../lib/gcc/x86_64-w64-mingw32/8.1.0\libstdc++.a(cow-string-inst.o)
                0x000000006e4135a0                std::string::substr(unsigned long long, unsigned long long) const
 .text$_ZNKSs7_M_dataEv
                0x000000006e4135e0       0x10 C:/mingw64/bin/../lib/gcc/x86_64-w64-mingw32/8.1.0\libstdc++.a(cow-string-inst.o)
                0x000000006e4135e0                std::string::_M_data() const
 .text$_ZNKSs7_M_iendEv
                0x000000006e4135f0       0x10 C:/mingw64/bin/../lib/gcc/x86_64-w64-mingw32/8.1.0\libstdc++.a(cow-string-inst.o)
                0x000000006e4135f0                std::string::_M_iend() const
 .text$_ZNKSs7compareEPKc
                0x000000006e413600       0x70 C:/mingw64/bin/../lib/gcc/x86_64-w64-mingw32/8.1.0\libstdc++.a(cow-string-inst.o)
                0x000000006e413600                std::string::compare(char const*) const
 .text$_ZNKSs7compareERKSs
                0x000000006e413670       0x60 C:/mingw64/bin/../lib/gcc/x86_64-w64-mingw32/8.1.0\libstdc++.a(cow-string-inst.o)
                0x000000006e413670                std::string::compare(std::string const&) const
 .text$_ZNKSs7compareEyyPKc
                0x000000006e4136d0       0xa0 C:/mingw64/bin/../lib/gcc/x86_64-w64-mingw32/8.1.0\libstdc++.a(cow-string-inst.o)
                0x000000006e4136d0                std::string::compare(unsigned long long, unsigned long long, char const*) const
 .text$_ZNKSs7compareEyyPKcy
                0x000000006e413770       0x80 C:/mingw64/bin/../lib/gcc/x86_64-w64-mingw32/8.1.0\libstdc++.a(cow-string-inst.o)
                0x000000006e413770                std::string::compare(unsigned long long, unsigned long long, char const*, unsigned long long) const
 .text$_ZNKSs7compareEyyRKSs
                0x000000006e4137f0       0x80 C:/mingw64/bin/../lib/gcc/x86_64-w64-mingw32/8.1.0\libstdc++.a(cow-string-inst.o)
                0x000000006e4137f0                std::string::compare(unsigned long long, unsigned long long, std::string const&) const
 .text$_ZNKSs7compareEyyRKSsyy
                0x000000006e413870       0xc0 C:/mingw64/bin/../lib/gcc/x86_64-w64-mingw32/8.1.0\libstdc++.a(cow-string-inst.o)
                0x000000006e413870                std::string::compare(unsigned long long, unsigned long long, std::string const&, unsigned long long, unsigned long long) const
 .text$_ZNKSs7crbeginEv
                0x000000006e413930       0x10 C:/mingw64/bin/../lib/gcc/x86_64-w64-mingw32/8.1.0\libstdc++.a(cow-string-inst.o)
                0x000000006e413930                std::string::crbegin() const
 .text$_ZNKSs8_M_checkEyPKc
                0x000000006e413940       0x30 C:/mingw64/bin/../lib/gcc/x86_64-w64-mingw32/8.1.0\libstdc++.a(cow-string-inst.o)
                0x000000006e413940                std::string::_M_check(unsigned long long, char const*) const
 .text$_ZNKSs8_M_limitEyy
                0x000000006e413970       0x20 C:/mingw64/bin/../lib/gcc/x86_64-w64-mingw32/8.1.0\libstdc++.a(cow-string-inst.o)
                0x000000006e413970                std::string::_M_limit(unsigned long long, unsigned long long) const
 .text$_ZNKSs8capacityEv
                0x000000006e413990       0x10 C:/mingw64/bin/../lib/gcc/x86_64-w64-mingw32/8.1.0\libstdc++.a(cow-string-inst.o)
                0x000000006e413990                std::string::capacity() const
 .text$_ZNKSs8max_sizeEv
                0x000000006e4139a0       0x10 C:/mingw64/bin/../lib/gcc/x86_64-w64-mingw32/8.1.0\libstdc++.a(cow-string-inst.o)
                0x000000006e4139a0                std::string::max_size() const
 .text$_ZNKSs9_M_ibeginEv
                0x000000006e4139b0       0x10 C:/mingw64/bin/../lib/gcc/x86_64-w64-mingw32/8.1.0\libstdc++.a(cow-string-inst.o)
                0x000000006e4139b0                std::string::_M_ibegin() const
 .text$_ZNKSsixEy
                0x000000006e4139c0       0x10 C:/mingw64/bin/../lib/gcc/x86_64-w64-mingw32/8.1.0\libstdc++.a(cow-string-inst.o)
                0x000000006e4139c0                std::string::operator[](unsigned long long) const
 .text$_ZNKSt10bad_typeid4whatEv
                0x000000006e4139d0       0x10 C:/mingw64/bin/../lib/gcc/x86_64-w64-mingw32/8.1.0\libstdc++.a(bad_typeid.o)
                0x000000006e4139d0                std::bad_typeid::what() const
 .text$_ZNKSt11logic_error4whatEv
                0x000000006e4139e0       0x10 C:/mingw64/bin/../lib/gcc/x86_64-w64-mingw32/8.1.0\libstdc++.a(stdexcept.o)
                0x000000006e4139e0                std::logic_error::what() const
 .text$_ZNKSt13bad_exception4whatEv
                0x000000006e4139f0       0x10 C:/mingw64/bin/../lib/gcc/x86_64-w64-mingw32/8.1.0\libstdc++.a(eh_exception.o)
                0x000000006e4139f0                std::bad_exception::what() const
                0x000000006e4139f0                transaction clone for std::bad_exception::what() const
 .text$_ZNKSt13runtime_error4whatEv
                0x000000006e413a00       0x10 C:/mingw64/bin/../lib/gcc/x86_64-w64-mingw32/8.1.0\libstdc++.a(stdexcept.o)
                0x000000006e413a00                std::runtime_error::what() const
 .text$_ZNKSt17bad_function_call4whatEv
                0x000000006e413a10       0x10 C:/mingw64/bin/../lib/gcc/x86_64-w64-mingw32/8.1.0\libstdc++.a(functional.o)
                0x000000006e413a10                std::bad_function_call::what() const
 .text$_ZNKSt3_V214error_category10_M_messageEi
                0x000000006e413a20       0xa0 C:/mingw64/bin/../lib/gcc/x86_64-w64-mingw32/8.1.0\libstdc++.a(cow-stdexcept.o)
                0x000000006e413a20                std::_V2::error_category::_M_message(int) const
 .text$_ZNKSt6vectorIhSaIhEE12_M_check_lenEyPKc
                0x000000006e413ac0       0x40 WriteMain.cpp.obj
                0x000000006e413ac0                std::vector<unsigned char, std::allocator<unsigned char> >::_M_check_len(unsigned long long, char const*) const
 .text$_ZNKSt7__cxx1112basic_stringIcSt11char_traitsIcESaIcEE11_M_disjunctEPKc
                0x000000006e413b00       0x20 C:/mingw64/bin/../lib/gcc/x86_64-w64-mingw32/8.1.0\libstdc++.a(string-inst.o)
                0x000000006e413b00                std::__cxx11::basic_string<char, std::char_traits<char>, std::allocator<char> >::_M_disjunct(char const*) const
 .text$_ZNKSt7__cxx1112basic_stringIcSt11char_traitsIcESaIcEE11_M_is_localEv
                0x000000006e413b20       0x10 C:/mingw64/bin/../lib/gcc/x86_64-w64-mingw32/8.1.0\libstdc++.a(string-inst.o)
                0x000000006e413b20                std::__cxx11::basic_string<char, std::char_traits<char>, std::allocator<char> >::_M_is_local() const
 .text$_ZNKSt7__cxx1112basic_stringIcSt11char_traitsIcESaIcEE12find_last_ofEPKcy
                0x000000006e413b30       0x30 C:/mingw64/bin/../lib/gcc/x86_64-w64-mingw32/8.1.0\libstdc++.a(string-inst.o)
                0x000000006e413b30                std::__cxx11::basic_string<char, std::char_traits<char>, std::allocator<char> >::find_last_of(char const*, unsigned long long) const
 .text$_ZNKSt7__cxx1112basic_stringIcSt11char_traitsIcESaIcEE12find_last_ofEPKcyy
                0x000000006e413b60       0x80 C:/mingw64/bin/../lib/gcc/x86_64-w64-mingw32/8.1.0\libstdc++.a(string-inst.o)
                0x000000006e413b60                std::__cxx11::basic_string<char, std::char_traits<char>, std::allocator<char> >::find_last_of(char const*, unsigned long long, unsigned long long) const
 .text$_ZNKSt7__cxx1112basic_stringIcSt11char_traitsIcESaIcEE12find_last_ofERKS4_y
                0x000000006e413be0       0x10 C:/mingw64/bin/../lib/gcc/x86_64-w64-mingw32/8.1.0\libstdc++.a(string-inst.o)
                0x000000006e413be0                std::__cxx11::basic_string<char, std::char_traits<char>, std::allocator<char> >::find_last_of(std::__cxx11::basic_string<char, std::char_traits<char>, std::allocator<char> > const&, unsigned long long) const
 .text$_ZNKSt7__cxx1112basic_stringIcSt11char_traitsIcESaIcEE12find_last_ofEcy
                0x000000006e413bf0       0x30 C:/mingw64/bin/../lib/gcc/x86_64-w64-mingw32/8.1.0\libstdc++.a(string-inst.o)
                0x000000006e413bf0                std::__cxx11::basic_string<char, std::char_traits<char>, std::allocator<char> >::find_last_of(char, unsigned long long) const
 .text$_ZNKSt7__cxx1112basic_stringIcSt11char_traitsIcESaIcEE13_M_local_dataEv
                0x000000006e413c20       0x10 C:/mingw64/bin/../lib/gcc/x86_64-w64-mingw32/8.1.0\libstdc++.a(string-inst.o)
                0x000000006e413c20                std::__cxx11::basic_string<char, std::char_traits<char>, std::allocator<char> >::_M_local_data() const
 .text$_ZNKSt7__cxx1112basic_stringIcSt11char_traitsIcESaIcEE13find_first_ofEPKcy
                0x000000006e413c30       0x30 C:/mingw64/bin/../lib/gcc/x86_64-w64-mingw32/8.1.0\libstdc++.a(string-inst.o)
                0x000000006e413c30                std::__cxx11::basic_string<char, std::char_traits<char>, std::allocator<char> >::find_first_of(char const*, unsigned long long) const
 .text$_ZNKSt7__cxx1112basic_stringIcSt11char_traitsIcESaIcEE13find_first_ofEPKcyy
                0x000000006e413c60       0x80 C:/mingw64/bin/../lib/gcc/x86_64-w64-mingw32/8.1.0\libstdc++.a(string-inst.o)
                0x000000006e413c60                std::__cxx11::basic_string<char, std::char_traits<char>, std::allocator<char> >::find_first_of(char const*, unsigned long long, unsigned long long) const
 .text$_ZNKSt7__cxx1112basic_stringIcSt11char_traitsIcESaIcEE13find_first_ofERKS4_y
                0x000000006e413ce0       0x10 C:/mingw64/bin/../lib/gcc/x86_64-w64-mingw32/8.1.0\libstdc++.a(string-inst.o)
                0x000000006e413ce0                std::__cxx11::basic_string<char, std::char_traits<char>, std::allocator<char> >::find_first_of(std::__cxx11::basic_string<char, std::char_traits<char>, std::allocator<char> > const&, unsigned long long) const
 .text$_ZNKSt7__cxx1112basic_stringIcSt11char_traitsIcESaIcEE13find_first_ofEcy
                0x000000006e413cf0       0x10 C:/mingw64/bin/../lib/gcc/x86_64-w64-mingw32/8.1.0\libstdc++.a(string-inst.o)
                0x000000006e413cf0                std::__cxx11::basic_string<char, std::char_traits<char>, std::allocator<char> >::find_first_of(char, unsigned long long) const
 .text$_ZNKSt7__cxx1112basic_stringIcSt11char_traitsIcESaIcEE13get_allocatorEv
                0x000000006e413d00       0x10 C:/mingw64/bin/../lib/gcc/x86_64-w64-mingw32/8.1.0\libstdc++.a(string-inst.o)
                0x000000006e413d00                std::__cxx11::basic_string<char, std::char_traits<char>, std::allocator<char> >::get_allocator() const
 .text$_ZNKSt7__cxx1112basic_stringIcSt11char_traitsIcESaIcEE15_M_check_lengthEyyPKc
                0x000000006e413d10       0x30 C:/mingw64/bin/../lib/gcc/x86_64-w64-mingw32/8.1.0\libstdc++.a(string-inst.o)
                0x000000006e413d10                std::__cxx11::basic_string<char, std::char_traits<char>, std::allocator<char> >::_M_check_length(unsigned long long, unsigned long long, char const*) const
 .text$_ZNKSt7__cxx1112basic_stringIcSt11char_traitsIcESaIcEE16_M_get_allocatorEv
                0x000000006e413d40       0x10 C:/mingw64/bin/../lib/gcc/x86_64-w64-mingw32/8.1.0\libstdc++.a(string-inst.o)
                0x000000006e413d40                std::__cxx11::basic_string<char, std::char_traits<char>, std::allocator<char> >::_M_get_allocator() const
 .text$_ZNKSt7__cxx1112basic_stringIcSt11char_traitsIcESaIcEE16find_last_not_ofEPKcy
                0x000000006e413d50       0x30 C:/mingw64/bin/../lib/gcc/x86_64-w64-mingw32/8.1.0\libstdc++.a(string-inst.o)
                0x000000006e413d50                std::__cxx11::basic_string<char, std::char_traits<char>, std::allocator<char> >::find_last_not_of(char const*, unsigned long long) const
 .text$_ZNKSt7__cxx1112basic_stringIcSt11char_traitsIcESaIcEE16find_last_not_ofEPKcyy
                0x000000006e413d80       0x60 C:/mingw64/bin/../lib/gcc/x86_64-w64-mingw32/8.1.0\libstdc++.a(string-inst.o)
                0x000000006e413d80                std::__cxx11::basic_string<char, std::char_traits<char>, std::allocator<char> >::find_last_not_of(char const*, unsigned long long, unsigned long long) const
 .text$_ZNKSt7__cxx1112basic_stringIcSt11char_traitsIcESaIcEE16find_last_not_ofERKS4_y
                0x000000006e413de0       0x10 C:/mingw64/bin/../lib/gcc/x86_64-w64-mingw32/8.1.0\libstdc++.a(string-inst.o)
                0x000000006e413de0                std::__cxx11::basic_string<char, std::char_traits<char>, std::allocator<char> >::find_last_not_of(std::__cxx11::basic_string<char, std::char_traits<char>, std::allocator<char> > const&, unsigned long long) const
 .text$_ZNKSt7__cxx1112basic_stringIcSt11char_traitsIcESaIcEE16find_last_not_ofEcy
                0x000000006e413df0       0x30 C:/mingw64/bin/../lib/gcc/x86_64-w64-mingw32/8.1.0\libstdc++.a(string-inst.o)
                0x000000006e413df0                std::__cxx11::basic_string<char, std::char_traits<char>, std::allocator<char> >::find_last_not_of(char, unsigned long long) const
 .text$_ZNKSt7__cxx1112basic_stringIcSt11char_traitsIcESaIcEE17find_first_not_ofEPKcy
                0x000000006e413e20       0x30 C:/mingw64/bin/../lib/gcc/x86_64-w64-mingw32/8.1.0\libstdc++.a(string-inst.o)