Archive member included to satisfy reference by file (symbol)

C:/mingw64/bin/../lib/gcc/x86_64-w64-mingw32/8.1.0\libstdc++.a(class_type_info.o)
                              Common__PathUtil.cpp.obj (vtable for __cxxabiv1::__class_type_info)
C:/mingw64/bin/../lib/gcc/x86_64-w64-mingw32/8.1.0\libstdc++.a(del_op.o)
                              BonCtrl__CATUtil.cpp.obj (operator delete(void*))
C:/mingw64/bin/../lib/gcc/x86_64-w64-mingw32/8.1.0\libstdc++.a(del_ops.o)
                              WriteMain.cpp.obj (operator delete(void*, unsigned long long))
C:/mingw64/bin/../lib/gcc/x86_64-w64-mingw32/8.1.0\libstdc++.a(eh_alloc.o)
                              Common__PathUtil.cpp.obj (__cxa_free_exception)
C:/mingw64/bin/../lib/gcc/x86_64-w64-mingw32/8.1.0\libstdc++.a(eh_catch.o)
                              Common__PathUtil.cpp.obj (__cxa_begin_catch)
C:/mingw64/bin/../lib/gcc/x86_64-w64-mingw32/8.1.0\libstdc++.a(eh_exception.o)
                              C:/mingw64/bin/../lib/gcc/x86_64-w64-mingw32/8.1.0\libstdc++.a(eh_alloc.o) (std::exception::~exception())
C:/mingw64/bin/../lib/gcc/x86_64-w64-mingw32/8.1.0\libstdc++.a(eh_globals.o)
                              C:/mingw64/bin/../lib/gcc/x86_64-w64-mingw32/8.1.0\libstdc++.a(eh_catch.o) (__cxa_get_globals)
C:/mingw64/bin/../lib/gcc/x86_64-w64-mingw32/8.1.0\libstdc++.a(eh_personality.o)
                              C:/mingw64/bin/../lib/gcc/x86_64-w64-mingw32/8.1.0\libstdc++.a(eh_alloc.o) (__cxa_call_unexpected)
C:/mingw64/bin/../lib/gcc/x86_64-w64-mingw32/8.1.0\libstdc++.a(eh_terminate.o)
                              C:/mingw64/bin/../lib/gcc/x86_64-w64-mingw32/8.1.0\libstdc++.a(eh_personality.o) (__cxxabiv1::__terminate(void (*)()))
C:/mingw64/bin/../lib/gcc/x86_64-w64-mingw32/8.1.0\libstdc++.a(eh_term_handler.o)
                              C:/mingw64/bin/../lib/gcc/x86_64-w64-mingw32/8.1.0\libstdc++.a(eh_terminate.o) (__cxxabiv1::__terminate_handler)
C:/mingw64/bin/../lib/gcc/x86_64-w64-mingw32/8.1.0\libstdc++.a(eh_throw.o)
                              Common__PathUtil.cpp.obj (__cxa_throw)
C:/mingw64/bin/../lib/gcc/x86_64-w64-mingw32/8.1.0\libstdc++.a(eh_unex_handler.o)
                              C:/mingw64/bin/../lib/gcc/x86_64-w64-mingw32/8.1.0\libstdc++.a(eh_terminate.o) (__cxxabiv1::__unexpected_handler)
C:/mingw64/bin/../lib/gcc/x86_64-w64-mingw32/8.1.0\libstdc++.a(new_op.o)
                              BonCtrl__CATUtil.cpp.obj (operator new(unsigned long long))
C:/mingw64/bin/../lib/gcc/x86_64-w64-mingw32/8.1.0\libstdc++.a(pure.o)
                              C:/mingw64/bin/../lib/gcc/x86_64-w64-mingw32/8.1.0\libstdc++.a(eh_exception.o) (__cxa_pure_virtual)
C:/mingw64/bin/../lib/gcc/x86_64-w64-mingw32/8.1.0\libstdc++.a(si_class_type_info.o)
                              Common__PathUtil.cpp.obj (vtable for __cxxabiv1::__si_class_type_info)
C:/mingw64/bin/../lib/gcc/x86_64-w64-mingw32/8.1.0\libstdc++.a(tinfo.o)
                              C:/mingw64/bin/../lib/gcc/x86_64-w64-mingw32/8.1.0\libstdc++.a(class_type_info.o) (std::type_info::~type_info())
C:/mingw64/bin/../lib/gcc/x86_64-w64-mingw32/8.1.0\libstdc++.a(vterminate.o)
                              C:/mingw64/bin/../lib/gcc/x86_64-w64-mingw32/8.1.0\libstdc++.a(eh_term_handler.o) (__gnu_cxx::__verbose_terminate_handler())
C:/mingw64/bin/../lib/gcc/x86_64-w64-mingw32/8.1.0\libstdc++.a(stdexcept.o)
                              Common__PathUtil.cpp.obj (std::runtime_error::~runtime_error())
C:/mingw64/bin/../lib/gcc/x86_64-w64-mingw32/8.1.0\libstdc++.a(tree.o)
                              Write_OneService.cpp.obj (std::_Rb_tree_increment(std::_Rb_tree_node_base const*))
C:/mingw64/bin/../lib/gcc/x86_64-w64-mingw32/8.1.0\libstdc++.a(cow-stdexcept.o)
                              Common__PathUtil.cpp.obj (std::runtime_error::runtime_error(char const*))
C:/mingw64/bin/../lib/gcc/x86_64-w64-mingw32/8.1.0\libstdc++.a(cow-string-inst.o)
                              C:/mingw64/bin/../lib/gcc/x86_64-w64-mingw32/8.1.0\libstdc++.a(cow-stdexcept.o) (std::string::swap(std::string&))
C:/mingw64/bin/../lib/gcc/x86_64-w64-mingw32/8.1.0\libstdc++.a(functexcept.o)
                              BonCtrl__CreatePATPacket.cpp.obj (std::__throw_bad_alloc())
C:/mingw64/bin/../lib/gcc/x86_64-w64-mingw32/8.1.0\libstdc++.a(functional.o)
                              Common__PathUtil.cpp.obj (std::__throw_bad_function_call())
C:/mingw64/bin/../lib/gcc/x86_64-w64-mingw32/8.1.0\libstdc++.a(snprintf_lite.o)
                              C:/mingw64/bin/../lib/gcc/x86_64-w64-mingw32/8.1.0\libstdc++.a(functexcept.o) (__gnu_cxx::__snprintf_lite(char*, unsigned long long, char const*, char*))
C:/mingw64/bin/../lib/gcc/x86_64-w64-mingw32/8.1.0\libstdc++.a(sso_string.o)
                              C:/mingw64/bin/../lib/gcc/x86_64-w64-mingw32/8.1.0\libstdc++.a(cow-stdexcept.o) (std::__sso_string::__sso_string(char const*, unsigned long long))
[...]
Memory Configuration

Name             Origin             Length             Attributes
*default*        0x0000000000000000 0xffffffffffffffff

Linker script and memory map

                0x000000006ce00000                __image_base__ = 0x6ce00000
                0x0000000000000000                __dll__ = 0x0
                0x000000006ce00000                __ImageBase = 0x6ce00000
                0x0000000000001000                __section_alignment__ = 0x1000
                0x0000000000000200                __file_alignment__ = 0x200
                0x0000000000000004                __major_os_version__ = 0x4
                0x0000000000000000                __minor_os_version__ = 0x0
                0x0000000000000000                __major_image_version__ = 0x0
                0x0000000000000000                __minor_image_version__ = 0x0
                0x0000000000000005                __major_subsystem_version__ = 0x5
                0x0000000000000002                __minor_subsystem_version__ = 0x2
                0x0000000000000003                __subsystem__ = 0x3
                0x0000000000200000                __size_of_stack_reserve__ = 0x200000
                0x0000000000001000                __size_of_stack_commit__ = 0x1000
                0x0000000000100000                __size_of_heap_reserve__ = 0x100000
                0x0000000000001000                __size_of_heap_commit__ = 0x1000
                0x0000000000000000                __loader_flags__ = 0x0
                0x0000000000000140                __dll_characteristics__ = 0x140
LOAD C:/mingw64/bin/../lib/gcc/x86_64-w64-mingw32/8.1.0/../../../../x86_64-w64-mingw32/lib/../lib/dllcrt2.o
LOAD C:/mingw64/bin/../lib/gcc/x86_64-w64-mingw32/8.1.0/crtbegin.o
LOAD BonCtrl__CATUtil.cpp.obj
LOAD BonCtrl__CreatePATPacket.cpp.obj
LOAD BonCtrl__CreatePMTPacket.cpp.obj
LOAD BonCtrl__PacketInit.cpp.obj
LOAD BonCtrl__PMTUtil.cpp.obj
LOAD BonCtrl__ServiceFilter.cpp.obj
LOAD Common__EpgTimerUtil.cpp.obj
LOAD Common__PathUtil.cpp.obj
LOAD Common__StringUtil.cpp.obj
LOAD Common__TimeUtil.cpp.obj
LOAD Common__TSBuffUtil.cpp.obj
LOAD Common__TSPacketUtil.cpp.obj
LOAD Common__WritePlugInUtil.cpp.obj
LOAD dllmain.cpp.obj
LOAD stdafx.cpp.obj
LOAD WriteMain.cpp.obj
LOAD Write_OneService.cpp.obj
LOAD C:/mingw64/bin/../lib/gcc/x86_64-w64-mingw32/8.1.0\libstdc++.a
LOAD C:/mingw64/bin/../lib/gcc/x86_64-w64-mingw32/8.1.0/../../../../x86_64-w64-mingw32/lib/../lib/libmingw32.a
LOAD C:/mingw64/bin/../lib/gcc/x86_64-w64-mingw32/8.1.0/libgcc.a
LOAD C:/mingw64/bin/../lib/gcc/x86_64-w64-mingw32/8.1.0/libgcc_eh.a
LOAD C:/mingw64/bin/../lib/gcc/x86_64-w64-mingw32/8.1.0/../../../../x86_64-w64-mingw32/lib/../lib/libmoldname.a
LOAD C:/mingw64/bin/../lib/gcc/x86_64-w64-mingw32/8.1.0/../../../../x86_64-w64-mingw32/lib/../lib/libmingwex.a
LOAD C:/mingw64/bin/../lib/gcc/x86_64-w64-mingw32/8.1.0/../../../../x86_64-w64-mingw32/lib/../lib/libmsvcrt.a
LOAD C:/mingw64/bin/../lib/gcc/x86_64-w64-mingw32/8.1.0/../../../../x86_64-w64-mingw32/lib/../lib/libadvapi32.a
LOAD C:/mingw64/bin/../lib/gcc/x86_64-w64-mingw32/8.1.0/../../../../x86_64-w64-mingw32/lib/../lib/libshell32.a
LOAD C:/mingw64/bin/../lib/gcc/x86_64-w64-mingw32/8.1.0/../../../../x86_64-w64-mingw32/lib/../lib/libuser32.a
LOAD C:/mingw64/bin/../lib/gcc/x86_64-w64-mingw32/8.1.0/../../../../x86_64-w64-mingw32/lib/../lib/libkernel32.a
LOAD C:/mingw64/bin/../lib/gcc/x86_64-w64-mingw32/8.1.0/../../../../x86_64-w64-mingw32/lib/../lib/libiconv.a
LOAD C:/mingw64/bin/../lib/gcc/x86_64-w64-mingw32/8.1.0/../../../../x86_64-w64-mingw32/lib/../lib/libmingw32.a
LOAD C:/mingw64/bin/../lib/gcc/x86_64-w64-mingw32/8.1.0/libgcc.a
LOAD C:/mingw64/bin/../lib/gcc/x86_64-w64-mingw32/8.1.0/libgcc_eh.a
LOAD C:/mingw64/bin/../lib/gcc/x86_64-w64-mingw32/8.1.0/../../../../x86_64-w64-mingw32/lib/../lib/libmoldname.a
LOAD C:/mingw64/bin/../lib/gcc/x86_64-w64-mingw32/8.1.0/../../../../x86_64-w64-mingw32/lib/../lib/libmingwex.a
LOAD C:/mingw64/bin/../lib/gcc/x86_64-w64-mingw32/8.1.0/../../../../x86_64-w64-mingw32/lib/../lib/libmsvcrt.a
LOAD C:/mingw64/bin/../lib/gcc/x86_64-w64-mingw32/8.1.0/crtend.o
                0x0000000000000340                . = SIZEOF_HEADERS
                0x0000000000001000                . = ALIGN (__section_alignment__)

.text           0x000000006ce01000    0x20c00
 *(.init)
 *(.text)
 .text          0x000000006ce01000      0x390 C:/mingw64/bin/../lib/gcc/x86_64-w64-mingw32/8.1.0/../../../../x86_64-w64-mingw32/lib/../lib/dllcrt2.o
                0x000000006ce01010                _CRT_INIT
                0x000000006ce01330                DllMainCRTStartup
                0x000000006ce01380                atexit
 .text          0x000000006ce01390       0x20 C:/mingw64/bin/../lib/gcc/x86_64-w64-mingw32/8.1.0/crtbegin.o
                0x000000006ce01390                __gcc_register_frame
                0x000000006ce013a0                __gcc_deregister_frame
 .text          0x000000006ce013b0      0x290 BonCtrl__CATUtil.cpp.obj
                0x000000006ce013b0                CCATUtil::DecodeCAT(unsigned char*, unsigned long)
                0x000000006ce015d0                CCATUtil::AddPacket(CTSPacketUtil const&)
 .text          0x000000006ce01640      0x3c0 BonCtrl__CreatePATPacket.cpp.obj
                0x000000006ce01662                CCreatePATPacket::CCreatePATPacket()
                0x000000006ce01662                CCreatePATPacket::CCreatePATPacket()
                0x000000006ce016b0                CCreatePATPacket::Clear()
                0x000000006ce016c0                CCreatePATPacket::CreatePAT()
                0x000000006ce01810                CCreatePATPacket::SetParam(unsigned short, std::vector<std::pair<unsigned short, unsigned short>, std::allocator<std::pair<unsigned short, unsigned short> > > const&)
                0x000000006ce0189e                CCreatePATPacket::GetPacket(unsigned char**, unsigned long*)
 .text          0x000000006ce01a00      0x8e0 BonCtrl__CreatePMTPacket.cpp.obj
                0x000000006ce01a34                CCreatePMTPacket::CCreatePMTPacket()
                0x000000006ce01a34                CCreatePMTPacket::CCreatePMTPacket()
                0x000000006ce01ac4                CCreatePMTPacket::Clear()
                0x000000006ce01af6                CCreatePMTPacket::IsEcmPID(unsigned short)
                0x000000006ce01b28                CCreatePMTPacket::IsElementaryPID(unsigned short)
                0x000000006ce01b5a                CCreatePMTPacket::CreatePMT()
                0x000000006ce02050                CCreatePMTPacket::SetCreateMode(int, int)
                0x000000006ce02066                CCreatePMTPacket::SetSectionData(unsigned char const*, unsigned long)
                0x000000006ce0214e                CCreatePMTPacket::GetPacket(unsigned char**, unsigned long*, unsigned short)
 .text          0x000000006ce022e0      0x410 BonCtrl__PacketInit.cpp.obj
                0x000000006ce022f0                CPacketInit::CPacketInit()
                0x000000006ce022f0                CPacketInit::CPacketInit()
                0x000000006ce02328                CPacketInit::ClearBuff()
                0x000000006ce023e2                CPacketInit::GetTSData(unsigned char const*, unsigned long, unsigned char**, unsigned long*)
 .text          0x000000006ce026f0      0x3f0 BonCtrl__PMTUtil.cpp.obj
                0x000000006ce0271e                CPMTUtil::CPMTUtil()
                0x000000006ce0271e                CPMTUtil::CPMTUtil()
                0x000000006ce02772                CPMTUtil::DecodePMT(unsigned char*, unsigned long)
                0x000000006ce02a6e                CPMTUtil::AddPacket(CTSPacketUtil const&)
 .text          0x000000006ce02ae0      0xd50 BonCtrl__ServiceFilter.cpp.obj
                0x000000006ce02c7a                CServiceFilter::CServiceFilter(bool)
                0x000000006ce02c7a                CServiceFilter::CServiceFilter(bool)
                0x000000006ce02dd0                CServiceFilter::Clear(unsigned short)
                0x000000006ce02eb8                CServiceFilter::InsertPIDInfo(std::vector<CServiceFilter::PID_INFO, std::allocator<CServiceFilter::PID_INFO> >&, unsigned short)
                0x000000006ce02f3a                CServiceFilter::CheckNeedPID()
                0x000000006ce03196                CServiceFilter::SetPmtCreateMode(bool, bool)
                0x000000006ce031ca                CServiceFilter::SetServiceID(bool, std::vector<unsigned short, std::allocator<unsigned short> > const&)
                0x000000006ce031ee                CServiceFilter::FilterPacket(std::vector<unsigned char, std::allocator<unsigned char> >&, unsigned char const*, CTSPacketUtil const&)
 .text          0x000000006ce03830     0x1060 Common__EpgTimerUtil.cpp.obj
                0x000000006ce03882                CalcCrc32(int, unsigned char const*)
                0x000000006ce038b3                MJDtoI64Time(unsigned long, unsigned long)
                0x000000006ce0391a                GetGenreName(unsigned char, unsigned char)
                0x000000006ce0397b                GetComponentTypeName(unsigned char, unsigned char)
                0x000000006ce039dc                CServiceInfoAdapter::Create(EPGDB_SERVICE_INFO const*)
                0x000000006ce03a32                GetBitrateFromIni(unsigned short, unsigned short, unsigned short)
                0x000000006ce03c58                AppendEpgContentInfoText(std::__cxx11::basic_string<wchar_t, std::char_traits<wchar_t>, std::allocator<wchar_t> >&, EPGDB_EVENT_INFO const&)
                0x000000006ce03d71                AppendEpgComponentInfoText(std::__cxx11::basic_string<wchar_t, std::char_traits<wchar_t>, std::allocator<wchar_t> >&, EPGDB_EVENT_INFO const&)
                0x000000006ce03ddc                AppendEpgAudioComponentInfoText(std::__cxx11::basic_string<wchar_t, std::char_traits<wchar_t>, std::allocator<wchar_t> >&, EPGDB_EVENT_INFO const&)
                0x000000006ce03f21                ConvertEpgInfoText(EPGDB_EVENT_INFO const&, std::__cxx11::basic_string<wchar_t, std::char_traits<wchar_t>, std::allocator<wchar_t> > const*, std::__cxx11::basic_string<wchar_t, std::char_traits<wchar_t>, std::allocator<wchar_t> > const*)
                0x000000006ce0421e                ConvertProgramText(EPGDB_EVENT_INFO const&, std::__cxx11::basic_string<wchar_t, std::char_traits<wchar_t>, std::allocator<wchar_t> > const&)
                0x000000006ce04352                CEpgEventInfoAdapter::Create(EPGDB_EVENT_INFO*)
                0x000000006ce045f5                ConvertEpgInfo(unsigned short, unsigned short, unsigned short, EPG_EVENT_INFO const*, EPGDB_EVENT_INFO*)
 .text          0x000000006ce04890     0x1a00 Common__PathUtil.cpp.obj
                0x000000006ce048e2                filesystem_::path::first_element(std::__cxx11::basic_string<wchar_t, std::char_traits<wchar_t>, std::allocator<wchar_t> > const&, unsigned long long&, unsigned long long&)
                0x000000006ce049c9                UtilOpenFile(std::__cxx11::basic_string<wchar_t, std::char_traits<wchar_t>, std::allocator<wchar_t> > const&, int)
                0x000000006ce04b1a                UtilComparePath(wchar_t const*, wchar_t const*)
                0x000000006ce04b1f                UtilPathEndsWith(wchar_t const*, wchar_t const*)
                0x000000006ce04b64                TouchFileAsUnicode(filesystem_::path const&)
                0x000000006ce04bb2                UtilFileExists(filesystem_::path const&, bool*)
                0x000000006ce04bf8                UtilCreateDirectory(filesystem_::path const&)
                0x000000006ce04c12                filesystem_::path::filename_pos(std::__cxx11::basic_string<wchar_t, std::char_traits<wchar_t>, std::allocator<wchar_t> > const&)
                0x000000006ce04d28                filesystem_::path::is_root_separator(std::__cxx11::basic_string<wchar_t, std::char_traits<wchar_t>, std::allocator<wchar_t> > const&, unsigned long long)
                0x000000006ce04dcc                filesystem_::path::root_directory_start(std::__cxx11::basic_string<wchar_t, std::char_traits<wchar_t>, std::allocator<wchar_t> > const&, unsigned long long)
                0x000000006ce04f0c                filesystem_::path::m_parent_path_end() const
                0x000000006ce04f9a                WritePrivateProfileInt(wchar_t const*, wchar_t const*, int, wchar_t const*)
                0x000000006ce04fe2                filesystem_::path::m_erase_redundant_separator(unsigned long long)
                0x000000006ce05012                filesystem_::path::remove_filename()
                0x000000006ce0503d                CheckFileName(std::__cxx11::basic_string<wchar_t, std::char_traits<wchar_t>, std::allocator<wchar_t> >&, bool)
                0x000000006ce051ba                filesystem_::path::filename() const
                0x000000006ce05224                filesystem_::path::stem() const
                0x000000006ce0529a                filesystem_::path::root_name() const
                0x000000006ce05380                filesystem_::path::root_directory() const
                0x000000006ce05414                GetModulePath(HINSTANCE__*)
                0x000000006ce054fe                filesystem_::path::parent_path() const
                0x000000006ce05591                UtilCreateDirectories(filesystem_::path const&)
                0x000000006ce05645                UtilGetStorageID[abi:cxx11](filesystem_::path const&)
                0x000000006ce056b7                UtilGetStorageFreeBytes(filesystem_::path const&)
                0x000000006ce05717                GetPrivateProfileToString[abi:cxx11](wchar_t const*, wchar_t const*, wchar_t const*, wchar_t const*)
                0x000000006ce059c2                filesystem_::path::m_append_separator_if_needed()
                0x000000006ce05a10                filesystem_::path::append(wchar_t const*)
                0x000000006ce05a4e                filesystem_::path::replace_extension(filesystem_::path const&)
                0x000000006ce05b3c                GetModuleIniPath(HINSTANCE__*)
                0x000000006ce05c06                filesystem_::path::append(std::__cxx11::basic_string<wchar_t, std::char_traits<wchar_t>, std::allocator<wchar_t> > const&)
                0x000000006ce05c47                GetCommonIniPath()
                0x000000006ce05cce                GetDefSettingPath()
                0x000000006ce05d53                GetSettingPath()
                0x000000006ce05e20                GetRecFolderPath(int)
                0x000000006ce06165                EnumFindFile(filesystem_::path const&, std::function<bool (UTIL_FIND_DATA&)> const&)
 .text          0x000000006ce06290      0x9d0 Common__StringUtil.cpp.obj
                0x000000006ce062f0                CompareNoCase(char const*, char const*)
                0x000000006ce0633a                CompareNoCase(wchar_t const*, wchar_t const*)
                0x000000006ce06388                AtoW(char const*, unsigned long long, std::vector<wchar_t, std::allocator<wchar_t> >&, UTIL_CONV_CODE)
                0x000000006ce06645                WtoA(wchar_t const*, unsigned long long, std::vector<char, std::allocator<char> >&, UTIL_CONV_CODE)
                0x000000006ce06887                Format(std::__cxx11::basic_string<wchar_t, std::char_traits<wchar_t>, std::allocator<wchar_t> >&, wchar_t const*, ...)
                0x000000006ce0698e                AtoW(std::__cxx11::basic_string<char, std::char_traits<char>, std::allocator<char> > const&, std::__cxx11::basic_string<wchar_t, std::char_traits<wchar_t>, std::allocator<wchar_t> >&, UTIL_CONV_CODE)
                0x000000006ce06a11                Separate(std::__cxx11::basic_string<wchar_t, std::char_traits<wchar_t>, std::allocator<wchar_t> > const&, wchar_t const*, std::__cxx11::basic_string<wchar_t, std::char_traits<wchar_t>, std::allocator<wchar_t> >&, std::__cxx11::basic_string<wchar_t, std::char_traits<wchar_t>, std::allocator<wchar_t> >&)
                0x000000006ce06b0c                Replace(std::__cxx11::basic_string<wchar_t, std::char_traits<wchar_t>, std::allocator<wchar_t> >&, std::__cxx11::basic_string<wchar_t, std::char_traits<wchar_t>, std::allocator<wchar_t> > const&, std::__cxx11::basic_string<wchar_t, std::char_traits<wchar_t>, std::allocator<wchar_t> > const&)
                0x000000006ce06bdd                WtoA(std::__cxx11::basic_string<wchar_t, std::char_traits<wchar_t>, std::allocator<wchar_t> > const&, std::__cxx11::basic_string<char, std::char_traits<char>, std::allocator<char> >&, UTIL_CONV_CODE)
 .text          0x000000006ce06c60      0x2b0 Common__TimeUtil.cpp.obj
                0x000000006ce06c60                GetDayOfWeekName(unsigned short)
                0x000000006ce06c7b                GetNowI64Time()
                0x000000006ce06c9d                ConvertI64Time(_SYSTEMTIME)
                0x000000006ce06ccc                ConvertSystemTime(long long, _SYSTEMTIME*)
                0x000000006ce06d0d                GetTimeMacroName(int)
                0x000000006ce06d23                GetTimeMacroValue[abi:cxx11](int, _SYSTEMTIME)
 .text          0x000000006ce06f10      0x590 Common__TSBuffUtil.cpp.obj
                0x000000006ce06f2a                CTSBuffUtil::CTSBuffUtil()
                0x000000006ce06f2a                CTSBuffUtil::CTSBuffUtil()
                0x000000006ce06f72                CTSBuffUtil::CheckCounter(CTSPacketUtil const*)
                0x000000006ce07024                CTSBuffUtil::Clear()
                0x000000006ce07054                CTSBuffUtil::AddSectionBuff(unsigned char const*, unsigned char, unsigned char)
                0x000000006ce07322                CTSBuffUtil::GetSectionBuff(unsigned char**, unsigned long*)
                0x000000006ce073a2                CTSBuffUtil::Add188TS(CTSPacketUtil const&)
 .text          0x000000006ce074a0      0x3c0 Common__TSPacketUtil.cpp.obj
                0x000000006ce074a0                CTSPacketUtil::CTSPacketUtil()
                0x000000006ce074a0                CTSPacketUtil::CTSPacketUtil()
                0x000000006ce074ae                CTSPacketUtil::Set188TS(unsigned char const*, unsigned long)
 .text          0x000000006ce07860      0x1e0 Common__WritePlugInUtil.cpp.obj
                0x000000006ce07860                CWritePlugInUtil::CWritePlugInUtil()
                0x000000006ce07860                CWritePlugInUtil::CWritePlugInUtil()
                0x000000006ce07870                CWritePlugInUtil::Initialize(wchar_t const*)
                0x000000006ce07982                CWritePlugInUtil::UnInitialize()
                0x000000006ce079b4                CWritePlugInUtil::~CWritePlugInUtil()
                0x000000006ce079b4                CWritePlugInUtil::~CWritePlugInUtil()
                0x000000006ce079b6                CWritePlugInUtil::GetName(wchar_t*, unsigned long*)
                0x000000006ce079d2                CWritePlugInUtil::ShowSetting(HWND__*)
                0x000000006ce079e4                CWritePlugInUtil::Start(wchar_t const*, int, unsigned long long)
                0x000000006ce079fa                CWritePlugInUtil::Stop()
                0x000000006ce07a10                CWritePlugInUtil::GetSavePath(wchar_t*, unsigned long*)
                0x000000006ce07a26                CWritePlugInUtil::Write(unsigned char*, unsigned long, unsigned long*)
 .text          0x000000006ce07a40       0x10 dllmain.cpp.obj
                0x000000006ce07a40                DllMain
 .text          0x000000006ce07a50        0x0 stdafx.cpp.obj
 .text          0x000000006ce07a50      0xd10 WriteMain.cpp.obj
                0x000000006ce07c02                CWriteMain::Stop()
                0x000000006ce07c2a                CWriteMain::Write(unsigned char*, unsigned long, unsigned long*)
                0x000000006ce07e3a                CWriteMain::~CWriteMain()
                0x000000006ce07e3a                CWriteMain::~CWriteMain()
                0x000000006ce07f20                CWriteMain::GetSavePath[abi:cxx11]()
                0x000000006ce07f3a                CWriteMain::CWriteMain()
                0x000000006ce07f3a                CWriteMain::CWriteMain()
                0x000000006ce08188                CWriteMain::Start(wchar_t const*, int, unsigned long long)
 .text          0x000000006ce08760      0x780 Write_OneService.cpp.obj
                0x000000006ce087da                GetPlugInName
                0x000000006ce08851                Setting
                0x000000006ce089b6                StartSave
                0x000000006ce08a2c                StopSave
                0x000000006ce08a8a                GetSaveFilePath
                0x000000006ce08bac                AddTSBuff
                0x000000006ce08c22                DeleteCtrl
                0x000000006ce08caf                CreateCtrl
 .text          0x000000006ce08ee0        0x0 C:/mingw64/bin/../lib/gcc/x86_64-w64-mingw32/8.1.0\libstdc++.a(class_type_info.o)
 .text          0x000000006ce08ee0        0x0 C:/mingw64/bin/../lib/gcc/x86_64-w64-mingw32/8.1.0\libstdc++.a(del_op.o)
 .text          0x000000006ce08ee0        0x0 C:/mingw64/bin/../lib/gcc/x86_64-w64-mingw32/8.1.0\libstdc++.a(del_ops.o)
 .text          0x000000006ce08ee0        0x0 C:/mingw64/bin/../lib/gcc/x86_64-w64-mingw32/8.1.0\libstdc++.a(eh_alloc.o)
 .text          0x000000006ce08ee0        0x0 C:/mingw64/bin/../lib/gcc/x86_64-w64-mingw32/8.1.0\libstdc++.a(eh_catch.o)
 .text          0x000000006ce08ee0        0x0 C:/mingw64/bin/../lib/gcc/x86_64-w64-mingw32/8.1.0\libstdc++.a(eh_exception.o)
 .text          0x000000006ce08ee0        0x0 C:/mingw64/bin/../lib/gcc/x86_64-w64-mingw32/8.1.0\libstdc++.a(eh_globals.o)
 .text          0x000000006ce08ee0        0x0 C:/mingw64/bin/../lib/gcc/x86_64-w64-mingw32/8.1.0\libstdc++.a(eh_personality.o)
 .text          0x000000006ce08ee0        0x0 C:/mingw64/bin/../lib/gcc/x86_64-w64-mingw32/8.1.0\libstdc++.a(eh_terminate.o)
 .text          0x000000006ce08ee0        0x0 C:/mingw64/bin/../lib/gcc/x86_64-w64-mingw32/8.1.0\libstdc++.a(eh_term_handler.o)
 .text          0x000000006ce08ee0        0x0 C:/mingw64/bin/../lib/gcc/x86_64-w64-mingw32/8.1.0\libstdc++.a(eh_throw.o)
 .text          0x000000006ce08ee0        0x0 C:/mingw64/bin/../lib/gcc/x86_64-w64-mingw32/8.1.0\libstdc++.a(eh_unex_handler.o)
 .text          0x000000006ce08ee0        0x0 C:/mingw64/bin/../lib/gcc/x86_64-w64-mingw32/8.1.0\libstdc++.a(new_op.o)
 .text          0x000000006ce08ee0        0x0 C:/mingw64/bin/../lib/gcc/x86_64-w64-mingw32/8.1.0\libstdc++.a(pure.o)
 .text          0x000000006ce08ee0        0x0 C:/mingw64/bin/../lib/gcc/x86_64-w64-mingw32/8.1.0\libstdc++.a(si_class_type_info.o)
 .text          0x000000006ce08ee0        0x0 C:/mingw64/bin/../lib/gcc/x86_64-w64-mingw32/8.1.0\libstdc++.a(tinfo.o)
 .text          0x000000006ce08ee0        0x0 C:/mingw64/bin/../lib/gcc/x86_64-w64-mingw32/8.1.0\libstdc++.a(vterminate.o)
 .text          0x000000006ce08ee0        0x0 C:/mingw64/bin/../lib/gcc/x86_64-w64-mingw32/8.1.0\libstdc++.a(stdexcept.o)
 .text          0x000000006ce08ee0        0x0 C:/mingw64/bin/../lib/gcc/x86_64-w64-mingw32/8.1.0\libstdc++.a(tree.o)
 .text          0x000000006ce08ee0        0x0 C:/mingw64/bin/../lib/gcc/x86_64-w64-mingw32/8.1.0\libstdc++.a(cow-stdexcept.o)
 .text          0x000000006ce08ee0        0x0 C:/mingw64/bin/../lib/gcc/x86_64-w64-mingw32/8.1.0\libstdc++.a(cow-string-inst.o)
 .text          0x000000006ce08ee0        0x0 C:/mingw64/bin/../lib/gcc/x86_64-w64-mingw32/8.1.0\libstdc++.a(functexcept.o)
 .text          0x000000006ce08ee0        0x0 C:/mingw64/bin/../lib/gcc/x86_64-w64-mingw32/8.1.0\libstdc++.a(functional.o)
 .text          0x000000006ce08ee0        0x0 C:/mingw64/bin/../lib/gcc/x86_64-w64-mingw32/8.1.0\libstdc++.a(snprintf_lite.o)
 .text          0x000000006ce08ee0        0x0 C:/mingw64/bin/../lib/gcc/x86_64-w64-mingw32/8.1.0\libstdc++.a(sso_string.o)
 .text          0x000000006ce08ee0        0x0 C:/mingw64/bin/../lib/gcc/x86_64-w64-mingw32/8.1.0\libstdc++.a(string-inst.o)
 .text          0x000000006ce08ee0        0x0 C:/mingw64/bin/../lib/gcc/x86_64-w64-mingw32/8.1.0\libstdc++.a(bad_alloc.o)
 .text          0x000000006ce08ee0        0x0 C:/mingw64/bin/../lib/gcc/x86_64-w64-mingw32/8.1.0\libstdc++.a(bad_cast.o)
 .text          0x000000006ce08ee0        0x0 C:/mingw64/bin/../lib/gcc/x86_64-w64-mingw32/8.1.0\libstdc++.a(bad_typeid.o)
 .text          0x000000006ce08ee0     0x96f0 C:/mingw64/bin/../lib/gcc/x86_64-w64-mingw32/8.1.0\libstdc++.a(cp-demangle.o)
                0x000000006ce12440                __cxa_demangle
                0x000000006ce125a0                __gcclibcxx_demangle_callback
 .text          0x000000006ce125d0        0x0 C:/mingw64/bin/../lib/gcc/x86_64-w64-mingw32/8.1.0\libstdc++.a(eh_call.o)
 .text          0x000000006ce125d0        0x0 C:/mingw64/bin/../lib/gcc/x86_64-w64-mingw32/8.1.0\libstdc++.a(eh_type.o)
 .text          0x000000006ce125d0        0x0 C:/mingw64/bin/../lib/gcc/x86_64-w64-mingw32/8.1.0\libstdc++.a(new_handler.o)
 .text          0x000000006ce125d0       0xd0 C:/mingw64/bin/../lib/gcc/x86_64-w64-mingw32/8.1.0/../../../../x86_64-w64-mingw32/lib/../lib/libmingw32.a(lib64_libmingw32_a-gccmain.o)
                0x000000006ce125d0                __do_global_dtors
                0x000000006ce12610                __do_global_ctors
                0x000000006ce12680                __main
 .text          0x000000006ce126a0        0x0 C:/mingw64/bin/../lib/gcc/x86_64-w64-mingw32/8.1.0/../../../../x86_64-w64-mingw32/lib/../lib/libmingw32.a(lib64_libmingw32_a-natstart.o)
 .text          0x000000006ce126a0      0x1e0 C:/mingw64/bin/../lib/gcc/x86_64-w64-mingw32/8.1.0/../../../../x86_64-w64-mingw32/lib/../lib/libmingw32.a(lib64_libmingw32_a-gs_support.o)
                0x000000006ce126a0                __security_init_cookie
                0x000000006ce12780                __report_gsfailure
 .text          0x000000006ce12880       0xc0 C:/mingw64/bin/../lib/gcc/x86_64-w64-mingw32/8.1.0/../../../../x86_64-w64-mingw32/lib/../lib/libmingw32.a(lib64_libmingw32_a-tlssup.o)
                0x000000006ce128b0                __dyn_tls_init
                0x000000006ce12930                __tlregdtor
 .text          0x000000006ce12940        0x0 C:/mingw64/bin/../lib/gcc/x86_64-w64-mingw32/8.1.0/../../../../x86_64-w64-mingw32/lib/../lib/libmingw32.a(lib64_libmingw32_a-cinitexe.o)
 .text          0x000000006ce12940       0x20 C:/mingw64/bin/../lib/gcc/x86_64-w64-mingw32/8.1.0/../../../../x86_64-w64-mingw32/lib/../lib/libmingw32.a(lib64_libmingw32_a-mingw_helpers.o)
                0x000000006ce12940                _decode_pointer
                0x000000006ce12950                _encode_pointer
 .text          0x000000006ce12960      0x490 C:/mingw64/bin/../lib/gcc/x86_64-w64-mingw32/8.1.0/../../../../x86_64-w64-mingw32/lib/../lib/libmingw32.a(lib64_libmingw32_a-pseudo-reloc.o)
                0x000000006ce12b30                _pei386_runtime_relocator
 .text          0x000000006ce12df0      0x480 C:/mingw64/bin/../lib/gcc/x86_64-w64-mingw32/8.1.0/../../../../x86_64-w64-mingw32/lib/../lib/libmingw32.a(lib64_libmingw32_a-crt_handler.o)
                0x000000006ce12df0                __mingw_SEH_error_handler
                0x000000006ce12f90                __mingw_init_ehandler
                0x000000006ce13080                _gnu_exception_handler
 .text          0x000000006ce13270      0x270 C:/mingw64/bin/../lib/gcc/x86_64-w64-mingw32/8.1.0/../../../../x86_64-w64-mingw32/lib/../lib/libmingw32.a(lib64_libmingw32_a-tlsthrd.o)
                0x000000006ce132e0                ___w64_mingwthr_add_key_dtor
                0x000000006ce13360                ___w64_mingwthr_remove_key_dtor
                0x000000006ce13400                __mingw_TLScallback
 .text          0x000000006ce134e0        0x0 C:/mingw64/bin/../lib/gcc/x86_64-w64-mingw32/8.1.0/../../../../x86_64-w64-mingw32/lib/../lib/libmingw32.a(lib64_libmingw32_a-tlsmcrt.o)
 .text          0x000000006ce134e0        0x0 C:/mingw64/bin/../lib/gcc/x86_64-w64-mingw32/8.1.0/../../../../x86_64-w64-mingw32/lib/../lib/libmingw32.a(lib64_libmingw32_a-pseudo-reloc-list.o)
 .text          0x000000006ce134e0      0x3e0 C:/mingw64/bin/../lib/gcc/x86_64-w64-mingw32/8.1.0/../../../../x86_64-w64-mingw32/lib/../lib/libmingw32.a(lib64_libmingw32_a-pesect.o)
                0x000000006ce13500                _ValidateImageBase
                0x000000006ce13520                _FindPESection
                0x000000006ce13570                _FindPESectionByName
                0x000000006ce13600                __mingw_GetSectionForAddress
                0x000000006ce13680                __mingw_GetSectionCount
                0x000000006ce136c0                _FindPESectionExec
                0x000000006ce13730                _GetPEImageBase
                0x000000006ce13770                _IsNonwritableInCurrentImage
                0x000000006ce13810                __mingw_enum_import_library_names
 .text          0x000000006ce138c0       0x10 C:/mingw64/bin/../lib/gcc/x86_64-w64-mingw32/8.1.0/../../../../x86_64-w64-mingw32/lib/../lib/libmingw32.a(lib64_libmingw32_a-CRT_fp10.o)
                0x000000006ce138c0                fpreset
                0x000000006ce138c0                _fpreset
 .text          0x000000006ce138d0       0x40 C:/mingw64/bin/../lib/gcc/x86_64-w64-mingw32/8.1.0/libgcc.a(_chkstk_ms.o)
                0x000000006ce138d0                ___chkstk_ms
 .text          0x000000006ce13910        0x0 C:/mingw64/bin/../lib/gcc/x86_64-w64-mingw32/8.1.0/libgcc.a(_ctors.o)
 .text          0x000000006ce13910      0x3b0 C:/mingw64/bin/../lib/gcc/x86_64-w64-mingw32/8.1.0/libgcc.a(gthr-win32.o)
                0x000000006ce13910                __gthr_win32_once
                0x000000006ce13990                __gthr_win32_key_create
                0x000000006ce139d0                __gthr_win32_key_delete
                0x000000006ce139f0                __gthr_win32_getspecific
                0x000000006ce13a20                __gthr_win32_setspecific
                0x000000006ce13a40                __gthr_win32_mutex_init_function
                0x000000006ce13a70                __gthr_win32_mutex_destroy
                0x000000006ce13a80                __gthr_win32_mutex_lock
                0x000000006ce13ad0                __gthr_win32_mutex_trylock
                0x000000006ce13af0                __gthr_win32_mutex_unlock
                0x000000006ce13b30                __gthr_win32_recursive_mutex_init_function
                0x000000006ce13b70                __gthr_win32_recursive_mutex_lock
                0x000000006ce13bf0                __gthr_win32_recursive_mutex_trylock
                0x000000006ce13c40                __gthr_win32_recursive_mutex_unlock
                0x000000006ce13ca0                __gthr_win32_recursive_mutex_destroy
 .text          0x000000006ce13cc0      0x630 C:/mingw64/bin/../lib/gcc/x86_64-w64-mingw32/8.1.0/libgcc_eh.a(unwind-seh.o)
                0x000000006ce13d20                _Unwind_GetGR
                0x000000006ce13d40                _Unwind_SetGR
                0x000000006ce13d60                _Unwind_GetCFA
                0x000000006ce13d70                _Unwind_GetIP
                0x000000006ce13d80                _Unwind_GetIPInfo
                0x000000006ce13d90                _Unwind_SetIP
                0x000000006ce13da0                _Unwind_GetLanguageSpecificData
                0x000000006ce13db0                _Unwind_GetRegionStart
                0x000000006ce13dc0                _Unwind_FindEnclosingFunction
                0x000000006ce13df0                _Unwind_GetDataRelBase
                0x000000006ce13e00                _Unwind_GetTextRelBase
                0x000000006ce13e10                _GCC_specific_handler
                0x000000006ce14020                _Unwind_RaiseException
                0x000000006ce14070                _Unwind_Resume
                0x000000006ce14120                _Unwind_Resume_or_Rethrow
                0x000000006ce14140                _Unwind_ForcedUnwind
                0x000000006ce14170                _Unwind_DeleteException
                0x000000006ce14190                _Unwind_Backtrace
 .text          0x000000006ce142f0      0x3b0 C:/mingw64/bin/../lib/gcc/x86_64-w64-mingw32/8.1.0/libgcc_eh.a(emutls.o)
                0x000000006ce14430                __emutls_get_address
                0x000000006ce14670                __emutls_register_common
 .text          0x000000006ce146a0       0x10 C:/mingw64/bin/../lib/gcc/x86_64-w64-mingw32/8.1.0/../../../../x86_64-w64-mingw32/lib/../lib/libmingwex.a(lib64_libmingwex_a-dllentry.o)
                0x000000006ce146a0                DllEntryPoint
 .text          0x000000006ce146b0        0x8 C:/mingw64/bin/../lib/gcc/x86_64-w64-mingw32/8.1.0/../../../../x86_64-w64-mingw32/lib/../lib/libmsvcrt.a(duags01279.o)
                0x000000006ce146b0                wcstol
 .text          0x000000006ce146b8        0x8 C:/mingw64/bin/../lib/gcc/x86_64-w64-mingw32/8.1.0/../../../../x86_64-w64-mingw32/lib/../lib/libmsvcrt.a(duags01264.o)
                0x000000006ce146b8                wcslen
 .text          0x000000006ce146c0        0x8 C:/mingw64/bin/../lib/gcc/x86_64-w64-mingw32/8.1.0/../../../../x86_64-w64-mingw32/lib/../lib/libmsvcrt.a(duags01261.o)
                0x000000006ce146c0                wcscpy_s
 .text          0x000000006ce146c8        0x8 C:/mingw64/bin/../lib/gcc/x86_64-w64-mingw32/8.1.0/../../../../x86_64-w64-mingw32/lib/../lib/libmsvcrt.a(duags01257.o)
                0x000000006ce146c8                wcschr
 .text          0x000000006ce146d0        0x8 C:/mingw64/bin/../lib/gcc/x86_64-w64-mingw32/8.1.0/../../../../x86_64-w64-mingw32/lib/../lib/libmsvcrt.a(duags01251.o)
                0x000000006ce146d0                vswprintf_s
 .text          0x000000006ce146d8        0x8 C:/mingw64/bin/../lib/gcc/x86_64-w64-mingw32/8.1.0/../../../../x86_64-w64-mingw32/lib/../lib/libmsvcrt.a(duags01243.o)
                0x000000006ce146d8                vfprintf
 .text          0x000000006ce146e0        0x8 C:/mingw64/bin/../lib/gcc/x86_64-w64-mingw32/8.1.0/../../../../x86_64-w64-mingw32/lib/../lib/libmsvcrt.a(duags01223.o)
                0x000000006ce146e0                strtoul
 .text          0x000000006ce146e8        0x8 C:/mingw64/bin/../lib/gcc/x86_64-w64-mingw32/8.1.0/../../../../x86_64-w64-mingw32/lib/../lib/libmsvcrt.a(duags01211.o)
                0x000000006ce146e8                strncmp
 .text          0x000000006ce146f0        0x8 C:/mingw64/bin/../lib/gcc/x86_64-w64-mingw32/8.1.0/../../../../x86_64-w64-mingw32/lib/../lib/libmsvcrt.a(duags01208.o)
                0x000000006ce146f0                strlen
 .text          0x000000006ce146f8        0x8 C:/mingw64/bin/../lib/gcc/x86_64-w64-mingw32/8.1.0/../../../../x86_64-w64-mingw32/lib/../lib/libmsvcrt.a(duags01201.o)
                0x000000006ce146f8                strcmp
 .text          0x000000006ce14700        0x8 C:/mingw64/bin/../lib/gcc/x86_64-w64-mingw32/8.1.0/../../../../x86_64-w64-mingw32/lib/../lib/libmsvcrt.a(duags01192.o)
                0x000000006ce14700                sprintf
 .text          0x000000006ce14708        0x8 C:/mingw64/bin/../lib/gcc/x86_64-w64-mingw32/8.1.0/../../../../x86_64-w64-mingw32/lib/../lib/libmsvcrt.a(duags01187.o)
                0x000000006ce14708                signal
 .text          0x000000006ce14710        0x8 C:/mingw64/bin/../lib/gcc/x86_64-w64-mingw32/8.1.0/../../../../x86_64-w64-mingw32/lib/../lib/libmsvcrt.a(duags01186.o)
                0x000000006ce14710                setvbuf
 .text          0x000000006ce14718        0x8 C:/mingw64/bin/../lib/gcc/x86_64-w64-mingw32/8.1.0/../../../../x86_64-w64-mingw32/lib/../lib/libmsvcrt.a(duags01177.o)
                0x000000006ce14718                realloc
 .text          0x000000006ce14720        0x8 C:/mingw64/bin/../lib/gcc/x86_64-w64-mingw32/8.1.0/../../../../x86_64-w64-mingw32/lib/../lib/libmsvcrt.a(duags01159.o)
                0x000000006ce14720                memset
 .text          0x000000006ce14728        0x8 C:/mingw64/bin/../lib/gcc/x86_64-w64-mingw32/8.1.0/../../../../x86_64-w64-mingw32/lib/../lib/libmsvcrt.a(duags01158.o)
                0x000000006ce14728                memmove
 .text          0x000000006ce14730        0x8 C:/mingw64/bin/../lib/gcc/x86_64-w64-mingw32/8.1.0/../../../../x86_64-w64-mingw32/lib/../lib/libmsvcrt.a(duags01157.o)
                0x000000006ce14730                memcpy
 .text          0x000000006ce14738        0x8 C:/mingw64/bin/../lib/gcc/x86_64-w64-mingw32/8.1.0/../../../../x86_64-w64-mingw32/lib/../lib/libmsvcrt.a(duags01156.o)
                0x000000006ce14738                memcmp
 .text          0x000000006ce14740        0x8 C:/mingw64/bin/../lib/gcc/x86_64-w64-mingw32/8.1.0/../../../../x86_64-w64-mingw32/lib/../lib/libmsvcrt.a(duags01155.o)
                0x000000006ce14740                memchr
 .text          0x000000006ce14748        0x8 C:/mingw64/bin/../lib/gcc/x86_64-w64-mingw32/8.1.0/../../../../x86_64-w64-mingw32/lib/../lib/libmsvcrt.a(duags01149.o)
                0x000000006ce14748                malloc
 .text          0x000000006ce14750        0x8 C:/mingw64/bin/../lib/gcc/x86_64-w64-mingw32/8.1.0/../../../../x86_64-w64-mingw32/lib/../lib/libmsvcrt.a(duags01101.o)
                0x000000006ce14750                fwrite
 .text          0x000000006ce14758        0x8 C:/mingw64/bin/../lib/gcc/x86_64-w64-mingw32/8.1.0/../../../../x86_64-w64-mingw32/lib/../lib/libmsvcrt.a(duags01089.o)
                0x000000006ce14758                free
 .text          0x000000006ce14760        0x8 C:/mingw64/bin/../lib/gcc/x86_64-w64-mingw32/8.1.0/../../../../x86_64-w64-mingw32/lib/../lib/libmsvcrt.a(duags01086.o)
                0x000000006ce14760                fputwc
 .text          0x000000006ce14768        0x8 C:/mingw64/bin/../lib/gcc/x86_64-w64-mingw32/8.1.0/../../../../x86_64-w64-mingw32/lib/../lib/libmsvcrt.a(duags01085.o)
                0x000000006ce14768                fputs
 .text          0x000000006ce14770        0x8 C:/mingw64/bin/../lib/gcc/x86_64-w64-mingw32/8.1.0/../../../../x86_64-w64-mingw32/lib/../lib/libmsvcrt.a(duags01084.o)
                0x000000006ce14770                fputc
 .text          0x000000006ce14778        0x8 C:/mingw64/bin/../lib/gcc/x86_64-w64-mingw32/8.1.0/../../../../x86_64-w64-mingw32/lib/../lib/libmsvcrt.a(duags01080.o)
                0x000000006ce14778                fopen
 .text          0x000000006ce14780        0x8 C:/mingw64/bin/../lib/gcc/x86_64-w64-mingw32/8.1.0/../../../../x86_64-w64-mingw32/lib/../lib/libmsvcrt.a(duags01067.o)
                0x000000006ce14780                fclose
 .text          0x000000006ce14788        0x8 C:/mingw64/bin/../lib/gcc/x86_64-w64-mingw32/8.1.0/../../../../x86_64-w64-mingw32/lib/../lib/libmsvcrt.a(duags01050.o)
                0x000000006ce14788                calloc
 .text          0x000000006ce14790        0x8 C:/mingw64/bin/../lib/gcc/x86_64-w64-mingw32/8.1.0/../../../../x86_64-w64-mingw32/lib/../lib/libmsvcrt.a(duags01032.o)
                0x000000006ce14790                abort
 .text          0x000000006ce14798        0x8 C:/mingw64/bin/../lib/gcc/x86_64-w64-mingw32/8.1.0/../../../../x86_64-w64-mingw32/lib/../lib/libmsvcrt.a(duags00986.o)
                0x000000006ce14798                write
 .text          0x000000006ce147a0        0x8 C:/mingw64/bin/../lib/gcc/x86_64-w64-mingw32/8.1.0/../../../../x86_64-w64-mingw32/lib/../lib/libmsvcrt.a(duags00945.o)
                0x000000006ce147a0                _wfdopen
 .text          0x000000006ce147a8        0x8 C:/mingw64/bin/../lib/gcc/x86_64-w64-mingw32/8.1.0/../../../../x86_64-w64-mingw32/lib/../lib/libmsvcrt.a(duags00861.o)
                0x000000006ce147a8                _vsnwprintf_s
 .text          0x000000006ce147b0        0x8 C:/mingw64/bin/../lib/gcc/x86_64-w64-mingw32/8.1.0/../../../../x86_64-w64-mingw32/lib/../lib/libmsvcrt.a(duags00617.o)
                0x000000006ce147b0                _open_osfhandle
 .text          0x000000006ce147b8        0x8 C:/mingw64/bin/../lib/gcc/x86_64-w64-mingw32/8.1.0/../../../../x86_64-w64-mingw32/lib/../lib/libmsvcrt.a(duags00332.o)
                0x000000006ce147b8                _initterm
 .text          0x000000006ce147c0        0x8 C:/mingw64/bin/../lib/gcc/x86_64-w64-mingw32/8.1.0/../../../../x86_64-w64-mingw32/lib/../lib/libmsvcrt.a(duags00155.o)
                0x000000006ce147c0                _close
 .text          0x000000006ce147c8        0x8 C:/mingw64/bin/../lib/gcc/x86_64-w64-mingw32/8.1.0/../../../../x86_64-w64-mingw32/lib/../lib/libmsvcrt.a(duags00122.o)
                0x000000006ce147c8                _amsg_exit
 .text          0x000000006ce147d0      0x170 C:/mingw64/bin/../lib/gcc/x86_64-w64-mingw32/8.1.0/../../../../x86_64-w64-mingw32/lib/../lib/libmsvcrt.a(lib64_libmsvcrt_os_a-onexit_table.o)
                0x000000006ce147d0                _initialize_onexit_table
                0x000000006ce14800                _register_onexit_function
                0x000000006ce148d0                _execute_onexit_table
 .text          0x000000006ce14940       0x20 C:/mingw64/bin/../lib/gcc/x86_64-w64-mingw32/8.1.0/../../../../x86_64-w64-mingw32/lib/../lib/libmsvcrt.a(lib64_libmsvcrt_os_a-acrt_iob_func.o)
                0x000000006ce14940                __acrt_iob_func
 .text          0x000000006ce14960        0x0 C:/mingw64/bin/../lib/gcc/x86_64-w64-mingw32/8.1.0/../../../../x86_64-w64-mingw32/lib/../lib/libmsvcrt.a(duagh.o)
 .text          0x000000006ce14960        0x8 C:/mingw64/bin/../lib/gcc/x86_64-w64-mingw32/8.1.0/../../../../x86_64-w64-mingw32/lib/../lib/libmsvcrt.a(duags00821.o)
                0x000000006ce14960                _unlock
 .text          0x000000006ce14968        0x8 C:/mingw64/bin/../lib/gcc/x86_64-w64-mingw32/8.1.0/../../../../x86_64-w64-mingw32/lib/../lib/libmsvcrt.a(duags00441.o)
                0x000000006ce14968                _lock
 .text          0x000000006ce14970        0x8 C:/mingw64/bin/../lib/gcc/x86_64-w64-mingw32/8.1.0/../../../../x86_64-w64-mingw32/lib/../lib/libmsvcrt.a(duags00083.o)
                0x000000006ce14970                __iob_func
 *fill*         0x000000006ce14978        0x8 
 .text          0x000000006ce14980        0x0 C:/mingw64/bin/../lib/gcc/x86_64-w64-mingw32/8.1.0/../../../../x86_64-w64-mingw32/lib/../lib/libmsvcrt.a(duagt.o)
 .text          0x000000006ce14980        0x8 C:/mingw64/bin/../lib/gcc/x86_64-w64-mingw32/8.1.0/../../../../x86_64-w64-mingw32/lib/../lib/libshell32.a(dorfs00339.o)
                0x000000006ce14980                ShellExecuteW
 *fill*         0x000000006ce14988        0x8 
 .text          0x000000006ce14990        0x0 C:/mingw64/bin/../lib/gcc/x86_64-w64-mingw32/8.1.0/../../../../x86_64-w64-mingw32/lib/../lib/libshell32.a(dorfh.o)
 .text          0x000000006ce14990        0x0 C:/mingw64/bin/../lib/gcc/x86_64-w64-mingw32/8.1.0/../../../../x86_64-w64-mingw32/lib/../lib/libshell32.a(dorft.o)
 .text          0x000000006ce14990        0x8 C:/mingw64/bin/../lib/gcc/x86_64-w64-mingw32/8.1.0/../../../../x86_64-w64-mingw32/lib/../lib/libkernel32.a(dqifs01516.o)
                0x000000006ce14990                WritePrivateProfileStringW
 .text          0x000000006ce14998        0x8 C:/mingw64/bin/../lib/gcc/x86_64-w64-mingw32/8.1.0/../../../../x86_64-w64-mingw32/lib/../lib/libkernel32.a(dqifs01490.o)
                0x000000006ce14998                WideCharToMultiByte
 .text          0x000000006ce149a0        0x8 C:/mingw64/bin/../lib/gcc/x86_64-w64-mingw32/8.1.0/../../../../x86_64-w64-mingw32/lib/../lib/libkernel32.a(dqifs01453.o)
                0x000000006ce149a0                WaitForSingleObject
 .text          0x000000006ce149a8        0x8 C:/mingw64/bin/../lib/gcc/x86_64-w64-mingw32/8.1.0/../../../../x86_64-w64-mingw32/lib/../lib/libkernel32.a(dqifs01445.o)
                0x000000006ce149a8                VirtualQuery
 .text          0x000000006ce149b0        0x8 C:/mingw64/bin/../lib/gcc/x86_64-w64-mingw32/8.1.0/../../../../x86_64-w64-mingw32/lib/../lib/libkernel32.a(dqifs01443.o)
                0x000000006ce149b0                VirtualProtect
 .text          0x000000006ce149b8        0x8 C:/mingw64/bin/../lib/gcc/x86_64-w64-mingw32/8.1.0/../../../../x86_64-w64-mingw32/lib/../lib/libkernel32.a(dqifs01409.o)
                0x000000006ce149b8                UnhandledExceptionFilter
 .text          0x000000006ce149c0        0x8 C:/mingw64/bin/../lib/gcc/x86_64-w64-mingw32/8.1.0/../../../../x86_64-w64-mingw32/lib/../lib/libkernel32.a(dqifs01396.o)
                0x000000006ce149c0                TlsSetValue
 .text          0x000000006ce149c8        0x8 C:/mingw64/bin/../lib/gcc/x86_64-w64-mingw32/8.1.0/../../../../x86_64-w64-mingw32/lib/../lib/libkernel32.a(dqifs01395.o)
                0x000000006ce149c8                TlsGetValue
 .text          0x000000006ce149d0        0x8 C:/mingw64/bin/../lib/gcc/x86_64-w64-mingw32/8.1.0/../../../../x86_64-w64-mingw32/lib/../lib/libkernel32.a(dqifs01394.o)
                0x000000006ce149d0                TlsFree
 .text          0x000000006ce149d8        0x8 C:/mingw64/bin/../lib/gcc/x86_64-w64-mingw32/8.1.0/../../../../x86_64-w64-mingw32/lib/../lib/libkernel32.a(dqifs01393.o)
                0x000000006ce149d8                TlsAlloc
 .text          0x000000006ce149e0        0x8 C:/mingw64/bin/../lib/gcc/x86_64-w64-mingw32/8.1.0/../../../../x86_64-w64-mingw32/lib/../lib/libkernel32.a(dqifs01375.o)
                0x000000006ce149e0                TerminateProcess
 .text          0x000000006ce149e8        0x8 C:/mingw64/bin/../lib/gcc/x86_64-w64-mingw32/8.1.0/../../../../x86_64-w64-mingw32/lib/../lib/libkernel32.a(dqifs01371.o)
                0x000000006ce149e8                SystemTimeToFileTime
 .text          0x000000006ce149f0        0x8 C:/mingw64/bin/../lib/gcc/x86_64-w64-mingw32/8.1.0/../../../../x86_64-w64-mingw32/lib/../lib/libkernel32.a(dqifs01360.o)
                0x000000006ce149f0                Sleep
 .text          0x000000006ce149f8        0x8 C:/mingw64/bin/../lib/gcc/x86_64-w64-mingw32/8.1.0/../../../../x86_64-w64-mingw32/lib/../lib/libkernel32.a(dqifs01346.o)
                0x000000006ce149f8                SetUnhandledExceptionFilter
 .text          0x000000006ce14a00        0x8 C:/mingw64/bin/../lib/gcc/x86_64-w64-mingw32/8.1.0/../../../../x86_64-w64-mingw32/lib/../lib/libkernel32.a(dqifs01290.o)
                0x000000006ce14a00                SetLastError
 .text          0x000000006ce14a08        0x8 C:/mingw64/bin/../lib/gcc/x86_64-w64-mingw32/8.1.0/../../../../x86_64-w64-mingw32/lib/../lib/libkernel32.a(dqifs01194.o)
                0x000000006ce14a08                RtlVirtualUnwind
 .text          0x000000006ce14a10        0x8 C:/mingw64/bin/../lib/gcc/x86_64-w64-mingw32/8.1.0/../../../../x86_64-w64-mingw32/lib/../lib/libkernel32.a(dqifs01193.o)
                0x000000006ce14a10                RtlUnwindEx
 .text          0x000000006ce14a18        0x8 C:/mingw64/bin/../lib/gcc/x86_64-w64-mingw32/8.1.0/../../../../x86_64-w64-mingw32/lib/../lib/libkernel32.a(dqifs01187.o)
                0x000000006ce14a18                RtlLookupFunctionEntry
 .text          0x000000006ce14a20        0x8 C:/mingw64/bin/../lib/gcc/x86_64-w64-mingw32/8.1.0/../../../../x86_64-w64-mingw32/lib/../lib/libkernel32.a(dqifs01180.o)
                0x000000006ce14a20                RtlCaptureContext
 .text          0x000000006ce14a28        0x8 C:/mingw64/bin/../lib/gcc/x86_64-w64-mingw32/8.1.0/../../../../x86_64-w64-mingw32/lib/../lib/libkernel32.a(dqifs01179.o)
                0x000000006ce14a28                RtlAddFunctionTable
 .text          0x000000006ce14a30        0x8 C:/mingw64/bin/../lib/gcc/x86_64-w64-mingw32/8.1.0/../../../../x86_64-w64-mingw32/lib/../lib/libkernel32.a(dqifs01154.o)
                0x000000006ce14a30                ReleaseSemaphore
 .text          0x000000006ce14a38        0x8 C:/mingw64/bin/../lib/gcc/x86_64-w64-mingw32/8.1.0/../../../../x86_64-w64-mingw32/lib/../lib/libkernel32.a(dqifs01112.o)
                0x000000006ce14a38                RaiseException
 .text          0x000000006ce14a40        0x8 C:/mingw64/bin/../lib/gcc/x86_64-w64-mingw32/8.1.0/../../../../x86_64-w64-mingw32/lib/../lib/libkernel32.a(dqifs01093.o)
                0x000000006ce14a40                QueryPerformanceCounter
 .text          0x000000006ce14a48        0x8 C:/mingw64/bin/../lib/gcc/x86_64-w64-mingw32/8.1.0/../../../../x86_64-w64-mingw32/lib/../lib/libkernel32.a(dqifs01042.o)
                0x000000006ce14a48                OutputDebugStringW
 .text          0x000000006ce14a50        0x8 C:/mingw64/bin/../lib/gcc/x86_64-w64-mingw32/8.1.0/../../../../x86_64-w64-mingw32/lib/../lib/libkernel32.a(dqifs00999.o)
                0x000000006ce14a50                MultiByteToWideChar
 .text          0x000000006ce14a58        0x8 C:/mingw64/bin/../lib/gcc/x86_64-w64-mingw32/8.1.0/../../../../x86_64-w64-mingw32/lib/../lib/libkernel32.a(dqifs00957.o)
                0x000000006ce14a58                LoadLibraryW
 .text          0x000000006ce14a60        0x8 C:/mingw64/bin/../lib/gcc/x86_64-w64-mingw32/8.1.0/../../../../x86_64-w64-mingw32/lib/../lib/libkernel32.a(dqifs00951.o)
                0x000000006ce14a60                LeaveCriticalSection
 .text          0x000000006ce14a68        0x8 C:/mingw64/bin/../lib/gcc/x86_64-w64-mingw32/8.1.0/../../../../x86_64-w64-mingw32/lib/../lib/libkernel32.a(dqifs00863.o)
                0x000000006ce14a68                InitializeCriticalSection
 .text          0x000000006ce14a70        0x8 C:/mingw64/bin/../lib/gcc/x86_64-w64-mingw32/8.1.0/../../../../x86_64-w64-mingw32/lib/../lib/libkernel32.a(dqifs00801.o)
                0x000000006ce14a70                GetVolumePathNameW
 .text          0x000000006ce14a78        0x8 C:/mingw64/bin/../lib/gcc/x86_64-w64-mingw32/8.1.0/../../../../x86_64-w64-mingw32/lib/../lib/libkernel32.a(dqifs00799.o)
                0x000000006ce14a78                GetVolumeNameForVolumeMountPointW
 .text          0x000000006ce14a80        0x8 C:/mingw64/bin/../lib/gcc/x86_64-w64-mingw32/8.1.0/../../../../x86_64-w64-mingw32/lib/../lib/libkernel32.a(dqifs00774.o)
                0x000000006ce14a80                GetTickCount
 .text          0x000000006ce14a88        0x8 C:/mingw64/bin/../lib/gcc/x86_64-w64-mingw32/8.1.0/../../../../x86_64-w64-mingw32/lib/../lib/libkernel32.a(dqifs00746.o)
                0x000000006ce14a88                GetSystemTimeAsFileTime
 .text          0x000000006ce14a90        0x8 C:/mingw64/bin/../lib/gcc/x86_64-w64-mingw32/8.1.0/../../../../x86_64-w64-mingw32/lib/../lib/libkernel32.a(dqifs00689.o)
                0x000000006ce14a90                GetProcAddress
 .text          0x000000006ce14a98        0x8 C:/mingw64/bin/../lib/gcc/x86_64-w64-mingw32/8.1.0/../../../../x86_64-w64-mingw32/lib/../lib/libkernel32.a(dqifs00686.o)
                0x000000006ce14a98                GetPrivateProfileStringW
 .text          0x000000006ce14aa0        0x8 C:/mingw64/bin/../lib/gcc/x86_64-w64-mingw32/8.1.0/../../../../x86_64-w64-mingw32/lib/../lib/libkernel32.a(dqifs00680.o)
                0x000000006ce14aa0                GetPrivateProfileIntW
 .text          0x000000006ce14aa8        0x8 C:/mingw64/bin/../lib/gcc/x86_64-w64-mingw32/8.1.0/../../../../x86_64-w64-mingw32/lib/../lib/libkernel32.a(dqifs00629.o)
                0x000000006ce14aa8                GetModuleFileNameW
 .text          0x000000006ce14ab0        0x8 C:/mingw64/bin/../lib/gcc/x86_64-w64-mingw32/8.1.0/../../../../x86_64-w64-mingw32/lib/../lib/libkernel32.a(dqifs00609.o)
                0x000000006ce14ab0                GetLastError
 .text          0x000000006ce14ab8        0x8 C:/mingw64/bin/../lib/gcc/x86_64-w64-mingw32/8.1.0/../../../../x86_64-w64-mingw32/lib/../lib/libkernel32.a(dqifs00583.o)
                0x000000006ce14ab8                GetFileAttributesW
 .text          0x000000006ce14ac0        0x8 C:/mingw64/bin/../lib/gcc/x86_64-w64-mingw32/8.1.0/../../../../x86_64-w64-mingw32/lib/../lib/libkernel32.a(dqifs00554.o)
                0x000000006ce14ac0                GetDiskFreeSpaceExW
 .text          0x000000006ce14ac8        0x8 C:/mingw64/bin/../lib/gcc/x86_64-w64-mingw32/8.1.0/../../../../x86_64-w64-mingw32/lib/../lib/libkernel32.a(dqifs00540.o)
                0x000000006ce14ac8                GetCurrentThreadId
 .text          0x000000006ce14ad0        0x8 C:/mingw64/bin/../lib/gcc/x86_64-w64-mingw32/8.1.0/../../../../x86_64-w64-mingw32/lib/../lib/libkernel32.a(dqifs00536.o)
                0x000000006ce14ad0                GetCurrentProcessId
 .text          0x000000006ce14ad8        0x8 C:/mingw64/bin/../lib/gcc/x86_64-w64-mingw32/8.1.0/../../../../x86_64-w64-mingw32/lib/../lib/libkernel32.a(dqifs00535.o)
                0x000000006ce14ad8                GetCurrentProcess
 .text          0x000000006ce14ae0        0x8 C:/mingw64/bin/../lib/gcc/x86_64-w64-mingw32/8.1.0/../../../../x86_64-w64-mingw32/lib/../lib/libkernel32.a(dqifs00427.o)
                0x000000006ce14ae0                FreeLibrary
 .text          0x000000006ce14ae8        0x8 C:/mingw64/bin/../lib/gcc/x86_64-w64-mingw32/8.1.0/../../../../x86_64-w64-mingw32/lib/../lib/libkernel32.a(dqifs00396.o)
                0x000000006ce14ae8                FindNextFileW
 .text          0x000000006ce14af0        0x8 C:/mingw64/bin/../lib/gcc/x86_64-w64-mingw32/8.1.0/../../../../x86_64-w64-mingw32/lib/../lib/libkernel32.a(dqifs00384.o)
                0x000000006ce14af0                FindFirstFileW
 .text          0x000000006ce14af8        0x8 C:/mingw64/bin/../lib/gcc/x86_64-w64-mingw32/8.1.0/../../../../x86_64-w64-mingw32/lib/../lib/libkernel32.a(dqifs00373.o)
                0x000000006ce14af8                FindClose
 .text          0x000000006ce14b00        0x8 C:/mingw64/bin/../lib/gcc/x86_64-w64-mingw32/8.1.0/../../../../x86_64-w64-mingw32/lib/../lib/libkernel32.a(dqifs00362.o)
                0x000000006ce14b00                FileTimeToSystemTime
 .text          0x000000006ce14b08        0x8 C:/mingw64/bin/../lib/gcc/x86_64-w64-mingw32/8.1.0/../../../../x86_64-w64-mingw32/lib/../lib/libkernel32.a(dqifs00304.o)
                0x000000006ce14b08                EnterCriticalSection
 .text          0x000000006ce14b10        0x8 C:/mingw64/bin/../lib/gcc/x86_64-w64-mingw32/8.1.0/../../../../x86_64-w64-mingw32/lib/../lib/libkernel32.a(dqifs00268.o)
                0x000000006ce14b10                DeleteCriticalSection
 .text          0x000000006ce14b18        0x8 C:/mingw64/bin/../lib/gcc/x86_64-w64-mingw32/8.1.0/../../../../x86_64-w64-mingw32/lib/../lib/libkernel32.a(dqifs00231.o)
                0x000000006ce14b18                CreateSemaphoreW
 .text          0x000000006ce14b20        0x8 C:/mingw64/bin/../lib/gcc/x86_64-w64-mingw32/8.1.0/../../../../x86_64-w64-mingw32/lib/../lib/libkernel32.a(dqifs00199.o)
                0x000000006ce14b20                CreateFileW
 .text          0x000000006ce14b28        0x8 C:/mingw64/bin/../lib/gcc/x86_64-w64-mingw32/8.1.0/../../../../x86_64-w64-mingw32/lib/../lib/libkernel32.a(dqifs00183.o)
                0x000000006ce14b28                CreateDirectoryW
 .text          0x000000006ce14b30        0x8 C:/mingw64/bin/../lib/gcc/x86_64-w64-mingw32/8.1.0/../../../../x86_64-w64-mingw32/lib/../lib/libkernel32.a(dqifs00130.o)
                0x000000006ce14b30                CloseHandle
 *fill*         0x000000006ce14b38        0x8 
 .text          0x000000006ce14b40        0x0 C:/mingw64/bin/../lib/gcc/x86_64-w64-mingw32/8.1.0/../../../../x86_64-w64-mingw32/lib/../lib/libkernel32.a(dqifh.o)
 .text          0x000000006ce14b40        0x0 C:/mingw64/bin/../lib/gcc/x86_64-w64-mingw32/8.1.0/../../../../x86_64-w64-mingw32/lib/../lib/libkernel32.a(dqift.o)
 .text          0x000000006ce14b40       0x30 C:/mingw64/bin/../lib/gcc/x86_64-w64-mingw32/8.1.0/../../../../x86_64-w64-mingw32/lib/../lib/libmingw32.a(lib64_libmingw32_a-tlsmthread.o)
                0x000000006ce14b40                __mingwthr_remove_key_dtor
                0x000000006ce14b50                __mingwthr_key_dtor
 .text          0x000000006ce14b70        0x0 C:/mingw64/bin/../lib/gcc/x86_64-w64-mingw32/8.1.0/crtend.o
 *(SORT_BY_NAME(.text$*))
 .text$_Z10swprintf_sILy32EEiRAT__wPKwz
                0x000000006ce14b70       0x30 Common__EpgTimerUtil.cpp.obj
                0x000000006ce14b70                int swprintf_s<32ull>(wchar_t (&) [32ull], wchar_t const*, ...)
 .text$_Z17lower_bound_firstIN9__gnu_cxx17__normal_iteratorIPSt4pairIt8CPMTUtilESt6vectorIS4_SaIS4_EEEEtET_SA_SA_RKT0_
                0x000000006ce14ba0       0x40 BonCtrl__ServiceFilter.cpp.obj
                0x000000006ce14ba0                __gnu_cxx::__normal_iterator<std::pair<unsigned short, CPMTUtil>*, std::vector<std::pair<unsigned short, CPMTUtil>, std::allocator<std::pair<unsigned short, CPMTUtil> > > > lower_bound_first<__gnu_cxx::__normal_iterator<std::pair<unsigned short, CPMTUtil>*, std::vector<std::pair<unsigned short, CPMTUtil>, std::allocator<std::pair<unsigned short, CPMTUtil> > > >, unsigned short>(__gnu_cxx::__normal_iterator<std::pair<unsigned short, CPMTUtil>*, std::vector<std::pair<unsigned short, CPMTUtil>, std::allocator<std::pair<unsigned short, CPMTUtil> > > >, __gnu_cxx::__normal_iterator<std::pair<unsigned short, CPMTUtil>*, std::vector<std::pair<unsigned short, CPMTUtil>, std::allocator<std::pair<unsigned short, CPMTUtil> > > >, unsigned short const&)
 .text$_Z26AddDebugLogFormatNoNewlinePKwz
                0x000000006ce14be0       0x70 BonCtrl__CATUtil.cpp.obj
                0x000000006ce14be0                AddDebugLogFormatNoNewline(wchar_t const*, ...)
 .text$_ZGTtNKSt13bad_exceptionD1Ev
                0x000000006ce14c50       0x10 C:/mingw64/bin/../lib/gcc/x86_64-w64-mingw32/8.1.0\libstdc++.a(eh_exception.o)
                0x000000006ce14c50                transaction clone for std::bad_exception::~bad_exception() const
 .text$_ZGTtNKSt9exceptionD1Ev
                0x000000006ce14c60       0x10 C:/mingw64/bin/../lib/gcc/x86_64-w64-mingw32/8.1.0\libstdc++.a(eh_exception.o)
                0x000000006ce14c60                transaction clone for std::exception::~exception() const
 .text$_ZL15get_ttype_entryP16lsda_header_infoy
                0x000000006ce14c70       0x90 C:/mingw64/bin/../lib/gcc/x86_64-w64-mingw32/8.1.0\libstdc++.a(eh_personality.o)
 .text$_ZL16get_adjusted_ptrPKSt9type_infoS1_PPv
                0x000000006ce14d00       0x60 C:/mingw64/bin/../lib/gcc/x86_64-w64-mingw32/8.1.0\libstdc++.a(eh_personality.o)
 .text$_ZL17parse_lsda_headerP15_Unwind_ContextPKhP16lsda_header_info
                0x000000006ce14d60       0xf0 C:/mingw64/bin/../lib/gcc/x86_64-w64-mingw32/8.1.0\libstdc++.a(eh_personality.o)
 .text$_ZL20check_exception_specP16lsda_header_infoPKSt9type_infoPvx
                0x000000006ce14e50       0x80 C:/mingw64/bin/../lib/gcc/x86_64-w64-mingw32/8.1.0\libstdc++.a(eh_personality.o)
 .text$_ZL21base_of_encoded_valuehP15_Unwind_Context
                0x000000006ce14ed0       0x70 C:/mingw64/bin/../lib/gcc/x86_64-w64-mingw32/8.1.0\libstdc++.a(eh_personality.o)
 .text$_ZL23__gxx_exception_cleanup19_Unwind_Reason_CodeP17_Unwind_Exception
                0x000000006ce14f40       0x40 C:/mingw64/bin/../lib/gcc/x86_64-w64-mingw32/8.1.0\libstdc++.a(eh_throw.o)
 .text$_ZL28read_encoded_value_with_basehyPKhPy
                0x000000006ce14f80      0x160 C:/mingw64/bin/../lib/gcc/x86_64-w64-mingw32/8.1.0\libstdc++.a(eh_personality.o)
 .text$_ZN10__cxxabiv111__terminateEPFvvE
                0x000000006ce150e0       0x40 C:/mingw64/bin/../lib/gcc/x86_64-w64-mingw32/8.1.0\libstdc++.a(eh_terminate.o)
                0x000000006ce150e0                __cxxabiv1::__terminate(void (*)())
 .text$_ZN10__cxxabiv112__unexpectedEPFvvE
                0x000000006ce15120       0x10 C:/mingw64/bin/../lib/gcc/x86_64-w64-mingw32/8.1.0\libstdc++.a(eh_terminate.o)
                0x000000006ce15120                __cxxabiv1::__unexpected(void (*)())
 .text$_ZN10__cxxabiv115__forced_unwindD0Ev
                0x000000006ce15130       0x10 C:/mingw64/bin/../lib/gcc/x86_64-w64-mingw32/8.1.0\libstdc++.a(eh_exception.o)
                0x000000006ce15130                __cxxabiv1::__forced_unwind::~__forced_unwind()
 .text$_ZN10__cxxabiv115__forced_unwindD2Ev
                0x000000006ce15140       0x10 C:/mingw64/bin/../lib/gcc/x86_64-w64-mingw32/8.1.0\libstdc++.a(eh_exception.o)
                0x000000006ce15140                __cxxabiv1::__forced_unwind::~__forced_unwind()
                0x000000006ce15140                __cxxabiv1::__forced_unwind::~__forced_unwind()
 .text$_ZN10__cxxabiv117__class_type_infoD0Ev
                0x000000006ce15150       0x30 C:/mingw64/bin/../lib/gcc/x86_64-w64-mingw32/8.1.0\libstdc++.a(class_type_info.o)
                0x000000006ce15150                __cxxabiv1::__class_type_info::~__class_type_info()
 .text$_ZN10__cxxabiv117__class_type_infoD2Ev
                0x000000006ce15180       0x10 C:/mingw64/bin/../lib/gcc/x86_64-w64-mingw32/8.1.0\libstdc++.a(class_type_info.o)
                0x000000006ce15180                __cxxabiv1::__class_type_info::~__class_type_info()
                0x000000006ce15180                __cxxabiv1::__class_type_info::~__class_type_info()
 .text$_ZN10__cxxabiv119__foreign_exceptionD0Ev
                0x000000006ce15190       0x10 C:/mingw64/bin/../lib/gcc/x86_64-w64-mingw32/8.1.0\libstdc++.a(eh_exception.o)
                0x000000006ce15190                __cxxabiv1::__foreign_exception::~__foreign_exception()
 .text$_ZN10__cxxabiv119__foreign_exceptionD2Ev
                0x000000006ce151a0       0x10 C:/mingw64/bin/../lib/gcc/x86_64-w64-mingw32/8.1.0\libstdc++.a(eh_exception.o)
                0x000000006ce151a0                __cxxabiv1::__foreign_exception::~__foreign_exception()
                0x000000006ce151a0                __cxxabiv1::__foreign_exception::~__foreign_exception()
 .text$_ZN10__cxxabiv120__si_class_type_infoD0Ev
                0x000000006ce151b0       0x30 C:/mingw64/bin/../lib/gcc/x86_64-w64-mingw32/8.1.0\libstdc++.a(si_class_type_info.o)
                0x000000006ce151b0                __cxxabiv1::__si_class_type_info::~__si_class_type_info()
 .text$_ZN10__cxxabiv120__si_class_type_infoD2Ev
                0x000000006ce151e0       0x10 C:/mingw64/bin/../lib/gcc/x86_64-w64-mingw32/8.1.0\libstdc++.a(si_class_type_info.o)
                0x000000006ce151e0                __cxxabiv1::__si_class_type_info::~__si_class_type_info()
                0x000000006ce151e0                __cxxabiv1::__si_class_type_info::~__si_class_type_info()
 .text$_ZN10__cxxabiv1L21__gxx_personality_impEiiyP17_Unwind_ExceptionP15_Unwind_Context
                0x000000006ce151f0      0x5b0 C:/mingw64/bin/../lib/gcc/x86_64-w64-mingw32/8.1.0\libstdc++.a(eh_personality.o)
 .text$_ZN12_GLOBAL__N_14pool4freeEPv.constprop.2
                0x000000006ce157a0      0x170 C:/mingw64/bin/../lib/gcc/x86_64-w64-mingw32/8.1.0\libstdc++.a(eh_alloc.o)
 .text$_ZN12_GLOBAL__N_14pool8allocateEy.constprop.3
                0x000000006ce15910      0x150 C:/mingw64/bin/../lib/gcc/x86_64-w64-mingw32/8.1.0\libstdc++.a(eh_alloc.o)
 .text$_ZN8CCATUtilaSEOS_
                0x000000006ce15a60       0xd0 BonCtrl__ServiceFilter.cpp.obj
                0x000000006ce15a60                CCATUtil::operator=(CCATUtil&&)
 .text$_ZN8CPMTUtilC4EOS_
                0x000000006ce15b30       0xc0 BonCtrl__ServiceFilter.cpp.obj
 .text$_ZN8CPMTUtilaSEOS_
                0x000000006ce15bf0       0xc0 BonCtrl__ServiceFilter.cpp.obj
                0x000000006ce15bf0                CPMTUtil::operator=(CPMTUtil&&)
 .text$_ZN9__gnu_cxx15__concat_size_tEPcyy
                0x000000006ce15cb0       0x90 C:/mingw64/bin/../lib/gcc/x86_64-w64-mingw32/8.1.0\libstdc++.a(snprintf_lite.o)
                0x000000006ce15cb0                __gnu_cxx::__concat_size_t(char*, unsigned long long, unsigned long long)
 .text$_ZN9__gnu_cxx15__snprintf_liteEPcyPKcS0_
                0x000000006ce15d40      0x100 C:/mingw64/bin/../lib/gcc/x86_64-w64-mingw32/8.1.0\libstdc++.a(snprintf_lite.o)
                0x000000006ce15d40                __gnu_cxx::__snprintf_lite(char*, unsigned long long, char const*, char*)
 .text$_ZN9__gnu_cxx24__concurrence_lock_errorD0Ev
                0x000000006ce15e40       0x30 C:/mingw64/bin/../lib/gcc/x86_64-w64-mingw32/8.1.0\libstdc++.a(eh_alloc.o)
                0x000000006ce15e40                __gnu_cxx::__concurrence_lock_error::~__concurrence_lock_error()
 .text$_ZN9__gnu_cxx24__concurrence_lock_errorD1Ev
                0x000000006ce15e70       0x10 C:/mingw64/bin/../lib/gcc/x86_64-w64-mingw32/8.1.0\libstdc++.a(eh_alloc.o)
                0x000000006ce15e70                __gnu_cxx::__concurrence_lock_error::~__concurrence_lock_error()
 .text$_ZN9__gnu_cxx26__concurrence_unlock_errorD0Ev
                0x000000006ce15e80       0x30 C:/mingw64/bin/../lib/gcc/x86_64-w64-mingw32/8.1.0\libstdc++.a(eh_alloc.o)
                0x000000006ce15e80                __gnu_cxx::__concurrence_unlock_error::~__concurrence_unlock_error()
 .text$_ZN9__gnu_cxx26__concurrence_unlock_errorD1Ev
                0x000000006ce15eb0       0x10 C:/mingw64/bin/../lib/gcc/x86_64-w64-mingw32/8.1.0\libstdc++.a(eh_alloc.o)
                0x000000006ce15eb0                __gnu_cxx::__concurrence_unlock_error::~__concurrence_unlock_error()
 .text$_ZN9__gnu_cxx26__throw_insufficient_spaceEPKcS1_
                0x000000006ce15ec0      0x170 C:/mingw64/bin/../lib/gcc/x86_64-w64-mingw32/8.1.0\libstdc++.a(snprintf_lite.o)
                0x000000006ce15ec0                __gnu_cxx::__throw_insufficient_space(char const*, char const*)
 .text$_ZN9__gnu_cxx27__verbose_terminate_handlerEv
                0x000000006ce16030      0x1c0 C:/mingw64/bin/../lib/gcc/x86_64-w64-mingw32/8.1.0\libstdc++.a(vterminate.o)
                0x000000006ce16030                __gnu_cxx::__verbose_terminate_handler()
 .text$_ZN9__gnu_cxx30__throw_concurrence_lock_errorEv
                0x000000006ce161f0       0x30 C:/mingw64/bin/../lib/gcc/x86_64-w64-mingw32/8.1.0\libstdc++.a(eh_alloc.o)
                0x000000006ce161f0                __gnu_cxx::__throw_concurrence_lock_error()
 .text$_ZN9__gnu_cxx32__throw_concurrence_unlock_errorEv
                0x000000006ce16220       0x30 C:/mingw64/bin/../lib/gcc/x86_64-w64-mingw32/8.1.0\libstdc++.a(eh_alloc.o)
                0x000000006ce16220                __gnu_cxx::__throw_concurrence_unlock_error()
 .text$_ZN9__gnu_cxx9__freeresEv
                0x000000006ce16250       0x30 C:/mingw64/bin/../lib/gcc/x86_64-w64-mingw32/8.1.0\libstdc++.a(eh_alloc.o)
                0x000000006ce16250                __gnu_cxx::__freeres()
 .text$_ZN9__gnu_cxxeqIPKcNSt7__cxx1112basic_stringIcSt11char_traitsIcESaIcEEEEEbRKNS_17__normal_iteratorIT_T0_EESE_
                0x000000006ce16280       0x10 C:/mingw64/bin/../lib/gcc/x86_64-w64-mingw32/8.1.0\libstdc++.a(string-inst.o)
                0x000000006ce16280                bool __gnu_cxx::operator==<char const*, std::__cxx11::basic_string<char, std::char_traits<char>, std::allocator<char> > >(__gnu_cxx::__normal_iterator<char const*, std::__cxx11::basic_string<char, std::char_traits<char>, std::allocator<char> > > const&, __gnu_cxx::__normal_iterator<char const*, std::__cxx11::basic_string<char, std::char_traits<char>, std::allocator<char> > > const&)
 .text$_ZN9__gnu_cxxeqIPKcSsEEbRKNS_17__normal_iteratorIT_T0_EES8_
                0x000000006ce16290       0x10 C:/mingw64/bin/../lib/gcc/x86_64-w64-mingw32/8.1.0\libstdc++.a(cow-string-inst.o)
                0x000000006ce16290                bool __gnu_cxx::operator==<char const*, std::string>(__gnu_cxx::__normal_iterator<char const*, std::string> const&, __gnu_cxx::__normal_iterator<char const*, std::string> const&)
 .text$_ZN9__gnu_cxxeqIPcNSt7__cxx1112basic_stringIcSt11char_traitsIcESaIcEEEEEbRKNS_17__normal_iteratorIT_T0_EESD_
                0x000000006ce162a0       0x10 C:/mingw64/bin/../lib/gcc/x86_64-w64-mingw32/8.1.0\libstdc++.a(string-inst.o)
                0x000000006ce162a0                bool __gnu_cxx::operator==<char*, std::__cxx11::basic_string<char, std::char_traits<char>, std::allocator<char> > >(__gnu_cxx::__normal_iterator<char*, std::__cxx11::basic_string<char, std::char_traits<char>, std::allocator<char> > > const&, __gnu_cxx::__normal_iterator<char*, std::__cxx11::basic_string<char, std::char_traits<char>, std::allocator<char> > > const&)
 .text$_ZN9__gnu_cxxeqIPcSsEEbRKNS_17__normal_iteratorIT_T0_EES7_
                0x000000006ce162b0       0x10 C:/mingw64/bin/../lib/gcc/x86_64-w64-mingw32/8.1.0\libstdc++.a(cow-string-inst.o)
                0x000000006ce162b0                bool __gnu_cxx::operator==<char*, std::string>(__gnu_cxx::__normal_iterator<char*, std::string> const&, __gnu_cxx::__normal_iterator<char*, std::string> const&)
 .text$_ZNK10__cxxabiv117__class_type_info10__do_catchEPKSt9type_infoPPvj
                0x000000006ce162c0       0x50 C:/mingw64/bin/../lib/gcc/x86_64-w64-mingw32/8.1.0\libstdc++.a(class_type_info.o)
                0x000000006ce162c0                __cxxabiv1::__class_type_info::__do_catch(std::type_info const*, void**, unsigned int) const
 .text$_ZNK10__cxxabiv117__class_type_info11__do_upcastEPKS0_PKvRNS0_15__upcast_resultE
                0x000000006ce16310       0x30 C:/mingw64/bin/../lib/gcc/x86_64-w64-mingw32/8.1.0\libstdc++.a(class_type_info.o)
                0x000000006ce16310                __cxxabiv1::__class_type_info::__do_upcast(__cxxabiv1::__class_type_info const*, void const*, __cxxabiv1::__class_type_info::__upcast_result&) const
 .text$_ZNK10__cxxabiv117__class_type_info11__do_upcastEPKS0_PPv
                0x000000006ce16340       0x60 C:/mingw64/bin/../lib/gcc/x86_64-w64-mingw32/8.1.0\libstdc++.a(class_type_info.o)
                0x000000006ce16340                __cxxabiv1::__class_type_info::__do_upcast(__cxxabiv1::__class_type_info const*, void**) const
 .text$_ZNK10__cxxabiv117__class_type_info12__do_dyncastExNS0_10__sub_kindEPKS0_PKvS3_S5_RNS0_16__dyncast_resultE
                0x000000006ce163a0       0x80 C:/mingw64/bin/../lib/gcc/x86_64-w64-mingw32/8.1.0\libstdc++.a(class_type_info.o)
                0x000000006ce163a0                __cxxabiv1::__class_type_info::__do_dyncast(long long, __cxxabiv1::__class_type_info::__sub_kind, __cxxabiv1::__class_type_info const*, void const*, __cxxabiv1::__class_type_info const*, void const*, __cxxabiv1::__class_type_info::__dyncast_result&) const
 .text$_ZNK10__cxxabiv117__class_type_info20__do_find_public_srcExPKvPKS0_S2_
                0x000000006ce16420       0x10 C:/mingw64/bin/../lib/gcc/x86_64-w64-mingw32/8.1.0\libstdc++.a(class_type_info.o)
                0x000000006ce16420                __cxxabiv1::__class_type_info::__do_find_public_src(long long, void const*, __cxxabiv1::__class_type_info const*, void const*) const
 .text$_ZNK10__cxxabiv120__si_class_type_info11__do_upcastEPKNS_17__class_type_infoEPKvRNS1_15__upcast_resultE
                0x000000006ce16430       0x50 C:/mingw64/bin/../lib/gcc/x86_64-w64-mingw32/8.1.0\libstdc++.a(si_class_type_info.o)
                0x000000006ce16430                __cxxabiv1::__si_class_type_info::__do_upcast(__cxxabiv1::__class_type_info const*, void const*, __cxxabiv1::__class_type_info::__upcast_result&) const
 .text$_ZNK10__cxxabiv120__si_class_type_info12__do_dyncastExNS_17__class_type_info10__sub_kindEPKS1_PKvS4_S6_RNS1_16__dyncast_resultE
                0x000000006ce16480      0x100 C:/mingw64/bin/../lib/gcc/x86_64-w64-mingw32/8.1.0\libstdc++.a(si_class_type_info.o)
                0x000000006ce16480                __cxxabiv1::__si_class_type_info::__do_dyncast(long long, __cxxabiv1::__class_type_info::__sub_kind, __cxxabiv1::__class_type_info const*, void const*, __cxxabiv1::__class_type_info const*, void const*, __cxxabiv1::__class_type_info::__dyncast_result&) const
 .text$_ZNK10__cxxabiv120__si_class_type_info20__do_find_public_srcExPKvPKNS_17__class_type_infoES2_
                0x000000006ce16580       0x70 C:/mingw64/bin/../lib/gcc/x86_64-w64-mingw32/8.1.0\libstdc++.a(si_class_type_info.o)
                0x000000006ce16580                __cxxabiv1::__si_class_type_info::__do_find_public_src(long long, void const*, __cxxabiv1::__class_type_info const*, void const*) const
 .text$_ZNK11filesystem_4path11is_absoluteEv
                0x000000006ce165f0       0x30 Common__PathUtil.cpp.obj
                0x000000006ce165f0                filesystem_::path::is_absolute() const
 .text$_ZNK11filesystem_4path13has_root_nameEv
                0x000000006ce16620       0x40 Common__PathUtil.cpp.obj
                0x000000006ce16620                filesystem_::path::has_root_name() const
 .text$_ZNK11filesystem_4path18has_root_directoryEv
                0x000000006ce16660       0x40 Common__PathUtil.cpp.obj
                0x000000006ce16660                filesystem_::path::has_root_directory() const
 .text$_ZNK16CInstanceManagerI10CWriteMainE4findEm
                0x000000006ce166a0       0xc0 Write_OneService.cpp.obj
                0x000000006ce166a0                CInstanceManager<CWriteMain>::find(unsigned long) const
 .text$_ZNK9__gnu_cxx24__concurrence_lock_error4whatEv
                0x000000006ce16760       0x10 C:/mingw64/bin/../lib/gcc/x86_64-w64-mingw32/8.1.0\libstdc++.a(eh_alloc.o)
                0x000000006ce16760                __gnu_cxx::__concurrence_lock_error::what() const
 .text$_ZNK9__gnu_cxx26__concurrence_unlock_error4whatEv
                0x000000006ce16770       0x10 C:/mingw64/bin/../lib/gcc/x86_64-w64-mingw32/8.1.0\libstdc++.a(eh_alloc.o)
                0x000000006ce16770                __gnu_cxx::__concurrence_unlock_error::what() const
 .text$_ZNKSs11_M_disjunctEPKc
                0x000000006ce16780       0x20 C:/mingw64/bin/../lib/gcc/x86_64-w64-mingw32/8.1.0\libstdc++.a(cow-string-inst.o)
                0x000000006ce16780                std::string::_M_disjunct(char const*) const
 .text$_ZNKSs12find_last_ofEPKcy
                0x000000006ce167a0       0x30 C:/mingw64/bin/../lib/gcc/x86_64-w64-mingw32/8.1.0\libstdc++.a(cow-string-inst.o)
                0x000000006ce167a0                std::string::find_last_of(char const*, unsigned long long) const
 .text$_ZNKSs12find_last_ofEPKcyy
                0x000000006ce167d0       0x80 C:/mingw64/bin/../lib/gcc/x86_64-w64-mingw32/8.1.0\libstdc++.a(cow-string-inst.o)
                0x000000006ce167d0                std::string::find_last_of(char const*, unsigned long long, unsigned long long) const
 .text$_ZNKSs12find_last_ofERKSsy
                0x000000006ce16850       0x10 C:/mingw64/bin/../lib/gcc/x86_64-w64-mingw32/8.1.0\libstdc++.a(cow-string-inst.o)
                0x000000006ce16850                std::string::find_last_of(std::string const&, unsigned long long) const
 .text$_ZNKSs12find_last_ofEcy
                0x000000006ce16860       0x30 C:/mingw64/bin/../lib/gcc/x86_64-w64-mingw32/8.1.0\libstdc++.a(cow-string-inst.o)
                0x000000006ce16860                std::string::find_last_of(char, unsigned long long) const
 .text$_ZNKSs13find_first_ofEPKcy
                0x000000006ce16890       0x30 C:/mingw64/bin/../lib/gcc/x86_64-w64-mingw32/8.1.0\libstdc++.a(cow-string-inst.o)
                0x000000006ce16890                std::string::find_first_of(char const*, unsigned long long) const
 .text$_ZNKSs13find_first_ofEPKcyy
                0x000000006ce168c0       0x80 C:/mingw64/bin/../lib/gcc/x86_64-w64-mingw32/8.1.0\libstdc++.a(cow-string-inst.o)
                0x000000006ce168c0                std::string::find_first_of(char const*, unsigned long long, unsigned long long) const
 .text$_ZNKSs13find_first_ofERKSsy
                0x000000006ce16940       0x10 C:/mingw64/bin/../lib/gcc/x86_64-w64-mingw32/8.1.0\libstdc++.a(cow-string-inst.o)
                0x000000006ce16940                std::string::find_first_of(std::string const&, unsigned long long) const
 .text$_ZNKSs13find_first_ofEcy
                0x000000006ce16950       0x10 C:/mingw64/bin/../lib/gcc/x86_64-w64-mingw32/8.1.0\libstdc++.a(cow-string-inst.o)
                0x000000006ce16950                std::string::find_first_of(char, unsigned long long) const
 .text$_ZNKSs13get_allocatorEv
                0x000000006ce16960       0x10 C:/mingw64/bin/../lib/gcc/x86_64-w64-mingw32/8.1.0\libstdc++.a(cow-string-inst.o)
                0x000000006ce16960                std::string::get_allocator() const
 .text$_ZNKSs15_M_check_lengthEyyPKc
                0x000000006ce16970       0x30 C:/mingw64/bin/../lib/gcc/x86_64-w64-mingw32/8.1.0\libstdc++.a(cow-string-inst.o)
                0x000000006ce16970                std::string::_M_check_length(unsigned long long, unsigned long long, char const*) const
 .text$_ZNKSs16find_last_not_ofEPKcy
                0x000000006ce169a0       0x30 C:/mingw64/bin/../lib/gcc/x86_64-w64-mingw32/8.1.0\libstdc++.a(cow-string-inst.o)
                0x000000006ce169a0                std::string::find_last_not_of(char const*, unsigned long long) const
 .text$_ZNKSs16find_last_not_ofEPKcyy
                0x000000006ce169d0       0x60 C:/mingw64/bin/../lib/gcc/x86_64-w64-mingw32/8.1.0\libstdc++.a(cow-string-inst.o)
                0x000000006ce169d0                std::string::find_last_not_of(char const*, unsigned long long, unsigned long long) const
 .text$_ZNKSs16find_last_not_ofERKSsy
                0x000000006ce16a30       0x10 C:/mingw64/bin/../lib/gcc/x86_64-w64-mingw32/8.1.0\libstdc++.a(cow-string-inst.o)
                0x000000006ce16a30                std::string::find_last_not_of(std::string const&, unsigned long long) const
 .text$_ZNKSs16find_last_not_ofEcy
                0x000000006ce16a40       0x30 C:/mingw64/bin/../lib/gcc/x86_64-w64-mingw32/8.1.0\libstdc++.a(cow-string-inst.o)
                0x000000006ce16a40                std::string::find_last_not_of(char, unsigned long long) const
 .text$_ZNKSs17find_first_not_ofEPKcy
                0x000000006ce16a70       0x30 C:/mingw64/bin/../lib/gcc/x86_64-w64-mingw32/8.1.0\libstdc++.a(cow-string-inst.o)
                0x000000006ce16a70                std::string::find_first_not_of(char const*, unsigned long long) const
 .text$_ZNKSs17find_first_not_ofEPKcyy
                0x000000006ce16aa0       0x80 C:/mingw64/bin/../lib/gcc/x86_64-w64-mingw32/8.1.0\libstdc++.a(cow-string-inst.o)
                0x000000006ce16aa0                std::string::find_first_not_of(char const*, unsigned long long, unsigned long long) const
 .text$_ZNKSs17find_first_not_ofERKSsy
                0x000000006ce16b20       0x10 C:/mingw64/bin/../lib/gcc/x86_64-w64-mingw32/8.1.0\libstdc++.a(cow-string-inst.o)
                0x000000006ce16b20                std::string::find_first_not_of(std::string const&, unsigned long long) const
 .text$_ZNKSs17find_first_not_ofEcy
                0x000000006ce16b30       0x50 C:/mingw64/bin/../lib/gcc/x86_64-w64-mingw32/8.1.0\libstdc++.a(cow-string-inst.o)
                0x000000006ce16b30                std::string::find_first_not_of(char, unsigned long long) const
 .text$_ZNKSs2atEy
                0x000000006ce16b80       0x30 C:/mingw64/bin/../lib/gcc/x86_64-w64-mingw32/8.1.0\libstdc++.a(cow-string-inst.o)
                0x000000006ce16b80                std::string::at(unsigned long long) const
 .text$_ZNKSs3endEv
                0x000000006ce16bb0       0x10 C:/mingw64/bin/../lib/gcc/x86_64-w64-mingw32/8.1.0\libstdc++.a(cow-string-inst.o)
                0x000000006ce16bb0                std::string::end() const
 .text$_ZNKSs4_Rep12_M_is_leakedEv
                0x000000006ce16bc0       0x10 C:/mingw64/bin/../lib/gcc/x86_64-w64-mingw32/8.1.0\libstdc++.a(cow-string-inst.o)
                0x000000006ce16bc0                std::string::_Rep::_M_is_leaked() const
 .text$_ZNKSs4_Rep12_M_is_sharedEv
                0x000000006ce16bd0       0x10 C:/mingw64/bin/../lib/gcc/x86_64-w64-mingw32/8.1.0\libstdc++.a(cow-string-inst.o)
                0x000000006ce16bd0                std::string::_Rep::_M_is_shared() const
 .text$_ZNKSs4backEv
                0x000000006ce16be0       0x10 C:/mingw64/bin/../lib/gcc/x86_64-w64-mingw32/8.1.0\libstdc++.a(cow-string-inst.o)
                0x000000006ce16be0                std::string::back() const
 .text$_ZNKSs4cendEv
                0x000000006ce16bf0       0x10 C:/mingw64/bin/../lib/gcc/x86_64-w64-mingw32/8.1.0\libstdc++.a(cow-string-inst.o)
                0x000000006ce16bf0                std::string::cend() const
 .text$_ZNKSs4copyEPcyy
                0x000000006ce16c00       0x70 C:/mingw64/bin/../lib/gcc/x86_64-w64-mingw32/8.1.0\libstdc++.a(cow-string-inst.o)
                0x000000006ce16c00                std::string::copy(char*, unsigned long long, unsigned long long) const
 .text$_ZNKSs4dataEv
                0x000000006ce16c70       0x10 C:/mingw64/bin/../lib/gcc/x86_64-w64-mingw32/8.1.0\libstdc++.a(cow-string-inst.o)
                0x000000006ce16c70                std::string::data() const
 .text$_ZNKSs4findEPKcy
                0x000000006ce16c80       0x30 C:/mingw64/bin/../lib/gcc/x86_64-w64-mingw32/8.1.0\libstdc++.a(cow-string-inst.o)
                0x000000006ce16c80                std::string::find(char const*, unsigned long long) const
 .text$_ZNKSs4findEPKcyy
                0x000000006ce16cb0       0xd0 C:/mingw64/bin/../lib/gcc/x86_64-w64-mingw32/8.1.0\libstdc++.a(cow-string-inst.o)
                0x000000006ce16cb0                std::string::find(char const*, unsigned long long, unsigned long long) const
 .text$_ZNKSs4findERKSsy
                0x000000006ce16d80       0x10 C:/mingw64/bin/../lib/gcc/x86_64-w64-mingw32/8.1.0\libstdc++.a(cow-string-inst.o)
                0x000000006ce16d80                std::string::find(std::string const&, unsigned long long) const
 .text$_ZNKSs4findEcy
                0x000000006ce16d90       0x50 C:/mingw64/bin/../lib/gcc/x86_64-w64-mingw32/8.1.0\libstdc++.a(cow-string-inst.o)
                0x000000006ce16d90                std::string::find(char, unsigned long long) const
 .text$_ZNKSs4rendEv
                0x000000006ce16de0       0x10 C:/mingw64/bin/../lib/gcc/x86_64-w64-mingw32/8.1.0\libstdc++.a(cow-string-inst.o)
                0x000000006ce16de0                std::string::rend() const
 .text$_ZNKSs4sizeEv
                0x000000006ce16df0       0x10 C:/mingw64/bin/../lib/gcc/x86_64-w64-mingw32/8.1.0\libstdc++.a(cow-string-inst.o)
                0x000000006ce16df0                std::string::size() const
 .text$_ZNKSs5beginEv
                0x000000006ce16e00       0x10 C:/mingw64/bin/../lib/gcc/x86_64-w64-mingw32/8.1.0\libstdc++.a(cow-string-inst.o)
                0x000000006ce16e00                std::string::begin() const
 .text$_ZNKSs5c_strEv
                0x000000006ce16e10       0x10 C:/mingw64/bin/../lib/gcc/x86_64-w64-mingw32/8.1.0\libstdc++.a(cow-string-inst.o)
                0x000000006ce16e10                std::string::c_str() const
 .text$_ZNKSs5crendEv
                0x000000006ce16e20       0x10 C:/mingw64/bin/../lib/gcc/x86_64-w64-mingw32/8.1.0\libstdc++.a(cow-string-inst.o)
                0x000000006ce16e20                std::string::crend() const
 .text$_ZNKSs5emptyEv
                0x000000006ce16e30       0x10 C:/mingw64/bin/../lib/gcc/x86_64-w64-mingw32/8.1.0\libstdc++.a(cow-string-inst.o)
                0x000000006ce16e30                std::string::empty() const
 .text$_ZNKSs5frontEv
                0x000000006ce16e40       0x10 C:/mingw64/bin/../lib/gcc/x86_64-w64-mingw32/8.1.0\libstdc++.a(cow-string-inst.o)
                0x000000006ce16e40                std::string::front() const
 .text$_ZNKSs5rfindEPKcy
                0x000000006ce16e50       0x30 C:/mingw64/bin/../lib/gcc/x86_64-w64-mingw32/8.1.0\libstdc++.a(cow-string-inst.o)
                0x000000006ce16e50                std::string::rfind(char const*, unsigned long long) const
 .text$_ZNKSs5rfindEPKcyy
                0x000000006ce16e80       0x70 C:/mingw64/bin/../lib/gcc/x86_64-w64-mingw32/8.1.0\libstdc++.a(cow-string-inst.o)
                0x000000006ce16e80                std::string::rfind(char const*, unsigned long long, unsigned long long) const
 .text$_ZNKSs5rfindERKSsy
                0x000000006ce16ef0       0x10 C:/mingw64/bin/../lib/gcc/x86_64-w64-mingw32/8.1.0\libstdc++.a(cow-string-inst.o)
                0x000000006ce16ef0                std::string::rfind(std::string const&, unsigned long long) const
 .text$_ZNKSs5rfindEcy
                0x000000006ce16f00       0x30 C:/mingw64/bin/../lib/gcc/x86_64-w64-mingw32/8.1.0\libstdc++.a(cow-string-inst.o)
                0x000000006ce16f00                std::string::rfind(char, unsigned long long) const
 .text$_ZNKSs6_M_repEv
                0x000000006ce16f30       0x10 C:/mingw64/bin/../lib/gcc/x86_64-w64-mingw32/8.1.0\libstdc++.a(cow-string-inst.o)
                0x000000006ce16f30                std::string::_M_rep() const
 .text$_ZNKSs6cbeginEv
                0x000000006ce16f40       0x10 C:/mingw64/bin/../lib/gcc/x86_64-w64-mingw32/8.1.0\libstdc++.a(cow-string-inst.o)
                0x000000006ce16f40                std::string::cbegin() const
 .text$_ZNKSs6lengthEv
                0x000000006ce16f50       0x10 C:/mingw64/bin/../lib/gcc/x86_64-w64-mingw32/8.1.0\libstdc++.a(cow-string-inst.o)
                0x000000006ce16f50                std::string::length() const
 .text$_ZNKSs6rbeginEv
                0x000000006ce16f60       0x10 C:/mingw64/bin/../lib/gcc/x86_64-w64-mingw32/8.1.0\libstdc++.a(cow-string-inst.o)
                0x000000006ce16f60                std::string::rbegin() const
 .text$_ZNKSs6substrEyy
                0x000000006ce16f70       0x40 C:/mingw64/bin/../lib/gcc/x86_64-w64-mingw32/8.1.0\libstdc++.a(cow-string-inst.o)
                0x000000006ce16f70                std::string::substr(unsigned long long, unsigned long long) const
 .text$_ZNKSs7_M_dataEv
                0x000000006ce16fb0       0x10 C:/mingw64/bin/../lib/gcc/x86_64-w64-mingw32/8.1.0\libstdc++.a(cow-string-inst.o)
                0x000000006ce16fb0                std::string::_M_data() const
 .text$_ZNKSs7_M_iendEv
                0x000000006ce16fc0       0x10 C:/mingw64/bin/../lib/gcc/x86_64-w64-mingw32/8.1.0\libstdc++.a(cow-string-inst.o)
                0x000000006ce16fc0                std::string::_M_iend() const
 .text$_ZNKSs7compareEPKc
                0x000000006ce16fd0       0x70 C:/mingw64/bin/../lib/gcc/x86_64-w64-mingw32/8.1.0\libstdc++.a(cow-string-inst.o)
                0x000000006ce16fd0                std::string::compare(char const*) const
 .text$_ZNKSs7compareERKSs
                0x000000006ce17040       0x60 C:/mingw64/bin/../lib/gcc/x86_64-w64-mingw32/8.1.0\libstdc++.a(cow-string-inst.o)
                0x000000006ce17040                std::string::compare(std::string const&) const
 .text$_ZNKSs7compareEyyPKc
                0x000000006ce170a0       0xa0 C:/mingw64/bin/../lib/gcc/x86_64-w64-mingw32/8.1.0\libstdc++.a(cow-string-inst.o)
                0x000000006ce170a0                std::string::compare(unsigned long long, unsigned long long, char const*) const
 .text$_ZNKSs7compareEyyPKcy
                0x000000006ce17140       0x80 C:/mingw64/bin/../lib/gcc/x86_64-w64-mingw32/8.1.0\libstdc++.a(cow-string-inst.o)
                0x000000006ce17140                std::string::compare(unsigned long long, unsigned long long, char const*, unsigned long long) const
 .text$_ZNKSs7compareEyyRKSs
                0x000000006ce171c0       0x80 C:/mingw64/bin/../lib/gcc/x86_64-w64-mingw32/8.1.0\libstdc++.a(cow-string-inst.o)
                0x000000006ce171c0                std::string::compare(unsigned long long, unsigned long long, std::string const&) const
 .text$_ZNKSs7compareEyyRKSsyy
                0x000000006ce17240       0xc0 C:/mingw64/bin/../lib/gcc/x86_64-w64-mingw32/8.1.0\libstdc++.a(cow-string-inst.o)
                0x000000006ce17240                std::string::compare(unsigned long long, unsigned long long, std::string const&, unsigned long long, unsigned long long) const
 .text$_ZNKSs7crbeginEv
                0x000000006ce17300       0x10 C:/mingw64/bin/../lib/gcc/x86_64-w64-mingw32/8.1.0\libstdc++.a(cow-string-inst.o)
                0x000000006ce17300                std::string::crbegin() const
 .text$_ZNKSs8_M_checkEyPKc
                0x000000006ce17310       0x30 C:/mingw64/bin/../lib/gcc/x86_64-w64-mingw32/8.1.0\libstdc++.a(cow-string-inst.o)
                0x000000006ce17310                std::string::_M_check(unsigned long long, char const*) const
 .text$_ZNKSs8_M_limitEyy
                0x000000006ce17340       0x20 C:/mingw64/bin/../lib/gcc/x86_64-w64-mingw32/8.1.0\libstdc++.a(cow-string-inst.o)
                0x000000006ce17340                std::string::_M_limit(unsigned long long, unsigned long long) const
 .text$_ZNKSs8capacityEv
                0x000000006ce17360       0x10 C:/mingw64/bin/../lib/gcc/x86_64-w64-mingw32/8.1.0\libstdc++.a(cow-string-inst.o)
                0x000000006ce17360                std::string::capacity() const
 .text$_ZNKSs8max_sizeEv
                0x000000006ce17370       0x10 C:/mingw64/bin/../lib/gcc/x86_64-w64-mingw32/8.1.0\libstdc++.a(cow-string-inst.o)
                0x000000006ce17370                std::string::max_size() const
 .text$_ZNKSs9_M_ibeginEv
                0x000000006ce17380       0x10 C:/mingw64/bin/../lib/gcc/x86_64-w64-mingw32/8.1.0\libstdc++.a(cow-string-inst.o)
                0x000000006ce17380                std::string::_M_ibegin() const
 .text$_ZNKSsixEy
                0x000000006ce17390       0x10 C:/mingw64/bin/../lib/gcc/x86_64-w64-mingw32/8.1.0\libstdc++.a(cow-string-inst.o)
                0x000000006ce17390                std::string::operator[](unsigned long long) const
 .text$_ZNKSt10bad_typeid4whatEv
                0x000000006ce173a0       0x10 C:/mingw64/bin/../lib/gcc/x86_64-w64-mingw32/8.1.0\libstdc++.a(bad_typeid.o)
                0x000000006ce173a0                std::bad_typeid::what() const
 .text$_ZNKSt11logic_error4whatEv
                0x000000006ce173b0       0x10 C:/mingw64/bin/../lib/gcc/x86_64-w64-mingw32/8.1.0\libstdc++.a(stdexcept.o)
                0x000000006ce173b0                std::logic_error::what() const
 .text$_ZNKSt13bad_exception4whatEv
                0x000000006ce173c0       0x10 C:/mingw64/bin/../lib/gcc/x86_64-w64-mingw32/8.1.0\libstdc++.a(eh_exception.o)
                0x000000006ce173c0                std::bad_exception::what() const
                0x000000006ce173c0                transaction clone for std::bad_exception::what() const
 .text$_ZNKSt13runtime_error4whatEv
                0x000000006ce173d0       0x10 C:/mingw64/bin/../lib/gcc/x86_64-w64-mingw32/8.1.0\libstdc++.a(stdexcept.o)
                0x000000006ce173d0                std::runtime_error::what() const
 .text$_ZNKSt17bad_function_call4whatEv
                0x000000006ce173e0       0x10 C:/mingw64/bin/../lib/gcc/x86_64-w64-mingw32/8.1.0\libstdc++.a(functional.o)
                0x000000006ce173e0                std::bad_function_call::what() const
 .text$_ZNKSt3_V214error_category10_M_messageEi
                0x000000006ce173f0       0xa0 C:/mingw64/bin/../lib/gcc/x86_64-w64-mingw32/8.1.0\libstdc++.a(cow-stdexcept.o)
                0x000000006ce173f0                std::_V2::error_category::_M_message(int) const
 .text$_ZNKSt6vectorIhSaIhEE12_M_check_lenEyPKc
                0x000000006ce17490       0x40 BonCtrl__CreatePATPacket.cpp.obj
                0x000000006ce17490                std::vector<unsigned char, std::allocator<unsigned char> >::_M_check_len(unsigned long long, char const*) const
 .text$_ZNKSt7__cxx1112basic_stringIcSt11char_traitsIcESaIcEE11_M_disjunctEPKc
                0x000000006ce174d0       0x20 C:/mingw64/bin/../lib/gcc/x86_64-w64-mingw32/8.1.0\libstdc++.a(string-inst.o)
                0x000000006ce174d0                std::__cxx11::basic_string<char, std::char_traits<char>, std::allocator<char> >::_M_disjunct(char const*) const
 .text$_ZNKSt7__cxx1112basic_stringIcSt11char_traitsIcESaIcEE11_M_is_localEv
                0x000000006ce174f0       0x10 C:/mingw64/bin/../lib/gcc/x86_64-w64-mingw32/8.1.0\libstdc++.a(string-inst.o)
                0x000000006ce174f0                std::__cxx11::basic_string<char, std::char_traits<char>, std::allocator<char> >::_M_is_local() const
 .text$_ZNKSt7__cxx1112basic_stringIcSt11char_traitsIcESaIcEE12find_last_ofEPKcy
                0x000000006ce17500       0x30 C:/mingw64/bin/../lib/gcc/x86_64-w64-mingw32/8.1.0\libstdc++.a(string-inst.o)
                0x000000006ce17500                std::__cxx11::basic_string<char, std::char_traits<char>, std::allocator<char> >::find_last_of(char const*, unsigned long long) const
 .text$_ZNKSt7__cxx1112basic_stringIcSt11char_traitsIcESaIcEE12find_last_ofEPKcyy
                0x000000006ce17530       0x80 C:/mingw64/bin/../lib/gcc/x86_64-w64-mingw32/8.1.0\libstdc++.a(string-inst.o)
                0x000000006ce17530                std::__cxx11::basic_string<char, std::char_traits<char>, std::allocator<char> >::find_last_of(char const*, unsigned long long, unsigned long long) const
 .text$_ZNKSt7__cxx1112basic_stringIcSt11char_traitsIcESaIcEE12find_last_ofERKS4_y
                0x000000006ce175b0       0x10 C:/mingw64/bin/../lib/gcc/x86_64-w64-mingw32/8.1.0\libstdc++.a(string-inst.o)